<html>
<body>
<pre>
<h1>礦ision Build Log</h1>
<h2>Tool Versions:</h2>
IDE-Version: μVision V5.39.0.0
Copyright (C) 2023 ARM Ltd and ARM Germany GmbH. All rights reserved.
License Information: wcl wxhhjy, wcl, LIC=YA39H-W9C57-RAPDM-XURV4-JSC4C-9XYJZ
 
Tool Versions:
Toolchain:       MDK-ARM Plus  Version: 5.39.0.0
Toolchain Path:  C:\Keil_v5\ARM\ARMCLANG\Bin
C Compiler:      ArmClang.exe V6.21
Assembler:       Armasm.exe V6.21
Linker/Locator:  ArmLink.exe V6.21
Library Manager: ArmAr.exe V6.21
Hex Converter:   FromElf.exe V6.21
CPU DLL:         SARMCM3.DLL V5.39.0.0
Dialog DLL:      DCM.DLL V1.17.5.0
Target DLL:      STLink\ST-LINKIII-KEIL_SWO.dll V3.2.0.0
Dialog DLL:      TCM.DLL V1.56.4.0
 
<h2>Project:</h2>
C:\Users\wxhhjy\Desktop\设建3-1\项目\8KTM-ROS\MDK-ARM\STM32F407VET6.uvprojx
Project File Date:  05/29/2026

<h2>Output:</h2>
*** Using Compiler 'V6.21', folder: 'C:\Keil_v5\ARM\ARMCLANG\Bin'
Rebuild target 'STM32F407VET6'
assembling startup_stm32f407xx.s...
compiling gpio.c...
compiling stm32f4xx_ll_adc.c...
compiling adc.c...
compiling stm32f4xx_hal_rcc.c...
compiling main.c...
compiling tim.c...
compiling stm32f4xx_hal_msp.c...
compiling dma.c...
compiling stm32f4xx_hal_rcc_ex.c...
compiling can.c...
compiling spi.c...
compiling usart.c...
compiling stm32f4xx_it.c...
compiling stm32f4xx_hal_adc_ex.c...
compiling stm32f4xx_hal_adc.c...
compiling stm32f4xx_hal_flash.c...
compiling stm32f4xx_hal_flash_ex.c...
compiling stm32f4xx_hal_flash_ramfunc.c...
compiling stm32f4xx_hal_gpio.c...
compiling stm32f4xx_hal_pwr.c...
compiling stm32f4xx_hal_dma_ex.c...
compiling stm32f4xx_hal_pwr_ex.c...
compiling stm32f4xx_hal_dma.c...
compiling stm32f4xx_hal_cortex.c...
compiling stm32f4xx_hal_exti.c...
compiling stm32f4xx_hal.c...
compiling system_stm32f4xx.c...
compiling stm32f4xx_hal_can.c...
compiling board.c...
compiling stm32f4xx_hal_tim_ex.c...
compiling bsp_hal_gpio.c...
compiling bsp_hal_can.c...
compiling bsp.c...
compiling bsp_lcd_font.c...
compiling stm32f4xx_hal_spi.c...
compiling bsp_hal_uartdma.c...
compiling stm32f4xx_hal_uart.c...
compiling bsp_hal_time_CMPx_BEEP.c...
compiling bsp_hal_adc.c...
compiling bsp_hal_flash.c...
compiling separate_button.c...
compiling bsp_hal_time.c...
compiling bsp_hal_tm1652.c...
compiling stm32f4xx_hal_tim.c...
compiling bsp_hal_st7789.c...
compiling Ramp_Tracker.c...
compiling CheckCalc.c...
compiling Location_Tracker.c...
compiling pid.c...
compiling Speed_Tracker.c...
compiling chassis_function.c...
compiling RecognitionModule.c...
compiling HC_SR04.c...
compiling fifo.c...
compiling CAN_Communication_canconfig.c...
compiling RGB.c...
compiling chassis_LineTracker.c...
compiling CAN_Communication.c...
compiling SLAVE_DCMotorMiniwatt.c...
compiling SLAVE_Tracking.c...
compiling data.c...
compiling thread_led.c...
compiling SLAVE_SteeringEngine_3CH.c...
assembling context_rvds.S...
compiling thread_comm.c...
compiling thread_rccu.c...
compiling components.c...
compiling thread_gui.c...
compiling clock.c...
compiling Servo.c...
compiling cpu.c...
compiling idle.c...
compiling irq.c...
compiling thread_user.c...
compiling ipc.c...
compiling memheap.c...
compiling mempool.c...
compiling mem.c...
compiling thread_sensor.c...
compiling kservice.c...
compiling object.c...
compiling scheduler.c...
compiling slab.c...
compiling timer.c...
compiling finsh_port.c...
compiling cpuport.c...
compiling thread.c...
compiling cmd.c...
compiling msh.c...
compiling shell.c...
compiling SMS_STS.c...
compiling SCSerail.c...
compiling SCS.c...
linking...
Program Size: Code=69664 RO-data=25260 RW-data=172 ZI-data=17644  
FromELF: creating hex file...
"STM32F407VET6\STM32F407VET6.axf" - 0 Error(s), 0 Warning(s).

<h2>Software Packages used:</h2>

Package Vendor: ARM
                http://www.keil.com/pack/ARM.CMSIS.5.9.0.pack
                ARM::CMSIS@5.9.0
                CMSIS (Common Microcontroller Software Interface Standard)
   * Component: CORE Version: 5.6.0

Package Vendor: Keil
                https://www.keil.com/pack/Keil.STM32F4xx_DFP.3.1.1.pack
                Keil::STM32F4xx_DFP@3.1.1
                STMicroelectronics STM32F4 Series Device Support

<h2>Collection of Component include folders:</h2>
  ./RTE/_STM32F407VET6
  C:/Keil_v5/packs/ARM/CMSIS/5.9.0/CMSIS/Core/Include

<h2>Collection of Component Files used:</h2>

   * Component: ARM::CMSIS:CORE@5.6.0
      Include file:  CMSIS/Core/Include/tz_context.h
Build Time Elapsed:  00:00:07
</pre>
</body>
</html>
