<!doctype html public "-//w3c//dtd html 4.0 transitional//en">
<html><head>
<title>Static Call Graph - [STM32F407VET6\STM32F407VET6.axf]</title></head>
<body><HR>
<H1>Static Call Graph for image STM32F407VET6\STM32F407VET6.axf</H1><HR>
<BR><P>#&#060CALLGRAPH&#062# ARM Linker, 5060528: Last Updated: Tue Apr 21 15:22:28 2026
<BR><P>
<H3>Maximum Stack Usage =        372 bytes + Unknown(Functions without stacksize, Cycles, Untraceable Function Pointers)</H3><H3>
Call chain for Maximum Stack Depth:</H3>
HardFault_Handler &rArr; rt_hw_hard_fault_exception &rArr; list_thread &rArr; rt_kprintf &rArr; rt_vsnprintf &rArr; print_number
<P>
<H3>
Functions with no stack information
</H3><UL>
 <LI><a href="#[e3]">__user_initial_stackheap</a>
</UL>
</UL>
<P>
<H3>
Mutually Recursive functions
</H3> <LI><a href="#[e]">SVC_Handler</a>&nbsp;&nbsp;&nbsp;&rArr;&nbsp;&nbsp;&nbsp;<a href="#[e]">SVC_Handler</a><BR>
 <LI><a href="#[24]">ADC_IRQHandler</a>&nbsp;&nbsp;&nbsp;&rArr;&nbsp;&nbsp;&nbsp;<a href="#[24]">ADC_IRQHandler</a><BR>
</UL>
<P>
<H3>
Function Pointers
</H3><UL>
 <LI><a href="#[6b]">ADC_DMAConvCplt</a> from stm32f4xx_hal_adc.o(i.ADC_DMAConvCplt) referenced from stm32f4xx_hal_adc.o(i.HAL_ADC_Start_DMA)
 <LI><a href="#[6d]">ADC_DMAError</a> from stm32f4xx_hal_adc.o(i.ADC_DMAError) referenced from stm32f4xx_hal_adc.o(i.HAL_ADC_Start_DMA)
 <LI><a href="#[6c]">ADC_DMAHalfConvCplt</a> from stm32f4xx_hal_adc.o(i.ADC_DMAHalfConvCplt) referenced from stm32f4xx_hal_adc.o(i.HAL_ADC_Start_DMA)
 <LI><a href="#[24]">ADC_IRQHandler</a> from startup_stm32f407xx.o(.text) referenced from startup_stm32f407xx.o(RESET)
 <LI><a href="#[a2]">AppData_Init</a> from data.o(i.AppData_Init) referenced from data.o(.rti_fn.1)
 <LI><a href="#[a1]">BSP_Init</a> from bsp.o(i.BSP_Init) referenced from bsp.o(.rti_fn.1)
 <LI><a href="#[c]">BusFault_Handler</a> from stm32f4xx_it.o(i.BusFault_Handler) referenced from startup_stm32f407xx.o(RESET)
 <LI><a href="#[26]">CAN1_RX0_IRQHandler</a> from stm32f4xx_it.o(i.CAN1_RX0_IRQHandler) referenced from startup_stm32f407xx.o(RESET)
 <LI><a href="#[27]">CAN1_RX1_IRQHandler</a> from startup_stm32f407xx.o(.text) referenced from startup_stm32f407xx.o(RESET)
 <LI><a href="#[28]">CAN1_SCE_IRQHandler</a> from startup_stm32f407xx.o(.text) referenced from startup_stm32f407xx.o(RESET)
 <LI><a href="#[25]">CAN1_TX_IRQHandler</a> from startup_stm32f407xx.o(.text) referenced from startup_stm32f407xx.o(RESET)
 <LI><a href="#[52]">CAN2_RX0_IRQHandler</a> from stm32f4xx_it.o(i.CAN2_RX0_IRQHandler) referenced from startup_stm32f407xx.o(RESET)
 <LI><a href="#[53]">CAN2_RX1_IRQHandler</a> from startup_stm32f407xx.o(.text) referenced from startup_stm32f407xx.o(RESET)
 <LI><a href="#[54]">CAN2_SCE_IRQHandler</a> from startup_stm32f407xx.o(.text) referenced from startup_stm32f407xx.o(RESET)
 <LI><a href="#[51]">CAN2_TX_IRQHandler</a> from startup_stm32f407xx.o(.text) referenced from startup_stm32f407xx.o(RESET)
 <LI><a href="#[93]">CFFCommand_task</a> from thread_sensor.o(i.CFFCommand_task) referenced from thread_sensor.o(i.Task_Sensor_create)
 <LI><a href="#[60]">DCMI_IRQHandler</a> from startup_stm32f407xx.o(.text) referenced from startup_stm32f407xx.o(RESET)
 <LI><a href="#[1d]">DMA1_Stream0_IRQHandler</a> from startup_stm32f407xx.o(.text) referenced from startup_stm32f407xx.o(RESET)
 <LI><a href="#[1e]">DMA1_Stream1_IRQHandler</a> from stm32f4xx_it.o(i.DMA1_Stream1_IRQHandler) referenced from startup_stm32f407xx.o(RESET)
 <LI><a href="#[1f]">DMA1_Stream2_IRQHandler</a> from stm32f4xx_it.o(i.DMA1_Stream2_IRQHandler) referenced from startup_stm32f407xx.o(RESET)
 <LI><a href="#[20]">DMA1_Stream3_IRQHandler</a> from stm32f4xx_it.o(i.DMA1_Stream3_IRQHandler) referenced from startup_stm32f407xx.o(RESET)
 <LI><a href="#[21]">DMA1_Stream4_IRQHandler</a> from stm32f4xx_it.o(i.DMA1_Stream4_IRQHandler) referenced from startup_stm32f407xx.o(RESET)
 <LI><a href="#[22]">DMA1_Stream5_IRQHandler</a> from stm32f4xx_it.o(i.DMA1_Stream5_IRQHandler) referenced from startup_stm32f407xx.o(RESET)
 <LI><a href="#[23]">DMA1_Stream6_IRQHandler</a> from stm32f4xx_it.o(i.DMA1_Stream6_IRQHandler) referenced from startup_stm32f407xx.o(RESET)
 <LI><a href="#[41]">DMA1_Stream7_IRQHandler</a> from stm32f4xx_it.o(i.DMA1_Stream7_IRQHandler) referenced from startup_stm32f407xx.o(RESET)
 <LI><a href="#[4a]">DMA2_Stream0_IRQHandler</a> from stm32f4xx_it.o(i.DMA2_Stream0_IRQHandler) referenced from startup_stm32f407xx.o(RESET)
 <LI><a href="#[4b]">DMA2_Stream1_IRQHandler</a> from stm32f4xx_it.o(i.DMA2_Stream1_IRQHandler) referenced from startup_stm32f407xx.o(RESET)
 <LI><a href="#[4c]">DMA2_Stream2_IRQHandler</a> from stm32f4xx_it.o(i.DMA2_Stream2_IRQHandler) referenced from startup_stm32f407xx.o(RESET)
 <LI><a href="#[4d]">DMA2_Stream3_IRQHandler</a> from startup_stm32f407xx.o(.text) referenced from startup_stm32f407xx.o(RESET)
 <LI><a href="#[4e]">DMA2_Stream4_IRQHandler</a> from startup_stm32f407xx.o(.text) referenced from startup_stm32f407xx.o(RESET)
 <LI><a href="#[56]">DMA2_Stream5_IRQHandler</a> from stm32f4xx_it.o(i.DMA2_Stream5_IRQHandler) referenced from startup_stm32f407xx.o(RESET)
 <LI><a href="#[57]">DMA2_Stream6_IRQHandler</a> from stm32f4xx_it.o(i.DMA2_Stream6_IRQHandler) referenced from startup_stm32f407xx.o(RESET)
 <LI><a href="#[58]">DMA2_Stream7_IRQHandler</a> from stm32f4xx_it.o(i.DMA2_Stream7_IRQHandler) referenced from startup_stm32f407xx.o(RESET)
 <LI><a href="#[f]">DebugMon_Handler</a> from stm32f4xx_it.o(i.DebugMon_Handler) referenced from startup_stm32f407xx.o(RESET)
 <LI><a href="#[6a]">Display_Window_BUS_ServoSensor</a> from thread_gui.o(i.Display_Window_BUS_ServoSensor) referenced from thread_gui.o(.constdata)
 <LI><a href="#[6a]">Display_Window_BUS_ServoSensor</a> from thread_gui.o(i.Display_Window_BUS_ServoSensor) referenced from thread_gui.o(i.Display_Window_Clear)
 <LI><a href="#[98]">Display_Window_Clear</a> from thread_gui.o(i.Display_Window_Clear) referenced from thread_gui.o(.constdata)
 <LI><a href="#[98]">Display_Window_Clear</a> from thread_gui.o(i.Display_Window_Clear) referenced from thread_gui.o(i.XferExternalKey1_Handler)
 <LI><a href="#[65]">Display_Window_DCBrushMotor</a> from thread_gui.o(i.Display_Window_DCBrushMotor) referenced from thread_gui.o(.constdata)
 <LI><a href="#[65]">Display_Window_DCBrushMotor</a> from thread_gui.o(i.Display_Window_DCBrushMotor) referenced from thread_gui.o(i.DCMotor_Ctrl_Scan)
 <LI><a href="#[65]">Display_Window_DCBrushMotor</a> from thread_gui.o(i.Display_Window_DCBrushMotor) referenced from thread_gui.o(i.Display_ChangeData)
 <LI><a href="#[65]">Display_Window_DCBrushMotor</a> from thread_gui.o(i.Display_Window_DCBrushMotor) referenced from thread_gui.o(i.Display_NewLine)
 <LI><a href="#[65]">Display_Window_DCBrushMotor</a> from thread_gui.o(i.Display_Window_DCBrushMotor) referenced from thread_gui.o(i.Display_Window_Clear)
 <LI><a href="#[67]">Display_Window_EncoderCalibrating</a> from thread_gui.o(i.Display_Window_EncoderCalibrating) referenced from thread_gui.o(.constdata)
 <LI><a href="#[67]">Display_Window_EncoderCalibrating</a> from thread_gui.o(i.Display_Window_EncoderCalibrating) referenced from thread_gui.o(i.Display_Window_Clear)
 <LI><a href="#[69]">Display_Window_JY62_MPU6050Sensor</a> from thread_gui.o(i.Display_Window_JY62_MPU6050Sensor) referenced from thread_gui.o(.constdata)
 <LI><a href="#[69]">Display_Window_JY62_MPU6050Sensor</a> from thread_gui.o(i.Display_Window_JY62_MPU6050Sensor) referenced from thread_gui.o(i.Display_Window_Clear)
 <LI><a href="#[97]">Display_Window_StartPage</a> from thread_gui.o(i.Display_Window_StartPage) referenced from thread_gui.o(.constdata)
 <LI><a href="#[97]">Display_Window_StartPage</a> from thread_gui.o(i.Display_Window_StartPage) referenced from thread_gui.o(i.XferExternalKey1_Handler)
 <LI><a href="#[66]">Display_Window_TrackingSensorBool</a> from thread_gui.o(i.Display_Window_TrackingSensorBool) referenced from thread_gui.o(.constdata)
 <LI><a href="#[66]">Display_Window_TrackingSensorBool</a> from thread_gui.o(i.Display_Window_TrackingSensorBool) referenced from thread_gui.o(i.Display_ENTER)
 <LI><a href="#[66]">Display_Window_TrackingSensorBool</a> from thread_gui.o(i.Display_Window_TrackingSensorBool) referenced from thread_gui.o(i.Display_NewLine)
 <LI><a href="#[66]">Display_Window_TrackingSensorBool</a> from thread_gui.o(i.Display_Window_TrackingSensorBool) referenced from thread_gui.o(i.Display_Window_Clear)
 <LI><a href="#[68]">Display_Window_UltrasonicSensor</a> from thread_gui.o(i.Display_Window_UltrasonicSensor) referenced from thread_gui.o(.constdata)
 <LI><a href="#[68]">Display_Window_UltrasonicSensor</a> from thread_gui.o(i.Display_Window_UltrasonicSensor) referenced from thread_gui.o(i.Display_Window_Clear)
 <LI><a href="#[4f]">ETH_IRQHandler</a> from startup_stm32f407xx.o(.text) referenced from startup_stm32f407xx.o(RESET)
 <LI><a href="#[50]">ETH_WKUP_IRQHandler</a> from startup_stm32f407xx.o(.text) referenced from startup_stm32f407xx.o(RESET)
 <LI><a href="#[18]">EXTI0_IRQHandler</a> from startup_stm32f407xx.o(.text) referenced from startup_stm32f407xx.o(RESET)
 <LI><a href="#[3a]">EXTI15_10_IRQHandler</a> from stm32f4xx_it.o(i.EXTI15_10_IRQHandler) referenced from startup_stm32f407xx.o(RESET)
 <LI><a href="#[19]">EXTI1_IRQHandler</a> from startup_stm32f407xx.o(.text) referenced from startup_stm32f407xx.o(RESET)
 <LI><a href="#[1a]">EXTI2_IRQHandler</a> from startup_stm32f407xx.o(.text) referenced from startup_stm32f407xx.o(RESET)
 <LI><a href="#[1b]">EXTI3_IRQHandler</a> from startup_stm32f407xx.o(.text) referenced from startup_stm32f407xx.o(RESET)
 <LI><a href="#[1c]">EXTI4_IRQHandler</a> from startup_stm32f407xx.o(.text) referenced from startup_stm32f407xx.o(RESET)
 <LI><a href="#[29]">EXTI9_5_IRQHandler</a> from startup_stm32f407xx.o(.text) referenced from startup_stm32f407xx.o(RESET)
 <LI><a href="#[82]">EXTI_Callback</a> from thread_comm.o(i.EXTI_Callback) referenced from thread_comm.o(i.Task_COMM_create)
 <LI><a href="#[7b]">Echo1_read</a> from bsp_hal_gpio.o(i.Echo1_read) referenced from thread_comm.o(i.Task_COMM_create)
 <LI><a href="#[7d]">Echo2_read</a> from bsp_hal_gpio.o(i.Echo2_read) referenced from thread_comm.o(i.Task_COMM_create)
 <LI><a href="#[7f]">Echo3_read</a> from bsp_hal_gpio.o(i.Echo3_read) referenced from thread_comm.o(i.Task_COMM_create)
 <LI><a href="#[81]">Echo4_read</a> from bsp_hal_gpio.o(i.Echo4_read) referenced from thread_comm.o(i.Task_COMM_create)
 <LI><a href="#[16]">FLASH_IRQHandler</a> from startup_stm32f407xx.o(.text) referenced from startup_stm32f407xx.o(RESET)
 <LI><a href="#[42]">FMC_IRQHandler</a> from startup_stm32f407xx.o(.text) referenced from startup_stm32f407xx.o(RESET)
 <LI><a href="#[62]">FPU_IRQHandler</a> from startup_stm32f407xx.o(.text) referenced from startup_stm32f407xx.o(RESET)
 <LI><a href="#[61]">HASH_RNG_IRQHandler</a> from startup_stm32f407xx.o(.text) referenced from startup_stm32f407xx.o(RESET)
 <LI><a href="#[a]">HardFault_Handler</a> from context_rvds.o(.text) referenced from startup_stm32f407xx.o(RESET)
 <LI><a href="#[32]">I2C1_ER_IRQHandler</a> from startup_stm32f407xx.o(.text) referenced from startup_stm32f407xx.o(RESET)
 <LI><a href="#[31]">I2C1_EV_IRQHandler</a> from startup_stm32f407xx.o(.text) referenced from startup_stm32f407xx.o(RESET)
 <LI><a href="#[34]">I2C2_ER_IRQHandler</a> from startup_stm32f407xx.o(.text) referenced from startup_stm32f407xx.o(RESET)
 <LI><a href="#[33]">I2C2_EV_IRQHandler</a> from startup_stm32f407xx.o(.text) referenced from startup_stm32f407xx.o(RESET)
 <LI><a href="#[5b]">I2C3_ER_IRQHandler</a> from startup_stm32f407xx.o(.text) referenced from startup_stm32f407xx.o(RESET)
 <LI><a href="#[5a]">I2C3_EV_IRQHandler</a> from startup_stm32f407xx.o(.text) referenced from startup_stm32f407xx.o(RESET)
 <LI><a href="#[86]">KEY_1</a> from bsp_hal_gpio.o(i.KEY_1) referenced from thread_gui.o(i.Task_GUI_create)
 <LI><a href="#[87]">KEY_2</a> from bsp_hal_gpio.o(i.KEY_2) referenced from thread_gui.o(i.Task_GUI_create)
 <LI><a href="#[88]">KEY_3</a> from bsp_hal_gpio.o(i.KEY_3) referenced from thread_gui.o(i.Task_GUI_create)
 <LI><a href="#[89]">KEY_4</a> from bsp_hal_gpio.o(i.KEY_4) referenced from thread_gui.o(i.Task_GUI_create)
 <LI><a href="#[8a]">KEY_5</a> from bsp_hal_gpio.o(i.KEY_5) referenced from thread_gui.o(i.Task_GUI_create)
 <LI><a href="#[b]">MemManage_Handler</a> from stm32f4xx_it.o(i.MemManage_Handler) referenced from startup_stm32f407xx.o(RESET)
 <LI><a href="#[9]">NMI_Handler</a> from stm32f4xx_it.o(i.NMI_Handler) referenced from startup_stm32f407xx.o(RESET)
 <LI><a href="#[55]">OTG_FS_IRQHandler</a> from startup_stm32f407xx.o(.text) referenced from startup_stm32f407xx.o(RESET)
 <LI><a href="#[3c]">OTG_FS_WKUP_IRQHandler</a> from startup_stm32f407xx.o(.text) referenced from startup_stm32f407xx.o(RESET)
 <LI><a href="#[5d]">OTG_HS_EP1_IN_IRQHandler</a> from startup_stm32f407xx.o(.text) referenced from startup_stm32f407xx.o(RESET)
 <LI><a href="#[5c]">OTG_HS_EP1_OUT_IRQHandler</a> from startup_stm32f407xx.o(.text) referenced from startup_stm32f407xx.o(RESET)
 <LI><a href="#[5f]">OTG_HS_IRQHandler</a> from startup_stm32f407xx.o(.text) referenced from startup_stm32f407xx.o(RESET)
 <LI><a href="#[5e]">OTG_HS_WKUP_IRQHandler</a> from startup_stm32f407xx.o(.text) referenced from startup_stm32f407xx.o(RESET)
 <LI><a href="#[79]">PCModule_Transmit</a> from thread_comm.o(i.PCModule_Transmit) referenced from thread_comm.o(i.Task_COMM_create)
 <LI><a href="#[13]">PVD_IRQHandler</a> from startup_stm32f407xx.o(.text) referenced from startup_stm32f407xx.o(RESET)
 <LI><a href="#[10]">PendSV_Handler</a> from context_rvds.o(.text) referenced from startup_stm32f407xx.o(RESET)
 <LI><a href="#[17]">RCC_IRQHandler</a> from startup_stm32f407xx.o(.text) referenced from startup_stm32f407xx.o(RESET)
 <LI><a href="#[3b]">RTC_Alarm_IRQHandler</a> from startup_stm32f407xx.o(.text) referenced from startup_stm32f407xx.o(RESET)
 <LI><a href="#[15]">RTC_WKUP_IRQHandler</a> from startup_stm32f407xx.o(.text) referenced from startup_stm32f407xx.o(RESET)
 <LI><a href="#[8]">Reset_Handler</a> from startup_stm32f407xx.o(.text) referenced from startup_stm32f407xx.o(RESET)
 <LI><a href="#[94]">Robot_arm_task</a> from thread_sensor.o(i.Robot_arm_task) referenced from thread_sensor.o(i.Task_Sensor_create)
 <LI><a href="#[43]">SDIO_IRQHandler</a> from startup_stm32f407xx.o(.text) referenced from startup_stm32f407xx.o(RESET)
 <LI><a href="#[35]">SPI1_IRQHandler</a> from startup_stm32f407xx.o(.text) referenced from startup_stm32f407xx.o(RESET)
 <LI><a href="#[36]">SPI2_IRQHandler</a> from startup_stm32f407xx.o(.text) referenced from startup_stm32f407xx.o(RESET)
 <LI><a href="#[45]">SPI3_IRQHandler</a> from startup_stm32f407xx.o(.text) referenced from startup_stm32f407xx.o(RESET)
 <LI><a href="#[e]">SVC_Handler</a> from startup_stm32f407xx.o(.text) referenced from startup_stm32f407xx.o(RESET)
 <LI><a href="#[92]">SensorData_task</a> from thread_sensor.o(i.SensorData_task) referenced from thread_sensor.o(i.Task_Sensor_create)
 <LI><a href="#[a4]">StartingMusic</a> from bsp.o(i.StartingMusic) referenced from bsp.o(.rti_fn.4)
 <LI><a href="#[11]">SysTick_Handler</a> from board.o(i.SysTick_Handler) referenced from startup_stm32f407xx.o(RESET)
 <LI><a href="#[63]">SystemInit</a> from system_stm32f4xx.o(i.SystemInit) referenced from startup_stm32f407xx.o(.text)
 <LI><a href="#[14]">TAMP_STAMP_IRQHandler</a> from startup_stm32f407xx.o(.text) referenced from startup_stm32f407xx.o(RESET)
 <LI><a href="#[2a]">TIM1_BRK_TIM9_IRQHandler</a> from startup_stm32f407xx.o(.text) referenced from startup_stm32f407xx.o(RESET)
 <LI><a href="#[2d]">TIM1_CC_IRQHandler</a> from startup_stm32f407xx.o(.text) referenced from startup_stm32f407xx.o(RESET)
 <LI><a href="#[2c]">TIM1_TRG_COM_TIM11_IRQHandler</a> from startup_stm32f407xx.o(.text) referenced from startup_stm32f407xx.o(RESET)
 <LI><a href="#[2b]">TIM1_UP_TIM10_IRQHandler</a> from startup_stm32f407xx.o(.text) referenced from startup_stm32f407xx.o(RESET)
 <LI><a href="#[2e]">TIM2_IRQHandler</a> from stm32f4xx_it.o(i.TIM2_IRQHandler) referenced from startup_stm32f407xx.o(RESET)
 <LI><a href="#[2f]">TIM3_IRQHandler</a> from startup_stm32f407xx.o(.text) referenced from startup_stm32f407xx.o(RESET)
 <LI><a href="#[30]">TIM4_IRQHandler</a> from stm32f4xx_it.o(i.TIM4_IRQHandler) referenced from startup_stm32f407xx.o(RESET)
 <LI><a href="#[44]">TIM5_IRQHandler</a> from stm32f4xx_it.o(i.TIM5_IRQHandler) referenced from startup_stm32f407xx.o(RESET)
 <LI><a href="#[48]">TIM6_DAC_IRQHandler</a> from startup_stm32f407xx.o(.text) referenced from startup_stm32f407xx.o(RESET)
 <LI><a href="#[49]">TIM7_IRQHandler</a> from startup_stm32f407xx.o(.text) referenced from startup_stm32f407xx.o(RESET)
 <LI><a href="#[3d]">TIM8_BRK_TIM12_IRQHandler</a> from startup_stm32f407xx.o(.text) referenced from startup_stm32f407xx.o(RESET)
 <LI><a href="#[40]">TIM8_CC_IRQHandler</a> from startup_stm32f407xx.o(.text) referenced from startup_stm32f407xx.o(RESET)
 <LI><a href="#[3f]">TIM8_TRG_COM_TIM14_IRQHandler</a> from startup_stm32f407xx.o(.text) referenced from startup_stm32f407xx.o(RESET)
 <LI><a href="#[3e]">TIM8_UP_TIM13_IRQHandler</a> from startup_stm32f407xx.o(.text) referenced from startup_stm32f407xx.o(RESET)
 <LI><a href="#[6e]">TIM_DMADelayPulseCplt</a> from stm32f4xx_hal_tim.o(i.TIM_DMADelayPulseCplt) referenced from stm32f4xx_hal_tim.o(i.HAL_TIM_PWM_Start_DMA)
 <LI><a href="#[6f]">TIM_DMADelayPulseHalfCplt</a> from stm32f4xx_hal_tim.o(i.TIM_DMADelayPulseHalfCplt) referenced from stm32f4xx_hal_tim.o(i.HAL_TIM_PWM_Start_DMA)
 <LI><a href="#[70]">TIM_DMAError</a> from stm32f4xx_hal_tim.o(i.TIM_DMAError) referenced from stm32f4xx_hal_tim.o(i.HAL_TIM_PWM_Start_DMA)
 <LI><a href="#[a6]">Task_COMM_create</a> from thread_comm.o(i.Task_COMM_create) referenced from thread_comm.o(.rti_fn.6)
 <LI><a href="#[a7]">Task_GUI_create</a> from thread_gui.o(i.Task_GUI_create) referenced from thread_gui.o(.rti_fn.6)
 <LI><a href="#[a5]">Task_LED_create</a> from thread_led.o(i.Task_LED_create) referenced from thread_led.o(.rti_fn.6)
 <LI><a href="#[a8]">Task_Sensor_create</a> from thread_sensor.o(i.Task_Sensor_create) referenced from thread_sensor.o(.rti_fn.6)
 <LI><a href="#[83]">TimeBreakExecution_Handler</a> from thread_comm.o(i.TimeBreakExecution_Handler) referenced from thread_comm.o(i.Task_COMM_create)
 <LI><a href="#[84]">Timer2UpdateBreakExecution_Handler</a> from thread_comm.o(i.Timer2UpdateBreakExecution_Handler) referenced from thread_comm.o(i.Task_COMM_create)
 <LI><a href="#[7a]">Trig1_level</a> from bsp_hal_gpio.o(i.Trig1_level) referenced from thread_comm.o(i.Task_COMM_create)
 <LI><a href="#[7c]">Trig2_level</a> from bsp_hal_gpio.o(i.Trig2_level) referenced from thread_comm.o(i.Task_COMM_create)
 <LI><a href="#[7e]">Trig3_level</a> from bsp_hal_gpio.o(i.Trig3_level) referenced from thread_comm.o(i.Task_COMM_create)
 <LI><a href="#[80]">Trig4_level</a> from bsp_hal_gpio.o(i.Trig4_level) referenced from thread_comm.o(i.Task_COMM_create)
 <LI><a href="#[46]">UART4_IRQHandler</a> from stm32f4xx_it.o(i.UART4_IRQHandler) referenced from startup_stm32f407xx.o(RESET)
 <LI><a href="#[47]">UART5_IRQHandler</a> from stm32f4xx_it.o(i.UART5_IRQHandler) referenced from startup_stm32f407xx.o(RESET)
 <LI><a href="#[71]">UART_DMAAbortOnError</a> from stm32f4xx_hal_uart.o(i.UART_DMAAbortOnError) referenced from stm32f4xx_hal_uart.o(i.HAL_UART_IRQHandler)
 <LI><a href="#[74]">UART_DMAError</a> from stm32f4xx_hal_uart.o(i.UART_DMAError) referenced from stm32f4xx_hal_uart.o(i.HAL_UART_Transmit_DMA)
 <LI><a href="#[74]">UART_DMAError</a> from stm32f4xx_hal_uart.o(i.UART_DMAError) referenced from stm32f4xx_hal_uart.o(i.UART_Start_Receive_DMA)
 <LI><a href="#[95]">UART_DMAReceiveCplt</a> from stm32f4xx_hal_uart.o(i.UART_DMAReceiveCplt) referenced from stm32f4xx_hal_uart.o(i.UART_Start_Receive_DMA)
 <LI><a href="#[96]">UART_DMARxHalfCplt</a> from stm32f4xx_hal_uart.o(i.UART_DMARxHalfCplt) referenced from stm32f4xx_hal_uart.o(i.UART_Start_Receive_DMA)
 <LI><a href="#[72]">UART_DMATransmitCplt</a> from stm32f4xx_hal_uart.o(i.UART_DMATransmitCplt) referenced from stm32f4xx_hal_uart.o(i.HAL_UART_Transmit_DMA)
 <LI><a href="#[73]">UART_DMATxHalfCplt</a> from stm32f4xx_hal_uart.o(i.UART_DMATxHalfCplt) referenced from stm32f4xx_hal_uart.o(i.HAL_UART_Transmit_DMA)
 <LI><a href="#[37]">USART1_IRQHandler</a> from stm32f4xx_it.o(i.USART1_IRQHandler) referenced from startup_stm32f407xx.o(RESET)
 <LI><a href="#[38]">USART2_IRQHandler</a> from stm32f4xx_it.o(i.USART2_IRQHandler) referenced from startup_stm32f407xx.o(RESET)
 <LI><a href="#[39]">USART3_IRQHandler</a> from stm32f4xx_it.o(i.USART3_IRQHandler) referenced from startup_stm32f407xx.o(RESET)
 <LI><a href="#[59]">USART6_IRQHandler</a> from stm32f4xx_it.o(i.USART6_IRQHandler) referenced from startup_stm32f407xx.o(RESET)
 <LI><a href="#[d]">UsageFault_Handler</a> from stm32f4xx_it.o(i.UsageFault_Handler) referenced from startup_stm32f407xx.o(RESET)
 <LI><a href="#[12]">WWDG_IRQHandler</a> from startup_stm32f407xx.o(.text) referenced from startup_stm32f407xx.o(RESET)
 <LI><a href="#[8b]">XferExternalKey1_Handler</a> from thread_gui.o(i.XferExternalKey1_Handler) referenced from thread_gui.o(i.Task_GUI_create)
 <LI><a href="#[8c]">XferExternalKey2_Handler</a> from thread_gui.o(i.XferExternalKey2_Handler) referenced from thread_gui.o(i.Task_GUI_create)
 <LI><a href="#[8d]">XferExternalKey3_Handler</a> from thread_gui.o(i.XferExternalKey3_Handler) referenced from thread_gui.o(i.Task_GUI_create)
 <LI><a href="#[8e]">XferExternalKey4_Handler</a> from thread_gui.o(i.XferExternalKey4_Handler) referenced from thread_gui.o(i.Task_GUI_create)
 <LI><a href="#[8f]">XferExternalKey5_Handler</a> from thread_gui.o(i.XferExternalKey5_Handler) referenced from thread_gui.o(i.Task_GUI_create)
 <LI><a href="#[75]">XferExternalUart2Rx_Handler</a> from thread_comm.o(i.XferExternalUart2Rx_Handler) referenced from thread_comm.o(i.Task_COMM_create)
 <LI><a href="#[76]">XferExternalUart3Rx_Handler</a> from thread_comm.o(i.XferExternalUart3Rx_Handler) referenced from thread_comm.o(i.Task_COMM_create)
 <LI><a href="#[77]">XferExternalUart4Rx_Handler</a> from thread_comm.o(i.XferExternalUart4Rx_Handler) referenced from thread_comm.o(i.Task_COMM_create)
 <LI><a href="#[78]">XferExternalUart6Rx_Handler</a> from thread_comm.o(i.XferExternalUart6Rx_Handler) referenced from thread_comm.o(i.Task_COMM_create)
 <LI><a href="#[b7]">__main</a> from __main.o(!!!main) referenced from startup_stm32f407xx.o(.text)
 <LI><a href="#[b6]">cmd_free</a> from msh.o(i.cmd_free) referenced from msh.o(FSymTab)
 <LI><a href="#[b5]">cmd_ps</a> from msh.o(i.cmd_ps) referenced from msh.o(FSymTab)
 <LI><a href="#[85]">comm_task</a> from thread_comm.o(i.comm_task) referenced from thread_comm.o(i.Task_COMM_create)
 <LI><a href="#[a9]">finsh_system_init</a> from shell.o(i.finsh_system_init) referenced from shell.o(.rti_fn.6)
 <LI><a href="#[9b]">finsh_thread_entry</a> from shell.o(i.finsh_thread_entry) referenced from shell.o(i.finsh_system_init)
 <LI><a href="#[90]">gui_task</a> from thread_gui.o(i.gui_task) referenced from thread_gui.o(i.Task_GUI_create)
 <LI><a href="#[ac]">hello</a> from cmd.o(i.hello) referenced from cmd.o(FSymTab)
 <LI><a href="#[b3]">list</a> from cmd.o(i.list) referenced from cmd.o(FSymTab)
 <LI><a href="#[ab]">list_mem</a> from mem.o(i.list_mem) referenced from mem.o(FSymTab)
 <LI><a href="#[b1]">list_msgqueue</a> from cmd.o(i.list_msgqueue) referenced 2 times from cmd.o(FSymTab)
 <LI><a href="#[b0]">list_mutex</a> from cmd.o(i.list_mutex) referenced 2 times from cmd.o(FSymTab)
 <LI><a href="#[af]">list_sem</a> from cmd.o(i.list_sem) referenced 2 times from cmd.o(FSymTab)
 <LI><a href="#[ae]">list_thread</a> from cmd.o(i.list_thread) referenced 2 times from cmd.o(FSymTab)
 <LI><a href="#[b2]">list_timer</a> from cmd.o(i.list_timer) referenced 2 times from cmd.o(FSymTab)
 <LI><a href="#[9c]">main_thread_entry</a> from components.o(i.main_thread_entry) referenced from components.o(i.rt_application_init)
 <LI><a href="#[b4]">msh_help</a> from msh.o(i.msh_help) referenced from msh.o(FSymTab)
 <LI><a href="#[99]">rt_thread_exit</a> from thread.o(i.rt_thread_exit) referenced from thread.o(i._rt_thread_init)
 <LI><a href="#[9d]">rt_thread_idle_entry</a> from idle.o(i.rt_thread_idle_entry) referenced from idle.o(i.rt_thread_idle_init)
 <LI><a href="#[9a]">rt_thread_timeout</a> from thread.o(i.rt_thread_timeout) referenced from thread.o(i._rt_thread_init)
 <LI><a href="#[a3]">rti_board_end</a> from components.o(i.rti_board_end) referenced from components.o(.rti_fn.1.end)
 <LI><a href="#[9f]">rti_board_start</a> from components.o(i.rti_board_start) referenced from components.o(.rti_fn.0.end)
 <LI><a href="#[aa]">rti_end</a> from components.o(i.rti_end) referenced from components.o(.rti_fn.6.end)
 <LI><a href="#[9e]">rti_start</a> from components.o(i.rti_start) referenced from components.o(.rti_fn.0)
 <LI><a href="#[a0]">uart_init</a> from board.o(i.uart_init) referenced from board.o(.rti_fn.1)
 <LI><a href="#[91]">vApplicationIdleHook</a> from thread_led.o(i.vApplicationIdleHook) referenced from thread_led.o(i.Task_LED_create)
 <LI><a href="#[ad]">version</a> from cmd.o(i.version) referenced 2 times from cmd.o(FSymTab)
</UL>
<P>
<H3>
Global Symbols
</H3>
<P><STRONG><a name="[b7]"></a>__main</STRONG> (Thumb, 8 bytes, Stack size 0 bytes, __main.o(!!!main))
<BR><BR>[Calls]<UL><LI><a href="#[b8]">&gt;&gt;</a>&nbsp;&nbsp;&nbsp;__scatterload
<LI><a href="#[b9]">&gt;&gt;</a>&nbsp;&nbsp;&nbsp;__rt_entry
</UL>

<P><STRONG><a name="[b8]"></a>__scatterload</STRONG> (Thumb, 0 bytes, Stack size unknown bytes, __scatter.o(!!!scatter))
<BR><BR>[Called By]<UL><LI><a href="#[b7]">&gt;&gt;</a>&nbsp;&nbsp;&nbsp;__main
</UL>

<P><STRONG><a name="[ba]"></a>__scatterload_rt2</STRONG> (Thumb, 44 bytes, Stack size unknown bytes, __scatter.o(!!!scatter), UNUSED)
<BR><BR>[Calls]<UL><LI><a href="#[b9]">&gt;&gt;</a>&nbsp;&nbsp;&nbsp;__rt_entry
</UL>

<P><STRONG><a name="[277]"></a>__scatterload_rt2_thumb_only</STRONG> (Thumb, 0 bytes, Stack size unknown bytes, __scatter.o(!!!scatter), UNUSED)

<P><STRONG><a name="[278]"></a>__scatterload_null</STRONG> (Thumb, 0 bytes, Stack size unknown bytes, __scatter.o(!!!scatter), UNUSED)

<P><STRONG><a name="[279]"></a>__decompress</STRONG> (Thumb, 90 bytes, Stack size unknown bytes, __dczerorl2.o(!!dczerorl2), UNUSED)

<P><STRONG><a name="[27a]"></a>__decompress1</STRONG> (Thumb, 0 bytes, Stack size unknown bytes, __dczerorl2.o(!!dczerorl2), UNUSED)

<P><STRONG><a name="[27b]"></a>__scatterload_zeroinit</STRONG> (Thumb, 28 bytes, Stack size unknown bytes, __scatter_zi.o(!!handler_zi), UNUSED)

<P><STRONG><a name="[c2]"></a>__rt_lib_init</STRONG> (Thumb, 0 bytes, Stack size unknown bytes, libinit.o(.ARM.Collect$$libinit$$00000000))
<BR><BR>[Called By]<UL><LI><a href="#[c1]">&gt;&gt;</a>&nbsp;&nbsp;&nbsp;__rt_entry_li
</UL>

<P><STRONG><a name="[bb]"></a>__rt_lib_init_fp_1</STRONG> (Thumb, 0 bytes, Stack size unknown bytes, libinit2.o(.ARM.Collect$$libinit$$00000001))
<BR><BR>[Calls]<UL><LI><a href="#[bc]">&gt;&gt;</a>&nbsp;&nbsp;&nbsp;_fp_init
</UL>

<P><STRONG><a name="[bd]"></a>__rt_lib_init_heap_2</STRONG> (Thumb, 0 bytes, Stack size unknown bytes, libinit2.o(.ARM.Collect$$libinit$$00000005))
<BR><BR>[Stack]<UL><LI>Max Depth = 64 + Unknown Stack Size
<LI>Call Chain = __rt_lib_init_heap_2 &rArr; _init_alloc &rArr; __rt_SIGRTMEM &rArr; __rt_SIGRTMEM_inner &rArr; __default_signal_display &rArr; _ttywrch
</UL>
<BR>[Calls]<UL><LI><a href="#[be]">&gt;&gt;</a>&nbsp;&nbsp;&nbsp;_init_alloc
</UL>

<P><STRONG><a name="[27c]"></a>__rt_lib_init_preinit_1</STRONG> (Thumb, 0 bytes, Stack size unknown bytes, libinit2.o(.ARM.Collect$$libinit$$00000004))

<P><STRONG><a name="[27d]"></a>__rt_lib_init_alloca_1</STRONG> (Thumb, 0 bytes, Stack size unknown bytes, libinit2.o(.ARM.Collect$$libinit$$0000002E))

<P><STRONG><a name="[27e]"></a>__rt_lib_init_argv_1</STRONG> (Thumb, 0 bytes, Stack size unknown bytes, libinit2.o(.ARM.Collect$$libinit$$0000002C))

<P><STRONG><a name="[27f]"></a>__rt_lib_init_atexit_1</STRONG> (Thumb, 0 bytes, Stack size unknown bytes, libinit2.o(.ARM.Collect$$libinit$$0000001B))

<P><STRONG><a name="[280]"></a>__rt_lib_init_clock_1</STRONG> (Thumb, 0 bytes, Stack size unknown bytes, libinit2.o(.ARM.Collect$$libinit$$00000021))

<P><STRONG><a name="[281]"></a>__rt_lib_init_cpp_1</STRONG> (Thumb, 0 bytes, Stack size unknown bytes, libinit2.o(.ARM.Collect$$libinit$$00000032))

<P><STRONG><a name="[282]"></a>__rt_lib_init_exceptions_1</STRONG> (Thumb, 0 bytes, Stack size unknown bytes, libinit2.o(.ARM.Collect$$libinit$$00000030))

<P><STRONG><a name="[283]"></a>__rt_lib_init_fp_trap_1</STRONG> (Thumb, 0 bytes, Stack size unknown bytes, libinit2.o(.ARM.Collect$$libinit$$0000001F))

<P><STRONG><a name="[284]"></a>__rt_lib_init_getenv_1</STRONG> (Thumb, 0 bytes, Stack size unknown bytes, libinit2.o(.ARM.Collect$$libinit$$00000023))

<P><STRONG><a name="[285]"></a>__rt_lib_init_heap_1</STRONG> (Thumb, 0 bytes, Stack size unknown bytes, libinit2.o(.ARM.Collect$$libinit$$0000000A))

<P><STRONG><a name="[286]"></a>__rt_lib_init_lc_collate_1</STRONG> (Thumb, 0 bytes, Stack size unknown bytes, libinit2.o(.ARM.Collect$$libinit$$00000011))

<P><STRONG><a name="[287]"></a>__rt_lib_init_lc_ctype_1</STRONG> (Thumb, 0 bytes, Stack size unknown bytes, libinit2.o(.ARM.Collect$$libinit$$00000013))

<P><STRONG><a name="[288]"></a>__rt_lib_init_lc_monetary_1</STRONG> (Thumb, 0 bytes, Stack size unknown bytes, libinit2.o(.ARM.Collect$$libinit$$00000015))

<P><STRONG><a name="[289]"></a>__rt_lib_init_lc_numeric_1</STRONG> (Thumb, 0 bytes, Stack size unknown bytes, libinit2.o(.ARM.Collect$$libinit$$00000017))

<P><STRONG><a name="[28a]"></a>__rt_lib_init_lc_time_1</STRONG> (Thumb, 0 bytes, Stack size unknown bytes, libinit2.o(.ARM.Collect$$libinit$$00000019))

<P><STRONG><a name="[28b]"></a>__rt_lib_init_rand_1</STRONG> (Thumb, 0 bytes, Stack size unknown bytes, libinit2.o(.ARM.Collect$$libinit$$0000000E))

<P><STRONG><a name="[28c]"></a>__rt_lib_init_return</STRONG> (Thumb, 0 bytes, Stack size unknown bytes, libinit2.o(.ARM.Collect$$libinit$$00000033))

<P><STRONG><a name="[28d]"></a>__rt_lib_init_signal_1</STRONG> (Thumb, 0 bytes, Stack size unknown bytes, libinit2.o(.ARM.Collect$$libinit$$0000001D))

<P><STRONG><a name="[28e]"></a>__rt_lib_init_stdio_1</STRONG> (Thumb, 0 bytes, Stack size unknown bytes, libinit2.o(.ARM.Collect$$libinit$$00000025))

<P><STRONG><a name="[28f]"></a>__rt_lib_init_user_alloc_1</STRONG> (Thumb, 0 bytes, Stack size unknown bytes, libinit2.o(.ARM.Collect$$libinit$$0000000C))

<P><STRONG><a name="[c7]"></a>__rt_lib_shutdown</STRONG> (Thumb, 0 bytes, Stack size unknown bytes, libshutdown.o(.ARM.Collect$$libshutdown$$00000000))
<BR><BR>[Called By]<UL><LI><a href="#[c6]">&gt;&gt;</a>&nbsp;&nbsp;&nbsp;__rt_exit_ls
</UL>

<P><STRONG><a name="[290]"></a>__rt_lib_shutdown_cpp_1</STRONG> (Thumb, 0 bytes, Stack size unknown bytes, libshutdown2.o(.ARM.Collect$$libshutdown$$00000002))

<P><STRONG><a name="[291]"></a>__rt_lib_shutdown_fp_trap_1</STRONG> (Thumb, 0 bytes, Stack size unknown bytes, libshutdown2.o(.ARM.Collect$$libshutdown$$00000007))

<P><STRONG><a name="[292]"></a>__rt_lib_shutdown_heap_1</STRONG> (Thumb, 0 bytes, Stack size unknown bytes, libshutdown2.o(.ARM.Collect$$libshutdown$$0000000F))

<P><STRONG><a name="[293]"></a>__rt_lib_shutdown_return</STRONG> (Thumb, 0 bytes, Stack size unknown bytes, libshutdown2.o(.ARM.Collect$$libshutdown$$00000010))

<P><STRONG><a name="[294]"></a>__rt_lib_shutdown_signal_1</STRONG> (Thumb, 0 bytes, Stack size unknown bytes, libshutdown2.o(.ARM.Collect$$libshutdown$$0000000A))

<P><STRONG><a name="[295]"></a>__rt_lib_shutdown_stdio_1</STRONG> (Thumb, 0 bytes, Stack size unknown bytes, libshutdown2.o(.ARM.Collect$$libshutdown$$00000004))

<P><STRONG><a name="[296]"></a>__rt_lib_shutdown_user_alloc_1</STRONG> (Thumb, 0 bytes, Stack size unknown bytes, libshutdown2.o(.ARM.Collect$$libshutdown$$0000000C))

<P><STRONG><a name="[b9]"></a>__rt_entry</STRONG> (Thumb, 0 bytes, Stack size unknown bytes, __rtentry.o(.ARM.Collect$$rtentry$$00000000))
<BR><BR>[Called By]<UL><LI><a href="#[ba]">&gt;&gt;</a>&nbsp;&nbsp;&nbsp;__scatterload_rt2
<LI><a href="#[b7]">&gt;&gt;</a>&nbsp;&nbsp;&nbsp;__main
</UL>

<P><STRONG><a name="[297]"></a>__rt_entry_presh_1</STRONG> (Thumb, 0 bytes, Stack size unknown bytes, __rtentry2.o(.ARM.Collect$$rtentry$$00000002))

<P><STRONG><a name="[bf]"></a>__rt_entry_sh</STRONG> (Thumb, 0 bytes, Stack size unknown bytes, __rtentry4.o(.ARM.Collect$$rtentry$$00000004))
<BR><BR>[Stack]<UL><LI>Max Depth = 8 + Unknown Stack Size
<LI>Call Chain = __rt_entry_sh &rArr; __user_setup_stackheap
</UL>
<BR>[Calls]<UL><LI><a href="#[c0]">&gt;&gt;</a>&nbsp;&nbsp;&nbsp;__user_setup_stackheap
</UL>

<P><STRONG><a name="[c1]"></a>__rt_entry_li</STRONG> (Thumb, 0 bytes, Stack size unknown bytes, __rtentry2.o(.ARM.Collect$$rtentry$$0000000A))
<BR><BR>[Calls]<UL><LI><a href="#[c2]">&gt;&gt;</a>&nbsp;&nbsp;&nbsp;__rt_lib_init
</UL>

<P><STRONG><a name="[298]"></a>__rt_entry_postsh_1</STRONG> (Thumb, 0 bytes, Stack size unknown bytes, __rtentry2.o(.ARM.Collect$$rtentry$$00000009))

<P><STRONG><a name="[c3]"></a>__rt_entry_main</STRONG> (Thumb, 0 bytes, Stack size unknown bytes, __rtentry2.o(.ARM.Collect$$rtentry$$0000000D))
<BR><BR>[Stack]<UL><LI>Max Depth = 252 + Unknown Stack Size
<LI>Call Chain = __rt_entry_main &rArr; main &rArr; rtthread_startup &rArr; rt_application_init &rArr; rt_thread_create &rArr; rt_object_delete &rArr; rt_free &rArr; rt_kprintf &rArr; rt_vsnprintf &rArr; print_number
</UL>
<BR>[Calls]<UL><LI><a href="#[c5]">&gt;&gt;</a>&nbsp;&nbsp;&nbsp;exit
<LI><a href="#[c4]">&gt;&gt;</a>&nbsp;&nbsp;&nbsp;main
</UL>

<P><STRONG><a name="[299]"></a>__rt_entry_postli_1</STRONG> (Thumb, 0 bytes, Stack size unknown bytes, __rtentry2.o(.ARM.Collect$$rtentry$$0000000C))

<P><STRONG><a name="[e4]"></a>__rt_exit</STRONG> (Thumb, 0 bytes, Stack size unknown bytes, rtexit.o(.ARM.Collect$$rtexit$$00000000))
<BR><BR>[Called By]<UL><LI><a href="#[c5]">&gt;&gt;</a>&nbsp;&nbsp;&nbsp;exit
</UL>

<P><STRONG><a name="[c6]"></a>__rt_exit_ls</STRONG> (Thumb, 0 bytes, Stack size unknown bytes, rtexit2.o(.ARM.Collect$$rtexit$$00000003))
<BR><BR>[Calls]<UL><LI><a href="#[c7]">&gt;&gt;</a>&nbsp;&nbsp;&nbsp;__rt_lib_shutdown
</UL>

<P><STRONG><a name="[29a]"></a>__rt_exit_prels_1</STRONG> (Thumb, 0 bytes, Stack size unknown bytes, rtexit2.o(.ARM.Collect$$rtexit$$00000002))

<P><STRONG><a name="[c8]"></a>__rt_exit_exit</STRONG> (Thumb, 0 bytes, Stack size unknown bytes, rtexit2.o(.ARM.Collect$$rtexit$$00000004))
<BR><BR>[Calls]<UL><LI><a href="#[c9]">&gt;&gt;</a>&nbsp;&nbsp;&nbsp;_sys_exit
</UL>

<P><STRONG><a name="[8]"></a>Reset_Handler</STRONG> (Thumb, 8 bytes, Stack size 0 bytes, startup_stm32f407xx.o(.text))
<BR>[Address Reference Count : 1]<UL><LI> startup_stm32f407xx.o(RESET)
</UL>
<P><STRONG><a name="[29b]"></a>_maybe_terminate_alloc</STRONG> (Thumb, 0 bytes, Stack size 0 bytes, maybetermalloc1.o(.emb_text), UNUSED)

<P><STRONG><a name="[e]"></a>SVC_Handler</STRONG> (Thumb, 2 bytes, Stack size 0 bytes, startup_stm32f407xx.o(.text))
<BR><BR>[Calls]<UL><LI><a href="#[e]">&gt;&gt;</a>&nbsp;&nbsp;&nbsp;SVC_Handler
</UL>
<BR>[Called By]<UL><LI><a href="#[e]">&gt;&gt;</a>&nbsp;&nbsp;&nbsp;SVC_Handler
</UL>
<BR>[Address Reference Count : 1]<UL><LI> startup_stm32f407xx.o(RESET)
</UL>
<P><STRONG><a name="[24]"></a>ADC_IRQHandler</STRONG> (Thumb, 0 bytes, Stack size 0 bytes, startup_stm32f407xx.o(.text))
<BR><BR>[Calls]<UL><LI><a href="#[24]">&gt;&gt;</a>&nbsp;&nbsp;&nbsp;ADC_IRQHandler
</UL>
<BR>[Called By]<UL><LI><a href="#[24]">&gt;&gt;</a>&nbsp;&nbsp;&nbsp;ADC_IRQHandler
</UL>
<BR>[Address Reference Count : 1]<UL><LI> startup_stm32f407xx.o(RESET)
</UL>
<P><STRONG><a name="[27]"></a>CAN1_RX1_IRQHandler</STRONG> (Thumb, 0 bytes, Stack size 0 bytes, startup_stm32f407xx.o(.text))
<BR>[Address Reference Count : 1]<UL><LI> startup_stm32f407xx.o(RESET)
</UL>
<P><STRONG><a name="[28]"></a>CAN1_SCE_IRQHandler</STRONG> (Thumb, 0 bytes, Stack size 0 bytes, startup_stm32f407xx.o(.text))
<BR>[Address Reference Count : 1]<UL><LI> startup_stm32f407xx.o(RESET)
</UL>
<P><STRONG><a name="[25]"></a>CAN1_TX_IRQHandler</STRONG> (Thumb, 0 bytes, Stack size 0 bytes, startup_stm32f407xx.o(.text))
<BR>[Address Reference Count : 1]<UL><LI> startup_stm32f407xx.o(RESET)
</UL>
<P><STRONG><a name="[53]"></a>CAN2_RX1_IRQHandler</STRONG> (Thumb, 0 bytes, Stack size 0 bytes, startup_stm32f407xx.o(.text))
<BR>[Address Reference Count : 1]<UL><LI> startup_stm32f407xx.o(RESET)
</UL>
<P><STRONG><a name="[54]"></a>CAN2_SCE_IRQHandler</STRONG> (Thumb, 0 bytes, Stack size 0 bytes, startup_stm32f407xx.o(.text))
<BR>[Address Reference Count : 1]<UL><LI> startup_stm32f407xx.o(RESET)
</UL>
<P><STRONG><a name="[51]"></a>CAN2_TX_IRQHandler</STRONG> (Thumb, 0 bytes, Stack size 0 bytes, startup_stm32f407xx.o(.text))
<BR>[Address Reference Count : 1]<UL><LI> startup_stm32f407xx.o(RESET)
</UL>
<P><STRONG><a name="[60]"></a>DCMI_IRQHandler</STRONG> (Thumb, 0 bytes, Stack size 0 bytes, startup_stm32f407xx.o(.text))
<BR>[Address Reference Count : 1]<UL><LI> startup_stm32f407xx.o(RESET)
</UL>
<P><STRONG><a name="[1d]"></a>DMA1_Stream0_IRQHandler</STRONG> (Thumb, 0 bytes, Stack size 0 bytes, startup_stm32f407xx.o(.text))
<BR>[Address Reference Count : 1]<UL><LI> startup_stm32f407xx.o(RESET)
</UL>
<P><STRONG><a name="[4d]"></a>DMA2_Stream3_IRQHandler</STRONG> (Thumb, 0 bytes, Stack size 0 bytes, startup_stm32f407xx.o(.text))
<BR>[Address Reference Count : 1]<UL><LI> startup_stm32f407xx.o(RESET)
</UL>
<P><STRONG><a name="[4e]"></a>DMA2_Stream4_IRQHandler</STRONG> (Thumb, 0 bytes, Stack size 0 bytes, startup_stm32f407xx.o(.text))
<BR>[Address Reference Count : 1]<UL><LI> startup_stm32f407xx.o(RESET)
</UL>
<P><STRONG><a name="[4f]"></a>ETH_IRQHandler</STRONG> (Thumb, 0 bytes, Stack size 0 bytes, startup_stm32f407xx.o(.text))
<BR>[Address Reference Count : 1]<UL><LI> startup_stm32f407xx.o(RESET)
</UL>
<P><STRONG><a name="[50]"></a>ETH_WKUP_IRQHandler</STRONG> (Thumb, 0 bytes, Stack size 0 bytes, startup_stm32f407xx.o(.text))
<BR>[Address Reference Count : 1]<UL><LI> startup_stm32f407xx.o(RESET)
</UL>
<P><STRONG><a name="[18]"></a>EXTI0_IRQHandler</STRONG> (Thumb, 0 bytes, Stack size 0 bytes, startup_stm32f407xx.o(.text))
<BR>[Address Reference Count : 1]<UL><LI> startup_stm32f407xx.o(RESET)
</UL>
<P><STRONG><a name="[19]"></a>EXTI1_IRQHandler</STRONG> (Thumb, 0 bytes, Stack size 0 bytes, startup_stm32f407xx.o(.text))
<BR>[Address Reference Count : 1]<UL><LI> startup_stm32f407xx.o(RESET)
</UL>
<P><STRONG><a name="[1a]"></a>EXTI2_IRQHandler</STRONG> (Thumb, 0 bytes, Stack size 0 bytes, startup_stm32f407xx.o(.text))
<BR>[Address Reference Count : 1]<UL><LI> startup_stm32f407xx.o(RESET)
</UL>
<P><STRONG><a name="[1b]"></a>EXTI3_IRQHandler</STRONG> (Thumb, 0 bytes, Stack size 0 bytes, startup_stm32f407xx.o(.text))
<BR>[Address Reference Count : 1]<UL><LI> startup_stm32f407xx.o(RESET)
</UL>
<P><STRONG><a name="[1c]"></a>EXTI4_IRQHandler</STRONG> (Thumb, 0 bytes, Stack size 0 bytes, startup_stm32f407xx.o(.text))
<BR>[Address Reference Count : 1]<UL><LI> startup_stm32f407xx.o(RESET)
</UL>
<P><STRONG><a name="[29]"></a>EXTI9_5_IRQHandler</STRONG> (Thumb, 0 bytes, Stack size 0 bytes, startup_stm32f407xx.o(.text))
<BR>[Address Reference Count : 1]<UL><LI> startup_stm32f407xx.o(RESET)
</UL>
<P><STRONG><a name="[16]"></a>FLASH_IRQHandler</STRONG> (Thumb, 0 bytes, Stack size 0 bytes, startup_stm32f407xx.o(.text))
<BR>[Address Reference Count : 1]<UL><LI> startup_stm32f407xx.o(RESET)
</UL>
<P><STRONG><a name="[42]"></a>FMC_IRQHandler</STRONG> (Thumb, 0 bytes, Stack size 0 bytes, startup_stm32f407xx.o(.text))
<BR>[Address Reference Count : 1]<UL><LI> startup_stm32f407xx.o(RESET)
</UL>
<P><STRONG><a name="[62]"></a>FPU_IRQHandler</STRONG> (Thumb, 0 bytes, Stack size 0 bytes, startup_stm32f407xx.o(.text))
<BR>[Address Reference Count : 1]<UL><LI> startup_stm32f407xx.o(RESET)
</UL>
<P><STRONG><a name="[61]"></a>HASH_RNG_IRQHandler</STRONG> (Thumb, 0 bytes, Stack size 0 bytes, startup_stm32f407xx.o(.text))
<BR>[Address Reference Count : 1]<UL><LI> startup_stm32f407xx.o(RESET)
</UL>
<P><STRONG><a name="[32]"></a>I2C1_ER_IRQHandler</STRONG> (Thumb, 0 bytes, Stack size 0 bytes, startup_stm32f407xx.o(.text))
<BR>[Address Reference Count : 1]<UL><LI> startup_stm32f407xx.o(RESET)
</UL>
<P><STRONG><a name="[31]"></a>I2C1_EV_IRQHandler</STRONG> (Thumb, 0 bytes, Stack size 0 bytes, startup_stm32f407xx.o(.text))
<BR>[Address Reference Count : 1]<UL><LI> startup_stm32f407xx.o(RESET)
</UL>
<P><STRONG><a name="[34]"></a>I2C2_ER_IRQHandler</STRONG> (Thumb, 0 bytes, Stack size 0 bytes, startup_stm32f407xx.o(.text))
<BR>[Address Reference Count : 1]<UL><LI> startup_stm32f407xx.o(RESET)
</UL>
<P><STRONG><a name="[33]"></a>I2C2_EV_IRQHandler</STRONG> (Thumb, 0 bytes, Stack size 0 bytes, startup_stm32f407xx.o(.text))
<BR>[Address Reference Count : 1]<UL><LI> startup_stm32f407xx.o(RESET)
</UL>
<P><STRONG><a name="[5b]"></a>I2C3_ER_IRQHandler</STRONG> (Thumb, 0 bytes, Stack size 0 bytes, startup_stm32f407xx.o(.text))
<BR>[Address Reference Count : 1]<UL><LI> startup_stm32f407xx.o(RESET)
</UL>
<P><STRONG><a name="[5a]"></a>I2C3_EV_IRQHandler</STRONG> (Thumb, 0 bytes, Stack size 0 bytes, startup_stm32f407xx.o(.text))
<BR>[Address Reference Count : 1]<UL><LI> startup_stm32f407xx.o(RESET)
</UL>
<P><STRONG><a name="[55]"></a>OTG_FS_IRQHandler</STRONG> (Thumb, 0 bytes, Stack size 0 bytes, startup_stm32f407xx.o(.text))
<BR>[Address Reference Count : 1]<UL><LI> startup_stm32f407xx.o(RESET)
</UL>
<P><STRONG><a name="[3c]"></a>OTG_FS_WKUP_IRQHandler</STRONG> (Thumb, 0 bytes, Stack size 0 bytes, startup_stm32f407xx.o(.text))
<BR>[Address Reference Count : 1]<UL><LI> startup_stm32f407xx.o(RESET)
</UL>
<P><STRONG><a name="[5d]"></a>OTG_HS_EP1_IN_IRQHandler</STRONG> (Thumb, 0 bytes, Stack size 0 bytes, startup_stm32f407xx.o(.text))
<BR>[Address Reference Count : 1]<UL><LI> startup_stm32f407xx.o(RESET)
</UL>
<P><STRONG><a name="[5c]"></a>OTG_HS_EP1_OUT_IRQHandler</STRONG> (Thumb, 0 bytes, Stack size 0 bytes, startup_stm32f407xx.o(.text))
<BR>[Address Reference Count : 1]<UL><LI> startup_stm32f407xx.o(RESET)
</UL>
<P><STRONG><a name="[5f]"></a>OTG_HS_IRQHandler</STRONG> (Thumb, 0 bytes, Stack size 0 bytes, startup_stm32f407xx.o(.text))
<BR>[Address Reference Count : 1]<UL><LI> startup_stm32f407xx.o(RESET)
</UL>
<P><STRONG><a name="[5e]"></a>OTG_HS_WKUP_IRQHandler</STRONG> (Thumb, 0 bytes, Stack size 0 bytes, startup_stm32f407xx.o(.text))
<BR>[Address Reference Count : 1]<UL><LI> startup_stm32f407xx.o(RESET)
</UL>
<P><STRONG><a name="[13]"></a>PVD_IRQHandler</STRONG> (Thumb, 0 bytes, Stack size 0 bytes, startup_stm32f407xx.o(.text))
<BR>[Address Reference Count : 1]<UL><LI> startup_stm32f407xx.o(RESET)
</UL>
<P><STRONG><a name="[17]"></a>RCC_IRQHandler</STRONG> (Thumb, 0 bytes, Stack size 0 bytes, startup_stm32f407xx.o(.text))
<BR>[Address Reference Count : 1]<UL><LI> startup_stm32f407xx.o(RESET)
</UL>
<P><STRONG><a name="[3b]"></a>RTC_Alarm_IRQHandler</STRONG> (Thumb, 0 bytes, Stack size 0 bytes, startup_stm32f407xx.o(.text))
<BR>[Address Reference Count : 1]<UL><LI> startup_stm32f407xx.o(RESET)
</UL>
<P><STRONG><a name="[15]"></a>RTC_WKUP_IRQHandler</STRONG> (Thumb, 0 bytes, Stack size 0 bytes, startup_stm32f407xx.o(.text))
<BR>[Address Reference Count : 1]<UL><LI> startup_stm32f407xx.o(RESET)
</UL>
<P><STRONG><a name="[43]"></a>SDIO_IRQHandler</STRONG> (Thumb, 0 bytes, Stack size 0 bytes, startup_stm32f407xx.o(.text))
<BR>[Address Reference Count : 1]<UL><LI> startup_stm32f407xx.o(RESET)
</UL>
<P><STRONG><a name="[35]"></a>SPI1_IRQHandler</STRONG> (Thumb, 0 bytes, Stack size 0 bytes, startup_stm32f407xx.o(.text))
<BR>[Address Reference Count : 1]<UL><LI> startup_stm32f407xx.o(RESET)
</UL>
<P><STRONG><a name="[36]"></a>SPI2_IRQHandler</STRONG> (Thumb, 0 bytes, Stack size 0 bytes, startup_stm32f407xx.o(.text))
<BR>[Address Reference Count : 1]<UL><LI> startup_stm32f407xx.o(RESET)
</UL>
<P><STRONG><a name="[45]"></a>SPI3_IRQHandler</STRONG> (Thumb, 0 bytes, Stack size 0 bytes, startup_stm32f407xx.o(.text))
<BR>[Address Reference Count : 1]<UL><LI> startup_stm32f407xx.o(RESET)
</UL>
<P><STRONG><a name="[14]"></a>TAMP_STAMP_IRQHandler</STRONG> (Thumb, 0 bytes, Stack size 0 bytes, startup_stm32f407xx.o(.text))
<BR>[Address Reference Count : 1]<UL><LI> startup_stm32f407xx.o(RESET)
</UL>
<P><STRONG><a name="[2a]"></a>TIM1_BRK_TIM9_IRQHandler</STRONG> (Thumb, 0 bytes, Stack size 0 bytes, startup_stm32f407xx.o(.text))
<BR>[Address Reference Count : 1]<UL><LI> startup_stm32f407xx.o(RESET)
</UL>
<P><STRONG><a name="[2d]"></a>TIM1_CC_IRQHandler</STRONG> (Thumb, 0 bytes, Stack size 0 bytes, startup_stm32f407xx.o(.text))
<BR>[Address Reference Count : 1]<UL><LI> startup_stm32f407xx.o(RESET)
</UL>
<P><STRONG><a name="[2c]"></a>TIM1_TRG_COM_TIM11_IRQHandler</STRONG> (Thumb, 0 bytes, Stack size 0 bytes, startup_stm32f407xx.o(.text))
<BR>[Address Reference Count : 1]<UL><LI> startup_stm32f407xx.o(RESET)
</UL>
<P><STRONG><a name="[2b]"></a>TIM1_UP_TIM10_IRQHandler</STRONG> (Thumb, 0 bytes, Stack size 0 bytes, startup_stm32f407xx.o(.text))
<BR>[Address Reference Count : 1]<UL><LI> startup_stm32f407xx.o(RESET)
</UL>
<P><STRONG><a name="[2f]"></a>TIM3_IRQHandler</STRONG> (Thumb, 0 bytes, Stack size 0 bytes, startup_stm32f407xx.o(.text))
<BR>[Address Reference Count : 1]<UL><LI> startup_stm32f407xx.o(RESET)
</UL>
<P><STRONG><a name="[48]"></a>TIM6_DAC_IRQHandler</STRONG> (Thumb, 0 bytes, Stack size 0 bytes, startup_stm32f407xx.o(.text))
<BR>[Address Reference Count : 1]<UL><LI> startup_stm32f407xx.o(RESET)
</UL>
<P><STRONG><a name="[49]"></a>TIM7_IRQHandler</STRONG> (Thumb, 0 bytes, Stack size 0 bytes, startup_stm32f407xx.o(.text))
<BR>[Address Reference Count : 1]<UL><LI> startup_stm32f407xx.o(RESET)
</UL>
<P><STRONG><a name="[3d]"></a>TIM8_BRK_TIM12_IRQHandler</STRONG> (Thumb, 0 bytes, Stack size 0 bytes, startup_stm32f407xx.o(.text))
<BR>[Address Reference Count : 1]<UL><LI> startup_stm32f407xx.o(RESET)
</UL>
<P><STRONG><a name="[40]"></a>TIM8_CC_IRQHandler</STRONG> (Thumb, 0 bytes, Stack size 0 bytes, startup_stm32f407xx.o(.text))
<BR>[Address Reference Count : 1]<UL><LI> startup_stm32f407xx.o(RESET)
</UL>
<P><STRONG><a name="[3f]"></a>TIM8_TRG_COM_TIM14_IRQHandler</STRONG> (Thumb, 0 bytes, Stack size 0 bytes, startup_stm32f407xx.o(.text))
<BR>[Address Reference Count : 1]<UL><LI> startup_stm32f407xx.o(RESET)
</UL>
<P><STRONG><a name="[3e]"></a>TIM8_UP_TIM13_IRQHandler</STRONG> (Thumb, 0 bytes, Stack size 0 bytes, startup_stm32f407xx.o(.text))
<BR>[Address Reference Count : 1]<UL><LI> startup_stm32f407xx.o(RESET)
</UL>
<P><STRONG><a name="[12]"></a>WWDG_IRQHandler</STRONG> (Thumb, 0 bytes, Stack size 0 bytes, startup_stm32f407xx.o(.text))
<BR>[Address Reference Count : 1]<UL><LI> startup_stm32f407xx.o(RESET)
</UL>
<P><STRONG><a name="[e3]"></a>__user_initial_stackheap</STRONG> (Thumb, 0 bytes, Stack size unknown bytes, startup_stm32f407xx.o(.text))
<BR><BR>[Called By]<UL><LI><a href="#[c0]">&gt;&gt;</a>&nbsp;&nbsp;&nbsp;__user_setup_stackheap
</UL>

<P><STRONG><a name="[ee]"></a>rt_hw_interrupt_disable</STRONG> (Thumb, 8 bytes, Stack size 0 bytes, context_rvds.o(.text))
<BR><BR>[Called By]<UL><LI><a href="#[1e5]">&gt;&gt;</a>&nbsp;&nbsp;&nbsp;rt_interrupt_leave
<LI><a href="#[1e3]">&gt;&gt;</a>&nbsp;&nbsp;&nbsp;rt_interrupt_enter
<LI><a href="#[1f4]">&gt;&gt;</a>&nbsp;&nbsp;&nbsp;rt_thread_idle_sethook
<LI><a href="#[23e]">&gt;&gt;</a>&nbsp;&nbsp;&nbsp;rt_exit_critical
<LI><a href="#[23d]">&gt;&gt;</a>&nbsp;&nbsp;&nbsp;rt_enter_critical
<LI><a href="#[ed]">&gt;&gt;</a>&nbsp;&nbsp;&nbsp;Application_DataFlash_Modification
<LI><a href="#[259]">&gt;&gt;</a>&nbsp;&nbsp;&nbsp;rt_timer_start
<LI><a href="#[258]">&gt;&gt;</a>&nbsp;&nbsp;&nbsp;rt_timer_control
<LI><a href="#[24c]">&gt;&gt;</a>&nbsp;&nbsp;&nbsp;rt_thread_suspend
<LI><a href="#[257]">&gt;&gt;</a>&nbsp;&nbsp;&nbsp;rt_thread_resume
<LI><a href="#[23f]">&gt;&gt;</a>&nbsp;&nbsp;&nbsp;rt_schedule
<LI><a href="#[251]">&gt;&gt;</a>&nbsp;&nbsp;&nbsp;rt_object_init
<LI><a href="#[250]">&gt;&gt;</a>&nbsp;&nbsp;&nbsp;rt_object_detach
<LI><a href="#[24e]">&gt;&gt;</a>&nbsp;&nbsp;&nbsp;rt_object_allocate
<LI><a href="#[240]">&gt;&gt;</a>&nbsp;&nbsp;&nbsp;rt_sem_take
<LI><a href="#[242]">&gt;&gt;</a>&nbsp;&nbsp;&nbsp;rt_sem_release
<LI><a href="#[24f]">&gt;&gt;</a>&nbsp;&nbsp;&nbsp;rt_object_delete
<LI><a href="#[25f]">&gt;&gt;</a>&nbsp;&nbsp;&nbsp;rt_thread_idle_excute
<LI><a href="#[e7]">&gt;&gt;</a>&nbsp;&nbsp;&nbsp;rtthread_startup
<LI><a href="#[266]">&gt;&gt;</a>&nbsp;&nbsp;&nbsp;rt_timer_check
<LI><a href="#[265]">&gt;&gt;</a>&nbsp;&nbsp;&nbsp;rt_thread_yield
<LI><a href="#[b2]">&gt;&gt;</a>&nbsp;&nbsp;&nbsp;list_timer
<LI><a href="#[af]">&gt;&gt;</a>&nbsp;&nbsp;&nbsp;list_sem
<LI><a href="#[b0]">&gt;&gt;</a>&nbsp;&nbsp;&nbsp;list_mutex
<LI><a href="#[b1]">&gt;&gt;</a>&nbsp;&nbsp;&nbsp;list_msgqueue
<LI><a href="#[231]">&gt;&gt;</a>&nbsp;&nbsp;&nbsp;list_get_next
<LI><a href="#[ae]">&gt;&gt;</a>&nbsp;&nbsp;&nbsp;list_thread
<LI><a href="#[264]">&gt;&gt;</a>&nbsp;&nbsp;&nbsp;rt_timer_stop
<LI><a href="#[25d]">&gt;&gt;</a>&nbsp;&nbsp;&nbsp;rt_timer_detach
<LI><a href="#[263]">&gt;&gt;</a>&nbsp;&nbsp;&nbsp;rt_thread_sleep
<LI><a href="#[99]">&gt;&gt;</a>&nbsp;&nbsp;&nbsp;rt_thread_exit
<LI><a href="#[20d]">&gt;&gt;</a>&nbsp;&nbsp;&nbsp;_thread_cleanup_execute
<LI><a href="#[256]">&gt;&gt;</a>&nbsp;&nbsp;&nbsp;rt_schedule_remove_thread
<LI><a href="#[255]">&gt;&gt;</a>&nbsp;&nbsp;&nbsp;rt_schedule_insert_thread
</UL>

<P><STRONG><a name="[ef]"></a>rt_hw_interrupt_enable</STRONG> (Thumb, 6 bytes, Stack size 0 bytes, context_rvds.o(.text))
<BR><BR>[Called By]<UL><LI><a href="#[1e5]">&gt;&gt;</a>&nbsp;&nbsp;&nbsp;rt_interrupt_leave
<LI><a href="#[1e3]">&gt;&gt;</a>&nbsp;&nbsp;&nbsp;rt_interrupt_enter
<LI><a href="#[1f4]">&gt;&gt;</a>&nbsp;&nbsp;&nbsp;rt_thread_idle_sethook
<LI><a href="#[23e]">&gt;&gt;</a>&nbsp;&nbsp;&nbsp;rt_exit_critical
<LI><a href="#[23d]">&gt;&gt;</a>&nbsp;&nbsp;&nbsp;rt_enter_critical
<LI><a href="#[ed]">&gt;&gt;</a>&nbsp;&nbsp;&nbsp;Application_DataFlash_Modification
<LI><a href="#[259]">&gt;&gt;</a>&nbsp;&nbsp;&nbsp;rt_timer_start
<LI><a href="#[258]">&gt;&gt;</a>&nbsp;&nbsp;&nbsp;rt_timer_control
<LI><a href="#[24c]">&gt;&gt;</a>&nbsp;&nbsp;&nbsp;rt_thread_suspend
<LI><a href="#[257]">&gt;&gt;</a>&nbsp;&nbsp;&nbsp;rt_thread_resume
<LI><a href="#[23f]">&gt;&gt;</a>&nbsp;&nbsp;&nbsp;rt_schedule
<LI><a href="#[251]">&gt;&gt;</a>&nbsp;&nbsp;&nbsp;rt_object_init
<LI><a href="#[250]">&gt;&gt;</a>&nbsp;&nbsp;&nbsp;rt_object_detach
<LI><a href="#[24e]">&gt;&gt;</a>&nbsp;&nbsp;&nbsp;rt_object_allocate
<LI><a href="#[240]">&gt;&gt;</a>&nbsp;&nbsp;&nbsp;rt_sem_take
<LI><a href="#[242]">&gt;&gt;</a>&nbsp;&nbsp;&nbsp;rt_sem_release
<LI><a href="#[24f]">&gt;&gt;</a>&nbsp;&nbsp;&nbsp;rt_object_delete
<LI><a href="#[25f]">&gt;&gt;</a>&nbsp;&nbsp;&nbsp;rt_thread_idle_excute
<LI><a href="#[266]">&gt;&gt;</a>&nbsp;&nbsp;&nbsp;rt_timer_check
<LI><a href="#[265]">&gt;&gt;</a>&nbsp;&nbsp;&nbsp;rt_thread_yield
<LI><a href="#[b2]">&gt;&gt;</a>&nbsp;&nbsp;&nbsp;list_timer
<LI><a href="#[af]">&gt;&gt;</a>&nbsp;&nbsp;&nbsp;list_sem
<LI><a href="#[b0]">&gt;&gt;</a>&nbsp;&nbsp;&nbsp;list_mutex
<LI><a href="#[b1]">&gt;&gt;</a>&nbsp;&nbsp;&nbsp;list_msgqueue
<LI><a href="#[231]">&gt;&gt;</a>&nbsp;&nbsp;&nbsp;list_get_next
<LI><a href="#[ae]">&gt;&gt;</a>&nbsp;&nbsp;&nbsp;list_thread
<LI><a href="#[264]">&gt;&gt;</a>&nbsp;&nbsp;&nbsp;rt_timer_stop
<LI><a href="#[25d]">&gt;&gt;</a>&nbsp;&nbsp;&nbsp;rt_timer_detach
<LI><a href="#[263]">&gt;&gt;</a>&nbsp;&nbsp;&nbsp;rt_thread_sleep
<LI><a href="#[99]">&gt;&gt;</a>&nbsp;&nbsp;&nbsp;rt_thread_exit
<LI><a href="#[20d]">&gt;&gt;</a>&nbsp;&nbsp;&nbsp;_thread_cleanup_execute
<LI><a href="#[256]">&gt;&gt;</a>&nbsp;&nbsp;&nbsp;rt_schedule_remove_thread
<LI><a href="#[255]">&gt;&gt;</a>&nbsp;&nbsp;&nbsp;rt_schedule_insert_thread
</UL>

<P><STRONG><a name="[254]"></a>rt_hw_context_switch</STRONG> (Thumb, 32 bytes, Stack size 0 bytes, context_rvds.o(.text))
<BR><BR>[Called By]<UL><LI><a href="#[23f]">&gt;&gt;</a>&nbsp;&nbsp;&nbsp;rt_schedule
</UL>

<P><STRONG><a name="[253]"></a>rt_hw_context_switch_interrupt</STRONG> (Thumb, 0 bytes, Stack size 0 bytes, context_rvds.o(.text))
<BR><BR>[Called By]<UL><LI><a href="#[23f]">&gt;&gt;</a>&nbsp;&nbsp;&nbsp;rt_schedule
</UL>

<P><STRONG><a name="[10]"></a>PendSV_Handler</STRONG> (Thumb, 108 bytes, Stack size 0 bytes, context_rvds.o(.text))
<BR>[Address Reference Count : 1]<UL><LI> startup_stm32f407xx.o(RESET)
</UL>
<P><STRONG><a name="[25c]"></a>rt_hw_context_switch_to</STRONG> (Thumb, 68 bytes, Stack size 0 bytes, context_rvds.o(.text))
<BR><BR>[Called By]<UL><LI><a href="#[25b]">&gt;&gt;</a>&nbsp;&nbsp;&nbsp;rt_system_scheduler_start
</UL>

<P><STRONG><a name="[29c]"></a>rt_hw_interrupt_thread_switch</STRONG> (Thumb, 2 bytes, Stack size 0 bytes, context_rvds.o(.text), UNUSED)

<P><STRONG><a name="[a]"></a>HardFault_Handler</STRONG> (Thumb, 56 bytes, Stack size 0 bytes, context_rvds.o(.text))
<BR><BR>[Stack]<UL><LI>Max Depth = 372<LI>Call Chain = HardFault_Handler &rArr; rt_hw_hard_fault_exception &rArr; list_thread &rArr; rt_kprintf &rArr; rt_vsnprintf &rArr; print_number
</UL>
<BR>[Calls]<UL><LI><a href="#[ca]">&gt;&gt;</a>&nbsp;&nbsp;&nbsp;rt_hw_hard_fault_exception
</UL>
<BR>[Address Reference Count : 1]<UL><LI> startup_stm32f407xx.o(RESET)
</UL>
<P><STRONG><a name="[cb]"></a>malloc</STRONG> (Thumb, 94 bytes, Stack size 16 bytes, h1_alloc.o(.text))
<BR><BR>[Stack]<UL><LI>Max Depth = 48<LI>Call Chain = malloc &rArr; __Heap_Full &rArr; __Heap_ProvideMemory &rArr; free
</UL>
<BR>[Calls]<UL><LI><a href="#[cd]">&gt;&gt;</a>&nbsp;&nbsp;&nbsp;__Heap_Full
<LI><a href="#[cc]">&gt;&gt;</a>&nbsp;&nbsp;&nbsp;__rt_heap_descriptor
</UL>
<BR>[Called By]<UL><LI><a href="#[1c8]">&gt;&gt;</a>&nbsp;&nbsp;&nbsp;lcd_show_char
</UL>

<P><STRONG><a name="[ce]"></a>free</STRONG> (Thumb, 78 bytes, Stack size 16 bytes, h1_free.o(.text))
<BR><BR>[Stack]<UL><LI>Max Depth = 16<LI>Call Chain = free
</UL>
<BR>[Calls]<UL><LI><a href="#[cc]">&gt;&gt;</a>&nbsp;&nbsp;&nbsp;__rt_heap_descriptor
</UL>
<BR>[Called By]<UL><LI><a href="#[1c8]">&gt;&gt;</a>&nbsp;&nbsp;&nbsp;lcd_show_char
<LI><a href="#[d8]">&gt;&gt;</a>&nbsp;&nbsp;&nbsp;__Heap_ProvideMemory
</UL>

<P><STRONG><a name="[17b]"></a>__aeabi_uldivmod</STRONG> (Thumb, 0 bytes, Stack size 48 bytes, lludivv7m.o(.text))
<BR><BR>[Stack]<UL><LI>Max Depth = 48<LI>Call Chain = __aeabi_uldivmod
</UL>
<BR>[Called By]<UL><LI><a href="#[1ab]">&gt;&gt;</a>&nbsp;&nbsp;&nbsp;UART_SetConfig
<LI><a href="#[177]">&gt;&gt;</a>&nbsp;&nbsp;&nbsp;HAL_RCC_GetSysClockFreq
</UL>

<P><STRONG><a name="[29d]"></a>_ll_udiv</STRONG> (Thumb, 238 bytes, Stack size 48 bytes, lludivv7m.o(.text), UNUSED)

<P><STRONG><a name="[202]"></a>strstr</STRONG> (Thumb, 36 bytes, Stack size 12 bytes, strstr.o(.text))
<BR><BR>[Stack]<UL><LI>Max Depth = 12<LI>Call Chain = strstr
</UL>
<BR>[Called By]<UL><LI><a href="#[77]">&gt;&gt;</a>&nbsp;&nbsp;&nbsp;XferExternalUart4Rx_Handler
</UL>

<P><STRONG><a name="[220]"></a>strlen</STRONG> (Thumb, 62 bytes, Stack size 8 bytes, strlen.o(.text))
<BR><BR>[Stack]<UL><LI>Max Depth = 8<LI>Call Chain = strlen
</UL>
<BR>[Called By]<UL><LI><a href="#[9b]">&gt;&gt;</a>&nbsp;&nbsp;&nbsp;finsh_thread_entry
<LI><a href="#[236]">&gt;&gt;</a>&nbsp;&nbsp;&nbsp;msh_auto_complete
</UL>

<P><STRONG><a name="[22e]"></a>strncmp</STRONG> (Thumb, 150 bytes, Stack size 16 bytes, strncmp.o(.text))
<BR><BR>[Stack]<UL><LI>Max Depth = 16<LI>Call Chain = strncmp
</UL>
<BR>[Called By]<UL><LI><a href="#[207]">&gt;&gt;</a>&nbsp;&nbsp;&nbsp;msh_get_cmd
<LI><a href="#[b3]">&gt;&gt;</a>&nbsp;&nbsp;&nbsp;list
<LI><a href="#[b4]">&gt;&gt;</a>&nbsp;&nbsp;&nbsp;msh_help
<LI><a href="#[236]">&gt;&gt;</a>&nbsp;&nbsp;&nbsp;msh_auto_complete
</UL>

<P><STRONG><a name="[217]"></a>strcat</STRONG> (Thumb, 24 bytes, Stack size 0 bytes, strcat.o(.text))
<BR><BR>[Called By]<UL><LI><a href="#[215]">&gt;&gt;</a>&nbsp;&nbsp;&nbsp;finsh_get_prompt
</UL>

<P><STRONG><a name="[d2]"></a>__aeabi_memcpy</STRONG> (Thumb, 0 bytes, Stack size 0 bytes, rt_memcpy_v6.o(.text))
<BR><BR>[Called By]<UL><LI><a href="#[1ad]">&gt;&gt;</a>&nbsp;&nbsp;&nbsp;HAL_UART_RxCpltCallback
<LI><a href="#[10b]">&gt;&gt;</a>&nbsp;&nbsp;&nbsp;Bsp_UARTMixed_TxTrigger
<LI><a href="#[214]">&gt;&gt;</a>&nbsp;&nbsp;&nbsp;fifo_s_puts
<LI><a href="#[1d0]">&gt;&gt;</a>&nbsp;&nbsp;&nbsp;process_zdt_command
<LI><a href="#[d1]">&gt;&gt;</a>&nbsp;&nbsp;&nbsp;__rt_memmove
</UL>

<P><STRONG><a name="[cf]"></a>__rt_memcpy</STRONG> (Thumb, 138 bytes, Stack size 0 bytes, rt_memcpy_v6.o(.text), UNUSED)
<BR><BR>[Calls]<UL><LI><a href="#[d0]">&gt;&gt;</a>&nbsp;&nbsp;&nbsp;__aeabi_memcpy4
</UL>

<P><STRONG><a name="[29e]"></a>_memcpy_lastbytes</STRONG> (Thumb, 0 bytes, Stack size unknown bytes, rt_memcpy_v6.o(.text), UNUSED)

<P><STRONG><a name="[1cf]"></a>__aeabi_memmove</STRONG> (Thumb, 0 bytes, Stack size 0 bytes, rt_memmove_v6.o(.text))
<BR><BR>[Called By]<UL><LI><a href="#[125]">&gt;&gt;</a>&nbsp;&nbsp;&nbsp;PC_unpack_fifo_data
</UL>

<P><STRONG><a name="[d1]"></a>__rt_memmove</STRONG> (Thumb, 132 bytes, Stack size 0 bytes, rt_memmove_v6.o(.text), UNUSED)
<BR><BR>[Calls]<UL><LI><a href="#[d3]">&gt;&gt;</a>&nbsp;&nbsp;&nbsp;__memmove_aligned
<LI><a href="#[d2]">&gt;&gt;</a>&nbsp;&nbsp;&nbsp;__aeabi_memcpy
</UL>

<P><STRONG><a name="[29f]"></a>__memmove_lastfew</STRONG> (Thumb, 0 bytes, Stack size unknown bytes, rt_memmove_v6.o(.text), UNUSED)

<P><STRONG><a name="[d0]"></a>__aeabi_memcpy4</STRONG> (Thumb, 0 bytes, Stack size 8 bytes, rt_memcpy_w.o(.text))
<BR><BR>[Stack]<UL><LI>Max Depth = 8<LI>Call Chain = __aeabi_memcpy4
</UL>
<BR>[Called By]<UL><LI><a href="#[df]">&gt;&gt;</a>&nbsp;&nbsp;&nbsp;__rt_memmove_w
<LI><a href="#[1d9]">&gt;&gt;</a>&nbsp;&nbsp;&nbsp;SLAVE_Tracking_ProtocolDefinitions
<LI><a href="#[1d4]">&gt;&gt;</a>&nbsp;&nbsp;&nbsp;SLAVE_DCMotorMiniwatt_ProtocolDefinitions
<LI><a href="#[1d6]">&gt;&gt;</a>&nbsp;&nbsp;&nbsp;xCreate
<LI><a href="#[1d7]">&gt;&gt;</a>&nbsp;&nbsp;&nbsp;SLAVE_SteeringEngine_3CH_ProtocolDefinitions
<LI><a href="#[ae]">&gt;&gt;</a>&nbsp;&nbsp;&nbsp;list_thread
<LI><a href="#[cf]">&gt;&gt;</a>&nbsp;&nbsp;&nbsp;__rt_memcpy
</UL>

<P><STRONG><a name="[2a0]"></a>__aeabi_memcpy8</STRONG> (Thumb, 0 bytes, Stack size 8 bytes, rt_memcpy_w.o(.text), UNUSED)

<P><STRONG><a name="[2a1]"></a>__rt_memcpy_w</STRONG> (Thumb, 100 bytes, Stack size 8 bytes, rt_memcpy_w.o(.text), UNUSED)

<P><STRONG><a name="[2a2]"></a>_memcpy_lastbytes_aligned</STRONG> (Thumb, 0 bytes, Stack size unknown bytes, rt_memcpy_w.o(.text), UNUSED)

<P><STRONG><a name="[d7]"></a>__aeabi_memclr</STRONG> (Thumb, 0 bytes, Stack size 0 bytes, rt_memclr.o(.text))
<BR><BR>[Called By]<UL><LI><a href="#[d6]">&gt;&gt;</a>&nbsp;&nbsp;&nbsp;strncpy
<LI><a href="#[9b]">&gt;&gt;</a>&nbsp;&nbsp;&nbsp;finsh_thread_entry
</UL>

<P><STRONG><a name="[d4]"></a>__rt_memclr</STRONG> (Thumb, 68 bytes, Stack size 0 bytes, rt_memclr.o(.text), UNUSED)
<BR><BR>[Calls]<UL><LI><a href="#[d5]">&gt;&gt;</a>&nbsp;&nbsp;&nbsp;_memset_w
</UL>

<P><STRONG><a name="[2a3]"></a>_memset</STRONG> (Thumb, 0 bytes, Stack size unknown bytes, rt_memclr.o(.text), UNUSED)

<P><STRONG><a name="[112]"></a>__aeabi_memclr4</STRONG> (Thumb, 0 bytes, Stack size 4 bytes, rt_memclr_w.o(.text))
<BR><BR>[Stack]<UL><LI>Max Depth = 4<LI>Call Chain = __aeabi_memclr4
</UL>
<BR>[Called By]<UL><LI><a href="#[1aa]">&gt;&gt;</a>&nbsp;&nbsp;&nbsp;HAL_UART_MspInit
<LI><a href="#[fb]">&gt;&gt;</a>&nbsp;&nbsp;&nbsp;MX_TIM8_Init
<LI><a href="#[fa]">&gt;&gt;</a>&nbsp;&nbsp;&nbsp;MX_TIM5_Init
<LI><a href="#[fe]">&gt;&gt;</a>&nbsp;&nbsp;&nbsp;MX_TIM1_Init
<LI><a href="#[195]">&gt;&gt;</a>&nbsp;&nbsp;&nbsp;HAL_TIM_MspPostInit
<LI><a href="#[17e]">&gt;&gt;</a>&nbsp;&nbsp;&nbsp;HAL_SPI_MspInit
<LI><a href="#[158]">&gt;&gt;</a>&nbsp;&nbsp;&nbsp;HAL_CAN_MspInit
<LI><a href="#[145]">&gt;&gt;</a>&nbsp;&nbsp;&nbsp;HAL_ADC_MspInit
<LI><a href="#[f0]">&gt;&gt;</a>&nbsp;&nbsp;&nbsp;MX_GPIO_Init
<LI><a href="#[1e7]">&gt;&gt;</a>&nbsp;&nbsp;&nbsp;SystemClock_Config
<LI><a href="#[1f1]">&gt;&gt;</a>&nbsp;&nbsp;&nbsp;mybtn_init
<LI><a href="#[111]">&gt;&gt;</a>&nbsp;&nbsp;&nbsp;Bsp_UartMixed_Init
<LI><a href="#[212]">&gt;&gt;</a>&nbsp;&nbsp;&nbsp;buzzerQuiet
<LI><a href="#[134]">&gt;&gt;</a>&nbsp;&nbsp;&nbsp;buzzerSound
<LI><a href="#[1d5]">&gt;&gt;</a>&nbsp;&nbsp;&nbsp;SLAVE_DCMotorMiniwatt_Init
<LI><a href="#[117]">&gt;&gt;</a>&nbsp;&nbsp;&nbsp;InitialUsedPGs
<LI><a href="#[1bc]">&gt;&gt;</a>&nbsp;&nbsp;&nbsp;HCSR04_Inti
<LI><a href="#[1d8]">&gt;&gt;</a>&nbsp;&nbsp;&nbsp;SLAVE_SteeringEngine3CH_Init
<LI><a href="#[1db]">&gt;&gt;</a>&nbsp;&nbsp;&nbsp;SLAVE_Tracking_Init
</UL>

<P><STRONG><a name="[2a4]"></a>__aeabi_memclr8</STRONG> (Thumb, 0 bytes, Stack size 4 bytes, rt_memclr_w.o(.text), UNUSED)

<P><STRONG><a name="[2a5]"></a>__rt_memclr_w</STRONG> (Thumb, 78 bytes, Stack size 4 bytes, rt_memclr_w.o(.text), UNUSED)

<P><STRONG><a name="[d5]"></a>_memset_w</STRONG> (Thumb, 0 bytes, Stack size unknown bytes, rt_memclr_w.o(.text), UNUSED)
<BR><BR>[Called By]<UL><LI><a href="#[d4]">&gt;&gt;</a>&nbsp;&nbsp;&nbsp;__rt_memclr
</UL>

<P><STRONG><a name="[d6]"></a>strncpy</STRONG> (Thumb, 86 bytes, Stack size 8 bytes, strncpy.o(.text))
<BR><BR>[Stack]<UL><LI>Max Depth = 8<LI>Call Chain = strncpy
</UL>
<BR>[Calls]<UL><LI><a href="#[d7]">&gt;&gt;</a>&nbsp;&nbsp;&nbsp;__aeabi_memclr
</UL>
<BR>[Called By]<UL><LI><a href="#[215]">&gt;&gt;</a>&nbsp;&nbsp;&nbsp;finsh_get_prompt
</UL>

<P><STRONG><a name="[2a6]"></a>__use_two_region_memory</STRONG> (Thumb, 2 bytes, Stack size 0 bytes, heapauxi.o(.text), UNUSED)

<P><STRONG><a name="[2]"></a>__rt_heap_escrow</STRONG> (Thumb, 2 bytes, Stack size 0 bytes, heapauxi.o(.text), UNUSED)

<P><STRONG><a name="[1]"></a>__rt_heap_expand</STRONG> (Thumb, 2 bytes, Stack size 0 bytes, heapauxi.o(.text), UNUSED)

<P><STRONG><a name="[cc]"></a>__rt_heap_descriptor</STRONG> (Thumb, 8 bytes, Stack size 0 bytes, rt_heap_descriptor_intlibspace.o(.text))
<BR><BR>[Called By]<UL><LI><a href="#[be]">&gt;&gt;</a>&nbsp;&nbsp;&nbsp;_init_alloc
<LI><a href="#[ce]">&gt;&gt;</a>&nbsp;&nbsp;&nbsp;free
<LI><a href="#[cb]">&gt;&gt;</a>&nbsp;&nbsp;&nbsp;malloc
</UL>

<P><STRONG><a name="[2a7]"></a>__use_no_heap</STRONG> (Thumb, 2 bytes, Stack size 0 bytes, hguard.o(.text), UNUSED)

<P><STRONG><a name="[2a8]"></a>__heap$guard</STRONG> (Thumb, 2 bytes, Stack size 0 bytes, hguard.o(.text), UNUSED)

<P><STRONG><a name="[6]"></a>_terminate_user_alloc</STRONG> (Thumb, 2 bytes, Stack size 0 bytes, init_alloc.o(.text), UNUSED)

<P><STRONG><a name="[4]"></a>_init_user_alloc</STRONG> (Thumb, 2 bytes, Stack size 0 bytes, init_alloc.o(.text), UNUSED)

<P><STRONG><a name="[cd]"></a>__Heap_Full</STRONG> (Thumb, 34 bytes, Stack size 16 bytes, init_alloc.o(.text))
<BR><BR>[Stack]<UL><LI>Max Depth = 32<LI>Call Chain = __Heap_Full &rArr; __Heap_ProvideMemory &rArr; free
</UL>
<BR>[Calls]<UL><LI><a href="#[d8]">&gt;&gt;</a>&nbsp;&nbsp;&nbsp;__Heap_ProvideMemory
</UL>
<BR>[Called By]<UL><LI><a href="#[cb]">&gt;&gt;</a>&nbsp;&nbsp;&nbsp;malloc
</UL>

<P><STRONG><a name="[d9]"></a>__Heap_Broken</STRONG> (Thumb, 6 bytes, Stack size 0 bytes, init_alloc.o(.text), UNUSED)
<BR><BR>[Calls]<UL><LI><a href="#[da]">&gt;&gt;</a>&nbsp;&nbsp;&nbsp;__rt_SIGRTMEM
</UL>

<P><STRONG><a name="[be]"></a>_init_alloc</STRONG> (Thumb, 94 bytes, Stack size 24 bytes, init_alloc.o(.text))
<BR><BR>[Stack]<UL><LI>Max Depth = 64<LI>Call Chain = _init_alloc &rArr; __rt_SIGRTMEM &rArr; __rt_SIGRTMEM_inner &rArr; __default_signal_display &rArr; _ttywrch
</UL>
<BR>[Calls]<UL><LI><a href="#[da]">&gt;&gt;</a>&nbsp;&nbsp;&nbsp;__rt_SIGRTMEM
<LI><a href="#[d8]">&gt;&gt;</a>&nbsp;&nbsp;&nbsp;__Heap_ProvideMemory
<LI><a href="#[db]">&gt;&gt;</a>&nbsp;&nbsp;&nbsp;__Heap_Initialize
<LI><a href="#[cc]">&gt;&gt;</a>&nbsp;&nbsp;&nbsp;__rt_heap_descriptor
</UL>
<BR>[Called By]<UL><LI><a href="#[bd]">&gt;&gt;</a>&nbsp;&nbsp;&nbsp;__rt_lib_init_heap_2
</UL>

<P><STRONG><a name="[db]"></a>__Heap_Initialize</STRONG> (Thumb, 10 bytes, Stack size 0 bytes, h1_init.o(.text))
<BR><BR>[Called By]<UL><LI><a href="#[be]">&gt;&gt;</a>&nbsp;&nbsp;&nbsp;_init_alloc
</UL>

<P><STRONG><a name="[3]"></a>__Heap_DescSize</STRONG> (Thumb, 4 bytes, Stack size 0 bytes, h1_init.o(.text), UNUSED)

<P><STRONG><a name="[dc]"></a>__read_errno</STRONG> (Thumb, 10 bytes, Stack size 8 bytes, _rserrno.o(.text), UNUSED)
<BR><BR>[Calls]<UL><LI><a href="#[dd]">&gt;&gt;</a>&nbsp;&nbsp;&nbsp;__aeabi_errno_addr
</UL>

<P><STRONG><a name="[de]"></a>__set_errno</STRONG> (Thumb, 12 bytes, Stack size 8 bytes, _rserrno.o(.text))
<BR><BR>[Stack]<UL><LI>Max Depth = 8<LI>Call Chain = __set_errno
</UL>
<BR>[Calls]<UL><LI><a href="#[dd]">&gt;&gt;</a>&nbsp;&nbsp;&nbsp;__aeabi_errno_addr
</UL>
<BR>[Called By]<UL><LI><a href="#[1b9]">&gt;&gt;</a>&nbsp;&nbsp;&nbsp;__hardfp_sqrt
</UL>

<P><STRONG><a name="[2a9]"></a>__aeabi_memmove4</STRONG> (Thumb, 0 bytes, Stack size 8 bytes, rt_memmove_w.o(.text), UNUSED)

<P><STRONG><a name="[2aa]"></a>__aeabi_memmove8</STRONG> (Thumb, 0 bytes, Stack size 8 bytes, rt_memmove_w.o(.text), UNUSED)

<P><STRONG><a name="[df]"></a>__rt_memmove_w</STRONG> (Thumb, 122 bytes, Stack size 8 bytes, rt_memmove_w.o(.text), UNUSED)
<BR><BR>[Calls]<UL><LI><a href="#[d0]">&gt;&gt;</a>&nbsp;&nbsp;&nbsp;__aeabi_memcpy4
</UL>

<P><STRONG><a name="[d3]"></a>__memmove_aligned</STRONG> (Thumb, 0 bytes, Stack size unknown bytes, rt_memmove_w.o(.text), UNUSED)
<BR><BR>[Called By]<UL><LI><a href="#[d1]">&gt;&gt;</a>&nbsp;&nbsp;&nbsp;__rt_memmove
</UL>

<P><STRONG><a name="[2ab]"></a>__memmove_lastfew_aligned</STRONG> (Thumb, 0 bytes, Stack size unknown bytes, rt_memmove_w.o(.text), UNUSED)

<P><STRONG><a name="[2ac]"></a>__user_libspace</STRONG> (Thumb, 8 bytes, Stack size 0 bytes, libspace.o(.text), UNUSED)

<P><STRONG><a name="[e2]"></a>__user_perproc_libspace</STRONG> (Thumb, 0 bytes, Stack size 0 bytes, libspace.o(.text))
<BR><BR>[Called By]<UL><LI><a href="#[c0]">&gt;&gt;</a>&nbsp;&nbsp;&nbsp;__user_setup_stackheap
</UL>

<P><STRONG><a name="[2ad]"></a>__user_perthread_libspace</STRONG> (Thumb, 0 bytes, Stack size 0 bytes, libspace.o(.text), UNUSED)

<P><STRONG><a name="[dd]"></a>__aeabi_errno_addr</STRONG> (Thumb, 8 bytes, Stack size 0 bytes, rt_errno_addr_intlibspace.o(.text))
<BR><BR>[Called By]<UL><LI><a href="#[de]">&gt;&gt;</a>&nbsp;&nbsp;&nbsp;__set_errno
<LI><a href="#[dc]">&gt;&gt;</a>&nbsp;&nbsp;&nbsp;__read_errno
</UL>

<P><STRONG><a name="[2ae]"></a>__errno$intlibspace</STRONG> (Thumb, 0 bytes, Stack size 0 bytes, rt_errno_addr_intlibspace.o(.text), UNUSED)

<P><STRONG><a name="[2af]"></a>__rt_errno_addr$intlibspace</STRONG> (Thumb, 0 bytes, Stack size 0 bytes, rt_errno_addr_intlibspace.o(.text), UNUSED)

<P><STRONG><a name="[d8]"></a>__Heap_ProvideMemory</STRONG> (Thumb, 52 bytes, Stack size 0 bytes, h1_extend.o(.text))
<BR><BR>[Stack]<UL><LI>Max Depth = 16<LI>Call Chain = __Heap_ProvideMemory &rArr; free
</UL>
<BR>[Calls]<UL><LI><a href="#[ce]">&gt;&gt;</a>&nbsp;&nbsp;&nbsp;free
</UL>
<BR>[Called By]<UL><LI><a href="#[be]">&gt;&gt;</a>&nbsp;&nbsp;&nbsp;_init_alloc
<LI><a href="#[cd]">&gt;&gt;</a>&nbsp;&nbsp;&nbsp;__Heap_Full
</UL>

<P><STRONG><a name="[da]"></a>__rt_SIGRTMEM</STRONG> (Thumb, 14 bytes, Stack size 8 bytes, defsig_rtmem_outer.o(.text))
<BR><BR>[Stack]<UL><LI>Max Depth = 40<LI>Call Chain = __rt_SIGRTMEM &rArr; __rt_SIGRTMEM_inner &rArr; __default_signal_display &rArr; _ttywrch
</UL>
<BR>[Calls]<UL><LI><a href="#[e0]">&gt;&gt;</a>&nbsp;&nbsp;&nbsp;__rt_SIGRTMEM_inner
<LI><a href="#[e1]">&gt;&gt;</a>&nbsp;&nbsp;&nbsp;__sig_exit
</UL>
<BR>[Called By]<UL><LI><a href="#[be]">&gt;&gt;</a>&nbsp;&nbsp;&nbsp;_init_alloc
<LI><a href="#[d9]">&gt;&gt;</a>&nbsp;&nbsp;&nbsp;__Heap_Broken
</UL>

<P><STRONG><a name="[2b0]"></a>__I$use$semihosting</STRONG> (Thumb, 0 bytes, Stack size 0 bytes, use_no_semi.o(.text), UNUSED)

<P><STRONG><a name="[2b1]"></a>__use_no_semihosting_swi</STRONG> (Thumb, 2 bytes, Stack size 0 bytes, use_no_semi.o(.text), UNUSED)

<P><STRONG><a name="[2b2]"></a>__semihosting_library_function</STRONG> (Thumb, 0 bytes, Stack size 8 bytes, indicate_semi.o(.text), UNUSED)

<P><STRONG><a name="[c0]"></a>__user_setup_stackheap</STRONG> (Thumb, 74 bytes, Stack size 8 bytes, sys_stackheap_outer.o(.text))
<BR><BR>[Stack]<UL><LI>Max Depth = 8 + Unknown Stack Size
<LI>Call Chain = __user_setup_stackheap
</UL>
<BR>[Calls]<UL><LI><a href="#[e3]">&gt;&gt;</a>&nbsp;&nbsp;&nbsp;__user_initial_stackheap
<LI><a href="#[e2]">&gt;&gt;</a>&nbsp;&nbsp;&nbsp;__user_perproc_libspace
</UL>
<BR>[Called By]<UL><LI><a href="#[bf]">&gt;&gt;</a>&nbsp;&nbsp;&nbsp;__rt_entry_sh
</UL>

<P><STRONG><a name="[c5]"></a>exit</STRONG> (Thumb, 18 bytes, Stack size 8 bytes, exit.o(.text))
<BR><BR>[Stack]<UL><LI>Max Depth = 8 + Unknown Stack Size
<LI>Call Chain = exit
</UL>
<BR>[Calls]<UL><LI><a href="#[e4]">&gt;&gt;</a>&nbsp;&nbsp;&nbsp;__rt_exit
</UL>
<BR>[Called By]<UL><LI><a href="#[c3]">&gt;&gt;</a>&nbsp;&nbsp;&nbsp;__rt_entry_main
</UL>

<P><STRONG><a name="[e1]"></a>__sig_exit</STRONG> (Thumb, 10 bytes, Stack size 0 bytes, defsig_exit.o(.text))
<BR><BR>[Calls]<UL><LI><a href="#[c9]">&gt;&gt;</a>&nbsp;&nbsp;&nbsp;_sys_exit
</UL>
<BR>[Called By]<UL><LI><a href="#[da]">&gt;&gt;</a>&nbsp;&nbsp;&nbsp;__rt_SIGRTMEM
</UL>

<P><STRONG><a name="[e0]"></a>__rt_SIGRTMEM_inner</STRONG> (Thumb, 22 bytes, Stack size 8 bytes, defsig_rtmem_inner.o(.text))
<BR><BR>[Stack]<UL><LI>Max Depth = 32<LI>Call Chain = __rt_SIGRTMEM_inner &rArr; __default_signal_display &rArr; _ttywrch
</UL>
<BR>[Calls]<UL><LI><a href="#[e5]">&gt;&gt;</a>&nbsp;&nbsp;&nbsp;__default_signal_display
</UL>
<BR>[Called By]<UL><LI><a href="#[da]">&gt;&gt;</a>&nbsp;&nbsp;&nbsp;__rt_SIGRTMEM
</UL>

<P><STRONG><a name="[c9]"></a>_sys_exit</STRONG> (Thumb, 8 bytes, Stack size 0 bytes, sys_exit.o(.text))
<BR><BR>[Called By]<UL><LI><a href="#[c8]">&gt;&gt;</a>&nbsp;&nbsp;&nbsp;__rt_exit_exit
<LI><a href="#[e1]">&gt;&gt;</a>&nbsp;&nbsp;&nbsp;__sig_exit
</UL>

<P><STRONG><a name="[e5]"></a>__default_signal_display</STRONG> (Thumb, 50 bytes, Stack size 16 bytes, defsig_general.o(.text))
<BR><BR>[Stack]<UL><LI>Max Depth = 24<LI>Call Chain = __default_signal_display &rArr; _ttywrch
</UL>
<BR>[Calls]<UL><LI><a href="#[e6]">&gt;&gt;</a>&nbsp;&nbsp;&nbsp;_ttywrch
</UL>
<BR>[Called By]<UL><LI><a href="#[e0]">&gt;&gt;</a>&nbsp;&nbsp;&nbsp;__rt_SIGRTMEM_inner
</UL>

<P><STRONG><a name="[e6]"></a>_ttywrch</STRONG> (Thumb, 14 bytes, Stack size 8 bytes, sys_wrch.o(.text))
<BR><BR>[Stack]<UL><LI>Max Depth = 8<LI>Call Chain = _ttywrch
</UL>
<BR>[Called By]<UL><LI><a href="#[e5]">&gt;&gt;</a>&nbsp;&nbsp;&nbsp;__default_signal_display
</UL>

<P><STRONG><a name="[c4]"></a>main</STRONG> (Thumb, 10 bytes, Stack size 8 bytes, components.o(i.$Sub$$main))
<BR><BR>[Stack]<UL><LI>Max Depth = 252<LI>Call Chain = main &rArr; rtthread_startup &rArr; rt_application_init &rArr; rt_thread_create &rArr; rt_object_delete &rArr; rt_free &rArr; rt_kprintf &rArr; rt_vsnprintf &rArr; print_number
</UL>
<BR>[Calls]<UL><LI><a href="#[e7]">&gt;&gt;</a>&nbsp;&nbsp;&nbsp;rtthread_startup
</UL>
<BR>[Called By]<UL><LI><a href="#[c3]">&gt;&gt;</a>&nbsp;&nbsp;&nbsp;__rt_entry_main
</UL>

<P><STRONG><a name="[a2]"></a>AppData_Init</STRONG> (Thumb, 216 bytes, Stack size 16 bytes, data.o(i.AppData_Init))
<BR><BR>[Stack]<UL><LI>Max Depth = 116<LI>Call Chain = AppData_Init &rArr; stmflash_write &rArr; HAL_FLASH_Program &rArr; FLASH_WaitForLastOperation &rArr; HAL_GetTick
</UL>
<BR>[Calls]<UL><LI><a href="#[eb]">&gt;&gt;</a>&nbsp;&nbsp;&nbsp;CRC16Modbus_Compute
<LI><a href="#[ec]">&gt;&gt;</a>&nbsp;&nbsp;&nbsp;stmflash_write
</UL>
<BR>[Address Reference Count : 1]<UL><LI> data.o(.rti_fn.1)
</UL>
<P><STRONG><a name="[ed]"></a>Application_DataFlash_Modification</STRONG> (Thumb, 94 bytes, Stack size 16 bytes, data.o(i.Application_DataFlash_Modification))
<BR><BR>[Stack]<UL><LI>Max Depth = 116<LI>Call Chain = Application_DataFlash_Modification &rArr; stmflash_write &rArr; HAL_FLASH_Program &rArr; FLASH_WaitForLastOperation &rArr; HAL_GetTick
</UL>
<BR>[Calls]<UL><LI><a href="#[eb]">&gt;&gt;</a>&nbsp;&nbsp;&nbsp;CRC16Modbus_Compute
<LI><a href="#[ec]">&gt;&gt;</a>&nbsp;&nbsp;&nbsp;stmflash_write
<LI><a href="#[ef]">&gt;&gt;</a>&nbsp;&nbsp;&nbsp;rt_hw_interrupt_enable
<LI><a href="#[ee]">&gt;&gt;</a>&nbsp;&nbsp;&nbsp;rt_hw_interrupt_disable
</UL>
<BR>[Called By]<UL><LI><a href="#[85]">&gt;&gt;</a>&nbsp;&nbsp;&nbsp;comm_task
</UL>

<P><STRONG><a name="[103]"></a>BUSPosition_Ctrl_Scan</STRONG> (Thumb, 88 bytes, Stack size 8 bytes, thread_gui.o(i.BUSPosition_Ctrl_Scan))
<BR><BR>[Stack]<UL><LI>Max Depth = 8<LI>Call Chain = BUSPosition_Ctrl_Scan
</UL>
<BR>[Calls]<UL><LI><a href="#[104]">&gt;&gt;</a>&nbsp;&nbsp;&nbsp;SLAVE_SteeringEngine3CH_BUSMotorDATAControl
</UL>
<BR>[Called By]<UL><LI><a href="#[90]">&gt;&gt;</a>&nbsp;&nbsp;&nbsp;gui_task
</UL>

<P><STRONG><a name="[270]"></a>BatVoltage_Read</STRONG> (Thumb, 38 bytes, Stack size 0 bytes, bsp_hal_adc.o(i.BatVoltage_Read))
<BR><BR>[Called By]<UL><LI><a href="#[91]">&gt;&gt;</a>&nbsp;&nbsp;&nbsp;vApplicationIdleHook
</UL>

<P><STRONG><a name="[101]"></a>Bsp_ADC_Init</STRONG> (Thumb, 34 bytes, Stack size 8 bytes, bsp_hal_adc.o(i.Bsp_ADC_Init))
<BR><BR>[Stack]<UL><LI>Max Depth = 76<LI>Call Chain = Bsp_ADC_Init &rArr; HAL_ADC_Start_DMA &rArr; HAL_DMA_Start_IT &rArr; DMA_SetConfig
</UL>
<BR>[Calls]<UL><LI><a href="#[105]">&gt;&gt;</a>&nbsp;&nbsp;&nbsp;HAL_ADC_Start_DMA
</UL>
<BR>[Called By]<UL><LI><a href="#[a1]">&gt;&gt;</a>&nbsp;&nbsp;&nbsp;BSP_Init
</UL>

<P><STRONG><a name="[106]"></a>Bsp_Cancom_ConfigurationInit</STRONG> (Thumb, 12 bytes, Stack size 8 bytes, bsp_hal_can.o(i.Bsp_Cancom_ConfigurationInit))
<BR><BR>[Stack]<UL><LI>Max Depth = 112<LI>Call Chain = Bsp_Cancom_ConfigurationInit &rArr; MX_CAN2_Init &rArr; HAL_CAN_Init &rArr; HAL_CAN_MspInit &rArr; HAL_NVIC_SetPriority &rArr; __NVIC_SetPriority
</UL>
<BR>[Calls]<UL><LI><a href="#[f7]">&gt;&gt;</a>&nbsp;&nbsp;&nbsp;MX_CAN2_Init
<LI><a href="#[f6]">&gt;&gt;</a>&nbsp;&nbsp;&nbsp;MX_CAN1_Init
</UL>
<BR>[Called By]<UL><LI><a href="#[118]">&gt;&gt;</a>&nbsp;&nbsp;&nbsp;CANCommunication_Scan
</UL>

<P><STRONG><a name="[107]"></a>Bsp_Cancom_FilterInit</STRONG> (Thumb, 8 bytes, Stack size 8 bytes, bsp_hal_can.o(i.Bsp_Cancom_FilterInit))
<BR><BR>[Stack]<UL><LI>Max Depth = 76<LI>Call Chain = Bsp_Cancom_FilterInit &rArr; HAL_USER_CANFilterConfig &rArr; HAL_CAN_Start &rArr; HAL_GetTick
</UL>
<BR>[Calls]<UL><LI><a href="#[108]">&gt;&gt;</a>&nbsp;&nbsp;&nbsp;HAL_USER_CANFilterConfig
</UL>
<BR>[Called By]<UL><LI><a href="#[118]">&gt;&gt;</a>&nbsp;&nbsp;&nbsp;CANCommunication_Scan
<LI><a href="#[116]">&gt;&gt;</a>&nbsp;&nbsp;&nbsp;CANCommunication_Init
</UL>

<P><STRONG><a name="[11d]"></a>Bsp_Cancom_ReadERR</STRONG> (Thumb, 12 bytes, Stack size 0 bytes, bsp_hal_can.o(i.Bsp_Cancom_ReadERR))
<BR><BR>[Called By]<UL><LI><a href="#[118]">&gt;&gt;</a>&nbsp;&nbsp;&nbsp;CANCommunication_Scan
</UL>

<P><STRONG><a name="[109]"></a>Bsp_UARTDir_Control</STRONG> (Thumb, 40 bytes, Stack size 16 bytes, bsp_hal_uartdma.o(i.Bsp_UARTDir_Control))
<BR><BR>[Stack]<UL><LI>Max Depth = 16<LI>Call Chain = Bsp_UARTDir_Control
</UL>
<BR>[Calls]<UL><LI><a href="#[10a]">&gt;&gt;</a>&nbsp;&nbsp;&nbsp;HAL_GPIO_WritePin
</UL>
<BR>[Called By]<UL><LI><a href="#[1b1]">&gt;&gt;</a>&nbsp;&nbsp;&nbsp;HAL_UART_TxCpltCallback
<LI><a href="#[10e]">&gt;&gt;</a>&nbsp;&nbsp;&nbsp;Bsp_UartMixed_Begin
<LI><a href="#[10b]">&gt;&gt;</a>&nbsp;&nbsp;&nbsp;Bsp_UARTMixed_TxTrigger
</UL>

<P><STRONG><a name="[10b]"></a>Bsp_UARTMixed_TxTrigger</STRONG> (Thumb, 122 bytes, Stack size 24 bytes, bsp_hal_uartdma.o(i.Bsp_UARTMixed_TxTrigger))
<BR><BR>[Stack]<UL><LI>Max Depth = 100<LI>Call Chain = Bsp_UARTMixed_TxTrigger &rArr; HAL_UART_Transmit_DMA &rArr; HAL_DMA_Start_IT &rArr; DMA_SetConfig
</UL>
<BR>[Calls]<UL><LI><a href="#[109]">&gt;&gt;</a>&nbsp;&nbsp;&nbsp;Bsp_UARTDir_Control
<LI><a href="#[10d]">&gt;&gt;</a>&nbsp;&nbsp;&nbsp;HAL_UART_Transmit_DMA
<LI><a href="#[10c]">&gt;&gt;</a>&nbsp;&nbsp;&nbsp;HAL_UART_AbortReceive
<LI><a href="#[d2]">&gt;&gt;</a>&nbsp;&nbsp;&nbsp;__aeabi_memcpy
</UL>
<BR>[Called By]<UL><LI><a href="#[79]">&gt;&gt;</a>&nbsp;&nbsp;&nbsp;PCModule_Transmit
<LI><a href="#[1e1]">&gt;&gt;</a>&nbsp;&nbsp;&nbsp;SensorData_Send
</UL>

<P><STRONG><a name="[10e]"></a>Bsp_UartMixed_Begin</STRONG> (Thumb, 60 bytes, Stack size 8 bytes, bsp_hal_uartdma.o(i.Bsp_UartMixed_Begin))
<BR><BR>[Stack]<UL><LI>Max Depth = 100<LI>Call Chain = Bsp_UartMixed_Begin &rArr; HAL_UART_Receive_DMA &rArr; UART_Start_Receive_DMA &rArr; HAL_DMA_Start_IT &rArr; DMA_SetConfig
</UL>
<BR>[Calls]<UL><LI><a href="#[110]">&gt;&gt;</a>&nbsp;&nbsp;&nbsp;Error_Handler
<LI><a href="#[109]">&gt;&gt;</a>&nbsp;&nbsp;&nbsp;Bsp_UARTDir_Control
<LI><a href="#[10f]">&gt;&gt;</a>&nbsp;&nbsp;&nbsp;HAL_UART_Receive_DMA
</UL>
<BR>[Called By]<UL><LI><a href="#[111]">&gt;&gt;</a>&nbsp;&nbsp;&nbsp;Bsp_UartMixed_Init
</UL>

<P><STRONG><a name="[111]"></a>Bsp_UartMixed_Init</STRONG> (Thumb, 182 bytes, Stack size 16 bytes, bsp_hal_uartdma.o(i.Bsp_UartMixed_Init))
<BR><BR>[Stack]<UL><LI>Max Depth = 116<LI>Call Chain = Bsp_UartMixed_Init &rArr; Bsp_UartMixed_Begin &rArr; HAL_UART_Receive_DMA &rArr; UART_Start_Receive_DMA &rArr; HAL_DMA_Start_IT &rArr; DMA_SetConfig
</UL>
<BR>[Calls]<UL><LI><a href="#[10e]">&gt;&gt;</a>&nbsp;&nbsp;&nbsp;Bsp_UartMixed_Begin
<LI><a href="#[112]">&gt;&gt;</a>&nbsp;&nbsp;&nbsp;__aeabi_memclr4
</UL>
<BR>[Called By]<UL><LI><a href="#[a6]">&gt;&gt;</a>&nbsp;&nbsp;&nbsp;Task_COMM_create
</UL>

<P><STRONG><a name="[c]"></a>BusFault_Handler</STRONG> (Thumb, 4 bytes, Stack size 0 bytes, stm32f4xx_it.o(i.BusFault_Handler))
<BR>[Address Reference Count : 1]<UL><LI> startup_stm32f407xx.o(RESET)
</UL>
<P><STRONG><a name="[26]"></a>CAN1_RX0_IRQHandler</STRONG> (Thumb, 10 bytes, Stack size 8 bytes, stm32f4xx_it.o(i.CAN1_RX0_IRQHandler))
<BR><BR>[Stack]<UL><LI>Max Depth = 172<LI>Call Chain = CAN1_RX0_IRQHandler &rArr; HAL_CAN_IRQHandler &rArr; HAL_CAN_RxFifo0MsgPendingCallback &rArr; QueueOverflow_Dispose &rArr; CANCommunication_InformationParsing &rArr; GetReferenceToDevice &rArr; SLAVE_DCMotorMiniwatt_CANRXDispose
</UL>
<BR>[Calls]<UL><LI><a href="#[113]">&gt;&gt;</a>&nbsp;&nbsp;&nbsp;HAL_CAN_IRQHandler
</UL>
<BR>[Address Reference Count : 1]<UL><LI> startup_stm32f407xx.o(RESET)
</UL>
<P><STRONG><a name="[52]"></a>CAN2_RX0_IRQHandler</STRONG> (Thumb, 10 bytes, Stack size 8 bytes, stm32f4xx_it.o(i.CAN2_RX0_IRQHandler))
<BR><BR>[Stack]<UL><LI>Max Depth = 172<LI>Call Chain = CAN2_RX0_IRQHandler &rArr; HAL_CAN_IRQHandler &rArr; HAL_CAN_RxFifo0MsgPendingCallback &rArr; QueueOverflow_Dispose &rArr; CANCommunication_InformationParsing &rArr; GetReferenceToDevice &rArr; SLAVE_DCMotorMiniwatt_CANRXDispose
</UL>
<BR>[Calls]<UL><LI><a href="#[113]">&gt;&gt;</a>&nbsp;&nbsp;&nbsp;HAL_CAN_IRQHandler
</UL>
<BR>[Address Reference Count : 1]<UL><LI> startup_stm32f407xx.o(RESET)
</UL>
<P><STRONG><a name="[116]"></a>CANCommunication_Init</STRONG> (Thumb, 20 bytes, Stack size 8 bytes, can_communication.o(i.CANCommunication_Init))
<BR><BR>[Stack]<UL><LI>Max Depth = 240<LI>Call Chain = CANCommunication_Init &rArr; InitialUsedPGs &rArr; SLAVE_Tracking_CANinit &rArr; SLAVE_Tracking_ProtocolDefinitions &rArr; xCreate &rArr; __aeabi_memcpy4
</UL>
<BR>[Calls]<UL><LI><a href="#[107]">&gt;&gt;</a>&nbsp;&nbsp;&nbsp;Bsp_Cancom_FilterInit
<LI><a href="#[117]">&gt;&gt;</a>&nbsp;&nbsp;&nbsp;InitialUsedPGs
</UL>
<BR>[Called By]<UL><LI><a href="#[a6]">&gt;&gt;</a>&nbsp;&nbsp;&nbsp;Task_COMM_create
</UL>

<P><STRONG><a name="[118]"></a>CANCommunication_Scan</STRONG> (Thumb, 1060 bytes, Stack size 32 bytes, can_communication.o(i.CANCommunication_Scan))
[...]
<LI> thread_gui.o(i.Display_Window_Clear)
<LI> thread_gui.o(.constdata)
<LI> thread_gui.o(i.DCMotor_Ctrl_Scan)
</UL>
<P><STRONG><a name="[67]"></a>Display_Window_EncoderCalibrating</STRONG> (Thumb, 132 bytes, Stack size 16 bytes, thread_gui.o(i.Display_Window_EncoderCalibrating))
<BR><BR>[Stack]<UL><LI>Max Depth = 276<LI>Call Chain = Display_Window_EncoderCalibrating &rArr; lcd_show_num &rArr; lcd_show_char &rArr; lcd_address_set &rArr; ST7789_send_data &rArr; HAL_SPI_Transmit &rArr; SPI_EndRxTxTransaction &rArr; SPI_WaitFlagStateUntilTimeout &rArr; HAL_GetTick
</UL>
<BR>[Calls]<UL><LI><a href="#[12e]">&gt;&gt;</a>&nbsp;&nbsp;&nbsp;lcd_show_string
<LI><a href="#[12d]">&gt;&gt;</a>&nbsp;&nbsp;&nbsp;lcd_show_num
<LI><a href="#[134]">&gt;&gt;</a>&nbsp;&nbsp;&nbsp;buzzerSound
<LI><a href="#[135]">&gt;&gt;</a>&nbsp;&nbsp;&nbsp;HAL_Delay
</UL>
<BR>[Address Reference Count : 2]<UL><LI> thread_gui.o(i.Display_Window_Clear)
<LI> thread_gui.o(.constdata)
</UL>
<P><STRONG><a name="[69]"></a>Display_Window_JY62_MPU6050Sensor</STRONG> (Thumb, 184 bytes, Stack size 32 bytes, thread_gui.o(i.Display_Window_JY62_MPU6050Sensor))
<BR><BR>[Stack]<UL><LI>Max Depth = 292<LI>Call Chain = Display_Window_JY62_MPU6050Sensor &rArr; lcd_show_num &rArr; lcd_show_char &rArr; lcd_address_set &rArr; ST7789_send_data &rArr; HAL_SPI_Transmit &rArr; SPI_EndRxTxTransaction &rArr; SPI_WaitFlagStateUntilTimeout &rArr; HAL_GetTick
</UL>
<BR>[Calls]<UL><LI><a href="#[12d]">&gt;&gt;</a>&nbsp;&nbsp;&nbsp;lcd_show_num
</UL>
<BR>[Address Reference Count : 2]<UL><LI> thread_gui.o(i.Display_Window_Clear)
<LI> thread_gui.o(.constdata)
</UL>
<P><STRONG><a name="[97]"></a>Display_Window_StartPage</STRONG> (Thumb, 328 bytes, Stack size 16 bytes, thread_gui.o(i.Display_Window_StartPage))
<BR><BR>[Stack]<UL><LI>Max Depth = 316<LI>Call Chain = Display_Window_StartPage &rArr; lcd_show_snum &rArr; lcd_show_num &rArr; lcd_show_char &rArr; lcd_address_set &rArr; ST7789_send_data &rArr; HAL_SPI_Transmit &rArr; SPI_EndRxTxTransaction &rArr; SPI_WaitFlagStateUntilTimeout &rArr; HAL_GetTick
</UL>
<BR>[Calls]<UL><LI><a href="#[12e]">&gt;&gt;</a>&nbsp;&nbsp;&nbsp;lcd_show_string
<LI><a href="#[133]">&gt;&gt;</a>&nbsp;&nbsp;&nbsp;lcd_show_snum
<LI><a href="#[131]">&gt;&gt;</a>&nbsp;&nbsp;&nbsp;lcd_clear
<LI><a href="#[134]">&gt;&gt;</a>&nbsp;&nbsp;&nbsp;buzzerSound
<LI><a href="#[135]">&gt;&gt;</a>&nbsp;&nbsp;&nbsp;HAL_Delay
<LI><a href="#[12c]">&gt;&gt;</a>&nbsp;&nbsp;&nbsp;Display_123
<LI><a href="#[137]">&gt;&gt;</a>&nbsp;&nbsp;&nbsp;Read_Position_y_mm
<LI><a href="#[136]">&gt;&gt;</a>&nbsp;&nbsp;&nbsp;Read_Position_x_mm
</UL>
<BR>[Address Reference Count : 2]<UL><LI> thread_gui.o(i.XferExternalKey1_Handler)
<LI> thread_gui.o(.constdata)
</UL>
<P><STRONG><a name="[66]"></a>Display_Window_TrackingSensorBool</STRONG> (Thumb, 284 bytes, Stack size 16 bytes, thread_gui.o(i.Display_Window_TrackingSensorBool))
<BR><BR>[Stack]<UL><LI>Max Depth = 252<LI>Call Chain = Display_Window_TrackingSensorBool &rArr; LCD_ShowString_BufMode &rArr; lcd_show_char &rArr; lcd_address_set &rArr; ST7789_send_data &rArr; HAL_SPI_Transmit &rArr; SPI_EndRxTxTransaction &rArr; SPI_WaitFlagStateUntilTimeout &rArr; HAL_GetTick
</UL>
<BR>[Calls]<UL><LI><a href="#[12e]">&gt;&gt;</a>&nbsp;&nbsp;&nbsp;lcd_show_string
<LI><a href="#[132]">&gt;&gt;</a>&nbsp;&nbsp;&nbsp;lcd_set_color
<LI><a href="#[138]">&gt;&gt;</a>&nbsp;&nbsp;&nbsp;LCD_ShowString_BufMode
</UL>
<BR>[Address Reference Count : 4]<UL><LI> thread_gui.o(i.Display_ENTER)
<LI> thread_gui.o(i.Display_NewLine)
<LI> thread_gui.o(i.Display_Window_Clear)
<LI> thread_gui.o(.constdata)
</UL>
<P><STRONG><a name="[68]"></a>Display_Window_UltrasonicSensor</STRONG> (Thumb, 130 bytes, Stack size 32 bytes, thread_gui.o(i.Display_Window_UltrasonicSensor))
<BR><BR>[Stack]<UL><LI>Max Depth = 292<LI>Call Chain = Display_Window_UltrasonicSensor &rArr; lcd_show_num &rArr; lcd_show_char &rArr; lcd_address_set &rArr; ST7789_send_data &rArr; HAL_SPI_Transmit &rArr; SPI_EndRxTxTransaction &rArr; SPI_WaitFlagStateUntilTimeout &rArr; HAL_GetTick
</UL>
<BR>[Calls]<UL><LI><a href="#[12d]">&gt;&gt;</a>&nbsp;&nbsp;&nbsp;lcd_show_num
<LI><a href="#[139]">&gt;&gt;</a>&nbsp;&nbsp;&nbsp;Tim_CheckTimeOut
</UL>
<BR>[Address Reference Count : 2]<UL><LI> thread_gui.o(i.Display_Window_Clear)
<LI> thread_gui.o(.constdata)
</UL>
<P><STRONG><a name="[1f5]"></a>TrackingSensor_Ctrl_Scan</STRONG> (Thumb, 96 bytes, Stack size 8 bytes, thread_gui.o(i.TrackingSensor_Ctrl_Scan))
<BR><BR>[Stack]<UL><LI>Max Depth = 8<LI>Call Chain = TrackingSensor_Ctrl_Scan
</UL>
<BR>[Calls]<UL><LI><a href="#[1f7]">&gt;&gt;</a>&nbsp;&nbsp;&nbsp;SLAVE_Tracking_ModeRead
<LI><a href="#[1f6]">&gt;&gt;</a>&nbsp;&nbsp;&nbsp;SLAVE_Tracking_BoolRead
</UL>
<BR>[Called By]<UL><LI><a href="#[90]">&gt;&gt;</a>&nbsp;&nbsp;&nbsp;gui_task
</UL>

<P><STRONG><a name="[8b]"></a>XferExternalKey1_Handler</STRONG> (Thumb, 102 bytes, Stack size 8 bytes, thread_gui.o(i.XferExternalKey1_Handler))
<BR><BR>[Stack]<UL><LI>Max Depth = 16<LI>Call Chain = XferExternalKey1_Handler &rArr; RecognitionModule_Stop
</UL>
<BR>[Calls]<UL><LI><a href="#[1fc]">&gt;&gt;</a>&nbsp;&nbsp;&nbsp;RecognitionModule_Stop
<LI><a href="#[1fb]">&gt;&gt;</a>&nbsp;&nbsp;&nbsp;RecognitionModule_Start
<LI><a href="#[1fd]">&gt;&gt;</a>&nbsp;&nbsp;&nbsp;Display_TurnPage
</UL>
<BR>[Address Reference Count : 1]<UL><LI> thread_gui.o(i.Task_GUI_create)
</UL>
<P><STRONG><a name="[8c]"></a>XferExternalKey2_Handler</STRONG> (Thumb, 20 bytes, Stack size 8 bytes, thread_gui.o(i.XferExternalKey2_Handler))
<BR><BR>[Stack]<UL><LI>Max Depth = 8<LI>Call Chain = XferExternalKey2_Handler
</UL>
<BR>[Calls]<UL><LI><a href="#[1fd]">&gt;&gt;</a>&nbsp;&nbsp;&nbsp;Display_TurnPage
</UL>
<BR>[Address Reference Count : 1]<UL><LI> thread_gui.o(i.Task_GUI_create)
</UL>
<P><STRONG><a name="[8d]"></a>XferExternalKey3_Handler</STRONG> (Thumb, 36 bytes, Stack size 8 bytes, thread_gui.o(i.XferExternalKey3_Handler))
<BR><BR>[Stack]<UL><LI>Max Depth = 24<LI>Call Chain = XferExternalKey3_Handler &rArr; Display_ChangeData
</UL>
<BR>[Calls]<UL><LI><a href="#[1fe]">&gt;&gt;</a>&nbsp;&nbsp;&nbsp;Display_NewLine
<LI><a href="#[1ff]">&gt;&gt;</a>&nbsp;&nbsp;&nbsp;Display_ChangeData
</UL>
<BR>[Address Reference Count : 1]<UL><LI> thread_gui.o(i.Task_GUI_create)
</UL>
<P><STRONG><a name="[8e]"></a>XferExternalKey4_Handler</STRONG> (Thumb, 36 bytes, Stack size 8 bytes, thread_gui.o(i.XferExternalKey4_Handler))
<BR><BR>[Stack]<UL><LI>Max Depth = 24<LI>Call Chain = XferExternalKey4_Handler &rArr; Display_ChangeData
</UL>
<BR>[Calls]<UL><LI><a href="#[1fe]">&gt;&gt;</a>&nbsp;&nbsp;&nbsp;Display_NewLine
<LI><a href="#[1ff]">&gt;&gt;</a>&nbsp;&nbsp;&nbsp;Display_ChangeData
</UL>
<BR>[Address Reference Count : 1]<UL><LI> thread_gui.o(i.Task_GUI_create)
</UL>
<P><STRONG><a name="[8f]"></a>XferExternalKey5_Handler</STRONG> (Thumb, 20 bytes, Stack size 8 bytes, thread_gui.o(i.XferExternalKey5_Handler))
<BR><BR>[Stack]<UL><LI>Max Depth = 24<LI>Call Chain = XferExternalKey5_Handler &rArr; Display_ENTER &rArr; SLAVE_Tracking_CheckModeEnable
</UL>
<BR>[Calls]<UL><LI><a href="#[12f]">&gt;&gt;</a>&nbsp;&nbsp;&nbsp;Display_ENTER
</UL>
<BR>[Address Reference Count : 1]<UL><LI> thread_gui.o(i.Task_GUI_create)
</UL>
<P><STRONG><a name="[93]"></a>CFFCommand_task</STRONG> (Thumb, 32 bytes, Stack size 0 bytes, thread_sensor.o(i.CFFCommand_task))
<BR><BR>[Stack]<UL><LI>Max Depth = 56<LI>Call Chain = CFFCommand_task &rArr; rt_thread_mdelay &rArr; rt_thread_sleep &rArr; rt_timer_start
</UL>
<BR>[Calls]<UL><LI><a href="#[127]">&gt;&gt;</a>&nbsp;&nbsp;&nbsp;rt_thread_mdelay
<LI><a href="#[124]">&gt;&gt;</a>&nbsp;&nbsp;&nbsp;fifo_s_init
<LI><a href="#[126]">&gt;&gt;</a>&nbsp;&nbsp;&nbsp;ZDT_chassis_ctrl
<LI><a href="#[125]">&gt;&gt;</a>&nbsp;&nbsp;&nbsp;PC_unpack_fifo_data
</UL>
<BR>[Address Reference Count : 1]<UL><LI> thread_sensor.o(i.Task_Sensor_create)
</UL>
<P><STRONG><a name="[94]"></a>Robot_arm_task</STRONG> (Thumb, 38 bytes, Stack size 0 bytes, thread_sensor.o(i.Robot_arm_task))
<BR><BR>[Stack]<UL><LI>Max Depth = 72<LI>Call Chain = Robot_arm_task &rArr; HAL_Delay &rArr; rt_thread_mdelay &rArr; rt_thread_sleep &rArr; rt_timer_start
</UL>
<BR>[Calls]<UL><LI><a href="#[135]">&gt;&gt;</a>&nbsp;&nbsp;&nbsp;HAL_Delay
<LI><a href="#[127]">&gt;&gt;</a>&nbsp;&nbsp;&nbsp;rt_thread_mdelay
</UL>
<BR>[Address Reference Count : 1]<UL><LI> thread_sensor.o(i.Task_Sensor_create)
</UL>
<P><STRONG><a name="[1e1]"></a>SensorData_Send</STRONG> (Thumb, 148 bytes, Stack size 8 bytes, thread_sensor.o(i.SensorData_Send))
<BR><BR>[Stack]<UL><LI>Max Depth = 108<LI>Call Chain = SensorData_Send &rArr; Bsp_UARTMixed_TxTrigger &rArr; HAL_UART_Transmit_DMA &rArr; HAL_DMA_Start_IT &rArr; DMA_SetConfig
</UL>
<BR>[Calls]<UL><LI><a href="#[10b]">&gt;&gt;</a>&nbsp;&nbsp;&nbsp;Bsp_UARTMixed_TxTrigger
<LI><a href="#[1e2]">&gt;&gt;</a>&nbsp;&nbsp;&nbsp;crc16_ibm
</UL>
<BR>[Called By]<UL><LI><a href="#[92]">&gt;&gt;</a>&nbsp;&nbsp;&nbsp;SensorData_task
</UL>

<P><STRONG><a name="[1e2]"></a>crc16_ibm</STRONG> (Thumb, 60 bytes, Stack size 8 bytes, thread_sensor.o(i.crc16_ibm))
<BR><BR>[Stack]<UL><LI>Max Depth = 8<LI>Call Chain = crc16_ibm
</UL>
<BR>[Called By]<UL><LI><a href="#[1d0]">&gt;&gt;</a>&nbsp;&nbsp;&nbsp;process_zdt_command
<LI><a href="#[1e1]">&gt;&gt;</a>&nbsp;&nbsp;&nbsp;SensorData_Send
</UL>

<P><STRONG><a name="[1d0]"></a>process_zdt_command</STRONG> (Thumb, 40 bytes, Stack size 16 bytes, thread_sensor.o(i.process_zdt_command))
<BR><BR>[Stack]<UL><LI>Max Depth = 24<LI>Call Chain = process_zdt_command &rArr; crc16_ibm
</UL>
<BR>[Calls]<UL><LI><a href="#[1e2]">&gt;&gt;</a>&nbsp;&nbsp;&nbsp;crc16_ibm
<LI><a href="#[d2]">&gt;&gt;</a>&nbsp;&nbsp;&nbsp;__aeabi_memcpy
</UL>
<BR>[Called By]<UL><LI><a href="#[125]">&gt;&gt;</a>&nbsp;&nbsp;&nbsp;PC_unpack_fifo_data
</UL>

<P><STRONG><a name="[a3]"></a>rti_board_end</STRONG> (Thumb, 4 bytes, Stack size 0 bytes, components.o(i.rti_board_end))
<BR>[Address Reference Count : 1]<UL><LI> components.o(.rti_fn.1.end)
</UL>
<P><STRONG><a name="[9f]"></a>rti_board_start</STRONG> (Thumb, 4 bytes, Stack size 0 bytes, components.o(i.rti_board_start))
<BR>[Address Reference Count : 1]<UL><LI> components.o(.rti_fn.0.end)
</UL>
<P><STRONG><a name="[aa]"></a>rti_end</STRONG> (Thumb, 4 bytes, Stack size 0 bytes, components.o(i.rti_end))
<BR>[Address Reference Count : 1]<UL><LI> components.o(.rti_fn.6.end)
</UL>
<P><STRONG><a name="[9e]"></a>rti_start</STRONG> (Thumb, 4 bytes, Stack size 0 bytes, components.o(i.rti_start))
<BR>[Address Reference Count : 1]<UL><LI> components.o(.rti_fn.0)
</UL>
<P><STRONG><a name="[9d]"></a>rt_thread_idle_entry</STRONG> (Thumb, 26 bytes, Stack size 0 bytes, idle.o(i.rt_thread_idle_entry))
<BR><BR>[Stack]<UL><LI>Max Depth = 188<LI>Call Chain = rt_thread_idle_entry &rArr; rt_thread_idle_excute &rArr; rt_object_delete &rArr; rt_free &rArr; rt_kprintf &rArr; rt_vsnprintf &rArr; print_number
</UL>
<BR>[Calls]<UL><LI><a href="#[25f]">&gt;&gt;</a>&nbsp;&nbsp;&nbsp;rt_thread_idle_excute
</UL>
<BR>[Address Reference Count : 1]<UL><LI> idle.o(i.rt_thread_idle_init)
</UL>
<P><STRONG><a name="[24b]"></a>rt_ipc_list_suspend</STRONG> (Thumb, 112 bytes, Stack size 16 bytes, ipc.o(i.rt_ipc_list_suspend))
<BR><BR>[Stack]<UL><LI>Max Depth = 48<LI>Call Chain = rt_ipc_list_suspend &rArr; rt_thread_suspend &rArr; rt_timer_stop
</UL>
<BR>[Calls]<UL><LI><a href="#[24c]">&gt;&gt;</a>&nbsp;&nbsp;&nbsp;rt_thread_suspend
</UL>
<BR>[Called By]<UL><LI><a href="#[240]">&gt;&gt;</a>&nbsp;&nbsp;&nbsp;rt_sem_take
</UL>

<P><STRONG><a name="[268]"></a>print_number</STRONG> (Thumb, 354 bytes, Stack size 60 bytes, kservice.o(i.print_number))
<BR><BR>[Stack]<UL><LI>Max Depth = 60<LI>Call Chain = print_number
</UL>
<BR>[Called By]<UL><LI><a href="#[24d]">&gt;&gt;</a>&nbsp;&nbsp;&nbsp;rt_vsnprintf
</UL>

<P><STRONG><a name="[241]"></a>plug_holes</STRONG> (Thumb, 100 bytes, Stack size 4 bytes, mem.o(i.plug_holes))
<BR><BR>[Stack]<UL><LI>Max Depth = 4<LI>Call Chain = plug_holes
</UL>
<BR>[Called By]<UL><LI><a href="#[22a]">&gt;&gt;</a>&nbsp;&nbsp;&nbsp;rt_free
</UL>

<P><STRONG><a name="[209]"></a>_rt_thread_init</STRONG> (Thumb, 114 bytes, Stack size 24 bytes, thread.o(i._rt_thread_init))
<BR><BR>[Stack]<UL><LI>Max Depth = 104<LI>Call Chain = _rt_thread_init &rArr; rt_timer_init &rArr; rt_object_init &rArr; rt_exit_critical &rArr; rt_schedule
</UL>
<BR>[Calls]<UL><LI><a href="#[20c]">&gt;&gt;</a>&nbsp;&nbsp;&nbsp;rt_timer_init
<LI><a href="#[20b]">&gt;&gt;</a>&nbsp;&nbsp;&nbsp;rt_hw_stack_init
<LI><a href="#[20a]">&gt;&gt;</a>&nbsp;&nbsp;&nbsp;rt_memset
</UL>
<BR>[Called By]<UL><LI><a href="#[1ee]">&gt;&gt;</a>&nbsp;&nbsp;&nbsp;rt_thread_create
<LI><a href="#[261]">&gt;&gt;</a>&nbsp;&nbsp;&nbsp;rt_thread_init
</UL>

<P><STRONG><a name="[20d]"></a>_thread_cleanup_execute</STRONG> (Thumb, 28 bytes, Stack size 16 bytes, thread.o(i._thread_cleanup_execute))
<BR><BR>[Stack]<UL><LI>Max Depth = 16<LI>Call Chain = _thread_cleanup_execute
</UL>
<BR>[Calls]<UL><LI><a href="#[ef]">&gt;&gt;</a>&nbsp;&nbsp;&nbsp;rt_hw_interrupt_enable
<LI><a href="#[ee]">&gt;&gt;</a>&nbsp;&nbsp;&nbsp;rt_hw_interrupt_disable
</UL>
<BR>[Called By]<UL><LI><a href="#[99]">&gt;&gt;</a>&nbsp;&nbsp;&nbsp;rt_thread_exit
</UL>

<P><STRONG><a name="[267]"></a>_rt_timer_init</STRONG> (Thumb, 40 bytes, Stack size 0 bytes, timer.o(i._rt_timer_init))
<BR><BR>[Called By]<UL><LI><a href="#[20c]">&gt;&gt;</a>&nbsp;&nbsp;&nbsp;rt_timer_init
</UL>

<P><STRONG><a name="[211]"></a>bus_fault_track</STRONG> (Thumb, 120 bytes, Stack size 8 bytes, cpuport.o(i.bus_fault_track))
<BR><BR>[Stack]<UL><LI>Max Depth = 156<LI>Call Chain = bus_fault_track &rArr; rt_kprintf &rArr; rt_vsnprintf &rArr; print_number
</UL>
<BR>[Calls]<UL><LI><a href="#[1f0]">&gt;&gt;</a>&nbsp;&nbsp;&nbsp;rt_kprintf
</UL>
<BR>[Called By]<UL><LI><a href="#[226]">&gt;&gt;</a>&nbsp;&nbsp;&nbsp;hard_fault_track
</UL>

<P><STRONG><a name="[226]"></a>hard_fault_track</STRONG> (Thumb, 76 bytes, Stack size 8 bytes, cpuport.o(i.hard_fault_track))
<BR><BR>[Stack]<UL><LI>Max Depth = 164<LI>Call Chain = hard_fault_track &rArr; usage_fault_track &rArr; rt_kprintf &rArr; rt_vsnprintf &rArr; print_number
</UL>
<BR>[Calls]<UL><LI><a href="#[1f0]">&gt;&gt;</a>&nbsp;&nbsp;&nbsp;rt_kprintf
<LI><a href="#[228]">&gt;&gt;</a>&nbsp;&nbsp;&nbsp;usage_fault_track
<LI><a href="#[227]">&gt;&gt;</a>&nbsp;&nbsp;&nbsp;mem_manage_fault_track
<LI><a href="#[211]">&gt;&gt;</a>&nbsp;&nbsp;&nbsp;bus_fault_track
</UL>
<BR>[Called By]<UL><LI><a href="#[ca]">&gt;&gt;</a>&nbsp;&nbsp;&nbsp;rt_hw_hard_fault_exception
</UL>

<P><STRONG><a name="[227]"></a>mem_manage_fault_track</STRONG> (Thumb, 106 bytes, Stack size 8 bytes, cpuport.o(i.mem_manage_fault_track))
<BR><BR>[Stack]<UL><LI>Max Depth = 156<LI>Call Chain = mem_manage_fault_track &rArr; rt_kprintf &rArr; rt_vsnprintf &rArr; print_number
</UL>
<BR>[Calls]<UL><LI><a href="#[1f0]">&gt;&gt;</a>&nbsp;&nbsp;&nbsp;rt_kprintf
</UL>
<BR>[Called By]<UL><LI><a href="#[226]">&gt;&gt;</a>&nbsp;&nbsp;&nbsp;hard_fault_track
</UL>

<P><STRONG><a name="[228]"></a>usage_fault_track</STRONG> (Thumb, 112 bytes, Stack size 8 bytes, cpuport.o(i.usage_fault_track))
<BR><BR>[Stack]<UL><LI>Max Depth = 156<LI>Call Chain = usage_fault_track &rArr; rt_kprintf &rArr; rt_vsnprintf &rArr; print_number
</UL>
<BR>[Calls]<UL><LI><a href="#[1f0]">&gt;&gt;</a>&nbsp;&nbsp;&nbsp;rt_kprintf
</UL>
<BR>[Called By]<UL><LI><a href="#[226]">&gt;&gt;</a>&nbsp;&nbsp;&nbsp;hard_fault_track
</UL>

<P><STRONG><a name="[22f]"></a>list_find_init</STRONG> (Thumb, 36 bytes, Stack size 24 bytes, cmd.o(i.list_find_init))
<BR><BR>[Stack]<UL><LI>Max Depth = 24<LI>Call Chain = list_find_init
</UL>
<BR>[Calls]<UL><LI><a href="#[230]">&gt;&gt;</a>&nbsp;&nbsp;&nbsp;rt_object_get_information
</UL>
<BR>[Called By]<UL><LI><a href="#[b2]">&gt;&gt;</a>&nbsp;&nbsp;&nbsp;list_timer
<LI><a href="#[af]">&gt;&gt;</a>&nbsp;&nbsp;&nbsp;list_sem
<LI><a href="#[b0]">&gt;&gt;</a>&nbsp;&nbsp;&nbsp;list_mutex
<LI><a href="#[b1]">&gt;&gt;</a>&nbsp;&nbsp;&nbsp;list_msgqueue
<LI><a href="#[ae]">&gt;&gt;</a>&nbsp;&nbsp;&nbsp;list_thread
</UL>

<P><STRONG><a name="[231]"></a>list_get_next</STRONG> (Thumb, 118 bytes, Stack size 24 bytes, cmd.o(i.list_get_next))
<BR><BR>[Stack]<UL><LI>Max Depth = 24<LI>Call Chain = list_get_next
</UL>
<BR>[Calls]<UL><LI><a href="#[ef]">&gt;&gt;</a>&nbsp;&nbsp;&nbsp;rt_hw_interrupt_enable
<LI><a href="#[ee]">&gt;&gt;</a>&nbsp;&nbsp;&nbsp;rt_hw_interrupt_disable
</UL>
<BR>[Called By]<UL><LI><a href="#[b2]">&gt;&gt;</a>&nbsp;&nbsp;&nbsp;list_timer
<LI><a href="#[af]">&gt;&gt;</a>&nbsp;&nbsp;&nbsp;list_sem
<LI><a href="#[b0]">&gt;&gt;</a>&nbsp;&nbsp;&nbsp;list_mutex
<LI><a href="#[b1]">&gt;&gt;</a>&nbsp;&nbsp;&nbsp;list_msgqueue
<LI><a href="#[ae]">&gt;&gt;</a>&nbsp;&nbsp;&nbsp;list_thread
</UL>

<P><STRONG><a name="[232]"></a>show_wait_queue</STRONG> (Thumb, 40 bytes, Stack size 16 bytes, cmd.o(i.show_wait_queue))
<BR><BR>[Stack]<UL><LI>Max Depth = 164<LI>Call Chain = show_wait_queue &rArr; rt_kprintf &rArr; rt_vsnprintf &rArr; print_number
</UL>
<BR>[Calls]<UL><LI><a href="#[1f0]">&gt;&gt;</a>&nbsp;&nbsp;&nbsp;rt_kprintf
</UL>
<BR>[Called By]<UL><LI><a href="#[af]">&gt;&gt;</a>&nbsp;&nbsp;&nbsp;list_sem
<LI><a href="#[b1]">&gt;&gt;</a>&nbsp;&nbsp;&nbsp;list_msgqueue
</UL>

<P><STRONG><a name="[206]"></a>_msh_exec_cmd</STRONG> (Thumb, 108 bytes, Stack size 56 bytes, msh.o(i._msh_exec_cmd))
<BR><BR>[Stack]<UL><LI>Max Depth = 220<LI>Call Chain = _msh_exec_cmd &rArr; msh_split &rArr; rt_kprintf &rArr; rt_vsnprintf &rArr; print_number
</UL>
<BR>[Calls]<UL><LI><a href="#[208]">&gt;&gt;</a>&nbsp;&nbsp;&nbsp;msh_split
<LI><a href="#[207]">&gt;&gt;</a>&nbsp;&nbsp;&nbsp;msh_get_cmd
</UL>
<BR>[Called By]<UL><LI><a href="#[221]">&gt;&gt;</a>&nbsp;&nbsp;&nbsp;msh_exec
</UL>

<P><STRONG><a name="[207]"></a>msh_get_cmd</STRONG> (Thumb, 76 bytes, Stack size 32 bytes, msh.o(i.msh_get_cmd))
<BR><BR>[Stack]<UL><LI>Max Depth = 48<LI>Call Chain = msh_get_cmd &rArr; strncmp
</UL>
<BR>[Calls]<UL><LI><a href="#[22e]">&gt;&gt;</a>&nbsp;&nbsp;&nbsp;strncmp
</UL>
<BR>[Called By]<UL><LI><a href="#[206]">&gt;&gt;</a>&nbsp;&nbsp;&nbsp;_msh_exec_cmd
</UL>

<P><STRONG><a name="[208]"></a>msh_split</STRONG> (Thumb, 178 bytes, Stack size 16 bytes, msh.o(i.msh_split))
<BR><BR>[Stack]<UL><LI>Max Depth = 164<LI>Call Chain = msh_split &rArr; rt_kprintf &rArr; rt_vsnprintf &rArr; print_number
</UL>
<BR>[Calls]<UL><LI><a href="#[1f0]">&gt;&gt;</a>&nbsp;&nbsp;&nbsp;rt_kprintf
</UL>
<BR>[Called By]<UL><LI><a href="#[206]">&gt;&gt;</a>&nbsp;&nbsp;&nbsp;_msh_exec_cmd
</UL>

<P><STRONG><a name="[237]"></a>str_common</STRONG> (Thumb, 30 bytes, Stack size 0 bytes, msh.o(i.str_common))
<BR><BR>[Called By]<UL><LI><a href="#[236]">&gt;&gt;</a>&nbsp;&nbsp;&nbsp;msh_auto_complete
</UL>

<P><STRONG><a name="[218]"></a>finsh_getchar</STRONG> (Thumb, 4 bytes, Stack size 0 bytes, shell.o(i.finsh_getchar))
<BR><BR>[Stack]<UL><LI>Max Depth = 64<LI>Call Chain = finsh_getchar &rArr; rt_hw_console_getchar &rArr; rt_thread_mdelay &rArr; rt_thread_sleep &rArr; rt_timer_start
</UL>
<BR>[Calls]<UL><LI><a href="#[219]">&gt;&gt;</a>&nbsp;&nbsp;&nbsp;rt_hw_console_getchar
</UL>
<BR>[Called By]<UL><LI><a href="#[9b]">&gt;&gt;</a>&nbsp;&nbsp;&nbsp;finsh_thread_entry
</UL>

<P><STRONG><a name="[21f]"></a>shell_auto_complete</STRONG> (Thumb, 42 bytes, Stack size 8 bytes, shell.o(i.shell_auto_complete))
<BR><BR>[Stack]<UL><LI>Max Depth = 204<LI>Call Chain = shell_auto_complete &rArr; msh_auto_complete &rArr; msh_help &rArr; rt_kprintf &rArr; rt_vsnprintf &rArr; print_number
</UL>
<BR>[Calls]<UL><LI><a href="#[1f0]">&gt;&gt;</a>&nbsp;&nbsp;&nbsp;rt_kprintf
<LI><a href="#[215]">&gt;&gt;</a>&nbsp;&nbsp;&nbsp;finsh_get_prompt
<LI><a href="#[216]">&gt;&gt;</a>&nbsp;&nbsp;&nbsp;msh_is_used
<LI><a href="#[236]">&gt;&gt;</a>&nbsp;&nbsp;&nbsp;msh_auto_complete
</UL>
<BR>[Called By]<UL><LI><a href="#[9b]">&gt;&gt;</a>&nbsp;&nbsp;&nbsp;finsh_thread_entry
</UL>
<P>
<H3>
Undefined Global Symbols
</H3><HR></body></html>
