Component: Arm Compiler for Embedded 6.21 Tool: armlink [5ec1fa00]

==============================================================================

Section Cross References

    startup_stm32f407xx.o(STACK) refers (Special) to heapauxi.o(.text) for __use_two_region_memory
    startup_stm32f407xx.o(HEAP) refers (Special) to heapauxi.o(.text) for __use_two_region_memory
    startup_stm32f407xx.o(RESET) refers (Special) to heapauxi.o(.text) for __use_two_region_memory
    startup_stm32f407xx.o(RESET) refers to startup_stm32f407xx.o(STACK) for __initial_sp
    startup_stm32f407xx.o(RESET) refers to startup_stm32f407xx.o(.text) for Reset_Handler
    startup_stm32f407xx.o(RESET) refers to stm32f4xx_it.o(.text.NMI_Handler) for NMI_Handler
    startup_stm32f407xx.o(RESET) refers to context_rvds.o(.text) for HardFault_Handler
    startup_stm32f407xx.o(RESET) refers to stm32f4xx_it.o(.text.MemManage_Handler) for MemManage_Handler
    startup_stm32f407xx.o(RESET) refers to stm32f4xx_it.o(.text.BusFault_Handler) for BusFault_Handler
    startup_stm32f407xx.o(RESET) refers to stm32f4xx_it.o(.text.UsageFault_Handler) for UsageFault_Handler
    startup_stm32f407xx.o(RESET) refers to stm32f4xx_it.o(.text.DebugMon_Handler) for DebugMon_Handler
    startup_stm32f407xx.o(RESET) refers to board.o(.text.SysTick_Handler) for SysTick_Handler
    startup_stm32f407xx.o(RESET) refers to stm32f4xx_it.o(.text.DMA1_Stream1_IRQHandler) for DMA1_Stream1_IRQHandler
    startup_stm32f407xx.o(RESET) refers to stm32f4xx_it.o(.text.DMA1_Stream2_IRQHandler) for DMA1_Stream2_IRQHandler
    startup_stm32f407xx.o(RESET) refers to stm32f4xx_it.o(.text.DMA1_Stream3_IRQHandler) for DMA1_Stream3_IRQHandler
    startup_stm32f407xx.o(RESET) refers to stm32f4xx_it.o(.text.DMA1_Stream4_IRQHandler) for DMA1_Stream4_IRQHandler
    startup_stm32f407xx.o(RESET) refers to stm32f4xx_it.o(.text.DMA1_Stream5_IRQHandler) for DMA1_Stream5_IRQHandler
    startup_stm32f407xx.o(RESET) refers to stm32f4xx_it.o(.text.DMA1_Stream6_IRQHandler) for DMA1_Stream6_IRQHandler
    startup_stm32f407xx.o(RESET) refers to stm32f4xx_it.o(.text.CAN1_RX0_IRQHandler) for CAN1_RX0_IRQHandler
    startup_stm32f407xx.o(RESET) refers to stm32f4xx_it.o(.text.TIM2_IRQHandler) for TIM2_IRQHandler
    startup_stm32f407xx.o(RESET) refers to stm32f4xx_it.o(.text.TIM4_IRQHandler) for TIM4_IRQHandler
    startup_stm32f407xx.o(RESET) refers to stm32f4xx_it.o(.text.USART1_IRQHandler) for USART1_IRQHandler
    startup_stm32f407xx.o(RESET) refers to stm32f4xx_it.o(.text.USART2_IRQHandler) for USART2_IRQHandler
    startup_stm32f407xx.o(RESET) refers to stm32f4xx_it.o(.text.USART3_IRQHandler) for USART3_IRQHandler
    startup_stm32f407xx.o(RESET) refers to stm32f4xx_it.o(.text.EXTI15_10_IRQHandler) for EXTI15_10_IRQHandler
    startup_stm32f407xx.o(RESET) refers to stm32f4xx_it.o(.text.DMA1_Stream7_IRQHandler) for DMA1_Stream7_IRQHandler
    startup_stm32f407xx.o(RESET) refers to stm32f4xx_it.o(.text.TIM5_IRQHandler) for TIM5_IRQHandler
    startup_stm32f407xx.o(RESET) refers to stm32f4xx_it.o(.text.UART4_IRQHandler) for UART4_IRQHandler
    startup_stm32f407xx.o(RESET) refers to stm32f4xx_it.o(.text.UART5_IRQHandler) for UART5_IRQHandler
    startup_stm32f407xx.o(RESET) refers to stm32f4xx_it.o(.text.DMA2_Stream0_IRQHandler) for DMA2_Stream0_IRQHandler
    startup_stm32f407xx.o(RESET) refers to stm32f4xx_it.o(.text.DMA2_Stream1_IRQHandler) for DMA2_Stream1_IRQHandler
    startup_stm32f407xx.o(RESET) refers to stm32f4xx_it.o(.text.DMA2_Stream2_IRQHandler) for DMA2_Stream2_IRQHandler
    startup_stm32f407xx.o(RESET) refers to stm32f4xx_it.o(.text.CAN2_RX0_IRQHandler) for CAN2_RX0_IRQHandler
    startup_stm32f407xx.o(RESET) refers to stm32f4xx_it.o(.text.DMA2_Stream5_IRQHandler) for DMA2_Stream5_IRQHandler
    startup_stm32f407xx.o(RESET) refers to stm32f4xx_it.o(.text.DMA2_Stream6_IRQHandler) for DMA2_Stream6_IRQHandler
    startup_stm32f407xx.o(RESET) refers to stm32f4xx_it.o(.text.DMA2_Stream7_IRQHandler) for DMA2_Stream7_IRQHandler
    startup_stm32f407xx.o(RESET) refers to stm32f4xx_it.o(.text.USART6_IRQHandler) for USART6_IRQHandler
    startup_stm32f407xx.o(.text) refers (Special) to heapauxi.o(.text) for __use_two_region_memory
    startup_stm32f407xx.o(.text) refers to system_stm32f4xx.o(.text.SystemInit) for SystemInit
    startup_stm32f407xx.o(.text) refers to __main.o(!!!main) for __main
    startup_stm32f407xx.o(.text) refers to startup_stm32f407xx.o(HEAP) for Heap_Mem
    startup_stm32f407xx.o(.text) refers to startup_stm32f407xx.o(STACK) for Stack_Mem
    main.o(.ARM.exidx.text.main) refers to main.o(.text.main) for [Anonymous Symbol]
    main.o(.text.SystemClock_Config) refers to stm32f4xx_hal_rcc.o(.text.HAL_RCC_OscConfig) for HAL_RCC_OscConfig
    main.o(.text.SystemClock_Config) refers to stm32f4xx_hal_rcc.o(.text.HAL_RCC_ClockConfig) for HAL_RCC_ClockConfig
    main.o(.ARM.exidx.text.SystemClock_Config) refers to main.o(.text.SystemClock_Config) for [Anonymous Symbol]
[...]
    0x080006b0   0x080006b0   0x00000024   Code   RO         3191    .text               c_w.l(strstr.o)
    0x080006d4   0x080006d4   0x0000003e   Code   RO         3195    .text               c_w.l(strlen.o)
    0x08000712   0x08000712   0x00000096   Code   RO         3197    .text               c_w.l(strncmp.o)
    0x080007a8   0x080007a8   0x0000008a   Code   RO         3199    .text               c_w.l(rt_memcpy_v6.o)
    0x08000832   0x08000832   0x00000010   Code   RO         3201    .text               c_w.l(aeabi_memset.o)
    0x08000842   0x08000842   0x00000044   Code   RO         3203    .text               c_w.l(rt_memclr.o)
    0x08000886   0x08000886   0x0000004e   Code   RO         3205    .text               c_w.l(rt_memclr_w.o)
    0x080008d4   0x080008d4   0x00000056   Code   RO         3207    .text               c_w.l(strncpy.o)
    0x0800092a   0x0800092a   0x00000006   Code   RO         3209    .text               c_w.l(heapauxi.o)
    0x08000930   0x08000930   0x00000008   Code   RO         3276    .text               c_w.l(rt_heap_descriptor_intlibspace.o)
    0x08000938   0x08000938   0x00000004   Code   RO         3278    .text               c_w.l(hguard.o)
    0x0800093c   0x0800093c   0x0000008a   Code   RO         3280    .text               c_w.l(init_alloc.o)
    0x080009c6   0x080009c6   0x0000000c   Code   RO         3284    .text               c_w.l(h1_init.o)
    0x080009d2   0x080009d2   0x00000016   Code   RO         3296    .text               c_w.l(_rserrno.o)
    0x080009e8   0x080009e8   0x000000b2   Code   RO         3298    .text               c_w.l(_printf_intcommon.o)
    0x08000a9a   0x08000a9a   0x00000002   PAD
    0x08000a9c   0x08000a9c   0x00000030   Code   RO         3300    .text               c_w.l(_printf_char_common.o)
    0x08000acc   0x08000acc   0x00000010   Code   RO         3302    .text               c_w.l(_snputc.o)
    0x08000adc   0x08000adc   0x000000b0   Code   RO         3305    .text               c_w.l(strtod.o)
    0x08000b8c   0x08000b8c   0x00000064   Code   RO         3307    .text               c_w.l(rt_memcpy_w.o)
    0x08000bf0   0x08000bf0   0x00000008   Code   RO         3414    .text               c_w.l(libspace.o)
    0x08000bf8   0x08000bf8   0x00000008   Code   RO         3437    .text               c_w.l(rt_errno_addr_intlibspace.o)
    0x08000c00   0x08000c00   0x00000000   Code   RO         3441    .text               c_w.l(maybetermalloc1.o)
    0x08000c00   0x08000c00   0x00000034   Code   RO         3443    .text               c_w.l(h1_extend.o)
    0x08000c34   0x08000c34   0x00000012   Code   RO         3447    .text               c_w.l(isspace.o)
    0x08000c46   0x08000c46   0x00000040   Code   RO         3451    .text               c_w.l(_sgetc.o)
    0x08000c86   0x08000c86   0x0000000e   Code   RO         3456    .text               c_w.l(defsig_rtmem_outer.o)
    0x08000c94   0x08000c94   0x00000002   Code   RO         3471    .text               c_w.l(use_no_semi.o)
    0x08000c96   0x08000c96   0x00000000   Code   RO         3473    .text               c_w.l(indicate_semi.o)
    0x08000c96   0x08000c96   0x0000004a   Code   RO         3474    .text               c_w.l(sys_stackheap_outer.o)
    0x08000ce0   0x08000ce0   0x00000010   Code   RO         3476    .text               c_w.l(rt_ctype_table.o)
    0x08000cf0   0x08000cf0   0x000004f8   Code   RO         3482    .text               c_w.l(scanf_fp.o)
    0x080011e8   0x080011e8   0x00000012   Code   RO         3486    .text               c_w.l(exit.o)
    0x080011fa   0x080011fa   0x0000000a   Code   RO         3488    .text               c_w.l(defsig_exit.o)
    0x08001204   0x08001204   0x00000050   Code   RO         3494    .text               c_w.l(defsig_rtmem_inner.o)
    0x08001254   0x08001254   0x00000004   PAD
    0x08001258   0x08001258   0x0000007c   Code   RO         3496    .text               c_w.l(strcmpv7em.o)
    0x080012d4   0x080012d4   0x0000000c   Code   RO         3508    .text               c_w.l(sys_exit.o)
    0x080012e0   0x080012e0   0x00000008   Code   RO         3517    .text               c_w.l(rt_locale_intlibspace.o)
    0x080012e8   0x080012e8   0x00000026   Code   RO         3523    .text               c_w.l(llshl.o)
    0x0800130e   0x0800130e   0x00000002   PAD
    0x08001310   0x08001310   0x000000e4   Code   RO         3525    .text               c_w.l(bigflt0.o)
    0x080013f4   0x080013f4   0x00000032   Code   RO         3558    .text               c_w.l(defsig_general.o)
    0x08001426   0x08001426   0x0000000e   Code   RO         3598    .text               c_w.l(sys_wrch.o)
    0x08001434   0x08001434   0x00000320   Code   RO         3609    .text               c_w.l(scanf_hexfp.o)
    0x08001754   0x08001754   0x00000134   Code   RO         3611    .text               c_w.l(scanf_infnan.o)
    0x08001888   0x08001888   0x0000001c   Code   RO         3627    .text               c_w.l(_chval.o)
    0x080018a4   0x080018a4   0x00000054   Code   RO         2495    .text.$Sub$$main    components.o
    0x080018f8   0x080018f8   0x0000006e   Code   RO          279    .text.ADC_DMAConvCplt  stm32f4xx_hal_adc.o
    0x08001966   0x08001966   0x00000002   PAD
    0x08001968   0x08001968   0x00000012   Code   RO          283    .text.ADC_DMAError  stm32f4xx_hal_adc.o
    0x0800197a   0x0800197a   0x00000002   PAD
    0x0800197c   0x0800197c   0x00000006   Code   RO          281    .text.ADC_DMAHalfConvCplt  stm32f4xx_hal_adc.o
    0x08001982   0x08001982   0x00000002   PAD
    0x08001984   0x08001984   0x000000cc   Code   RO         2135    .text.AppData_Init  data.o
    0x08001a50   0x08001a50   0x00000054   Code   RO         2133    .text.Application_DataFlash_Modification  data.o
    0x08001aa4   0x08001aa4   0x00000052   Code   RO         1401    .text.BSP_Init      bsp.o
    0x08001af6   0x08001af6   0x00000002   PAD
    0x08001af8   0x08001af8   0x00000038   Code   RO         1603    .text.BatVoltage_Read  bsp_hal_adc.o
    0x08001b30   0x08001b30   0x00000028   Code   RO         1601    .text.Bsp_ADC_Init  bsp_hal_adc.o
    0x08001b58   0x08001b58   0x0000000e   Code   RO         1475    .text.Bsp_Cancom_ConfigurationInit  bsp_hal_can.o
    0x08001b66   0x08001b66   0x00000002   PAD
    0x08001b68   0x08001b68   0x000000a6   Code   RO         1477    .text.Bsp_Cancom_FilterInit  bsp_hal_can.o
    0x08001c0e   0x08001c0e   0x00000002   PAD
    0x08001c10   0x08001c10   0x00000018   Code   RO         1479    .text.Bsp_Cancom_ReadERR  bsp_hal_can.o
    0x08001c28   0x08001c28   0x00000092   Code   RO         1516    .text.Bsp_UARTMixed_TxTrigger  bsp_hal_uartdma.o
    0x08001cba   0x08001cba   0x00000002   PAD
    0x08001cbc   0x08001cbc   0x0000017e   Code   RO         1510    .text.Bsp_UartMixed_Init  bsp_hal_uartdma.o
    0x08001e3a   0x08001e3a   0x00000002   PAD
    0x08001e3c   0x08001e3c   0x00000002   Code   RO          178    .text.BusFault_Handler  stm32f4xx_it.o
    0x08001e3e   0x08001e3e   0x00000002   PAD
    0x08001e40   0x08001e40   0x0000000c   Code   RO          196    .text.CAN1_RX0_IRQHandler  stm32f4xx_it.o
    0x08001e4c   0x08001e4c   0x0000000c   Code   RO          224    .text.CAN2_RX0_IRQHandler  stm32f4xx_it.o
    0x08001e58   0x08001e58   0x000000fa   Code   RO         2002    .text.CANCommunication_InformationParsing  can_communication.o
    0x08001f52   0x08001f52   0x00000002   PAD
    0x08001f54   0x08001f54   0x0000001c   Code   RO         2008    .text.CANCommunication_Init  can_communication.o
    0x08001f70   0x08001f70   0x00000218   Code   RO         2000    .text.CANCommunication_Scan  can_communication.o
    0x08002188   0x08002188   0x0000004c   Code   RO         1481    .text.CANSend       bsp_hal_can.o
    0x080021d4   0x080021d4   0x00000044   Code   RO         1473    .text.CAN_OutQueue  bsp_hal_can.o
    0x08002218   0x08002218   0x00000026   Code   RO         1992    .text.CAN_TT_ASYNC_Enable  can_communication.o
    0x0800223e   0x0800223e   0x00000002   PAD
    0x08002240   0x08002240   0x0000025c   Code   RO         2440    .text.CFFCommand_task  thread_sensor.o
    0x0800249c   0x0800249c   0x000000d4   Code   RO         1740    .text.CRC16Modbus_Compute  checkcalc.o
    0x08002570   0x08002570   0x0000000c   Code   RO          184    .text.DMA1_Stream1_IRQHandler  stm32f4xx_it.o
    0x0800257c   0x0800257c   0x0000000c   Code   RO          186    .text.DMA1_Stream2_IRQHandler  stm32f4xx_it.o
    0x08002588   0x08002588   0x0000000c   Code   RO          188    .text.DMA1_Stream3_IRQHandler  stm32f4xx_it.o
    0x08002594   0x08002594   0x0000000c   Code   RO          190    .text.DMA1_Stream4_IRQHandler  stm32f4xx_it.o
    0x080025a0   0x080025a0   0x0000000c   Code   RO          192    .text.DMA1_Stream5_IRQHandler  stm32f4xx_it.o
    0x080025ac   0x080025ac   0x0000000c   Code   RO          194    .text.DMA1_Stream6_IRQHandler  stm32f4xx_it.o
    0x080025b8   0x080025b8   0x0000000c   Code   RO          210    .text.DMA1_Stream7_IRQHandler  stm32f4xx_it.o
    0x080025c4   0x080025c4   0x0000000c   Code   RO          218    .text.DMA2_Stream0_IRQHandler  stm32f4xx_it.o
    0x080025d0   0x080025d0   0x0000000c   Code   RO          220    .text.DMA2_Stream1_IRQHandler  stm32f4xx_it.o
    0x080025dc   0x080025dc   0x0000000c   Code   RO          222    .text.DMA2_Stream2_IRQHandler  stm32f4xx_it.o
    0x080025e8   0x080025e8   0x0000000c   Code   RO          226    .text.DMA2_Stream5_IRQHandler  stm32f4xx_it.o
    0x080025f4   0x080025f4   0x0000000c   Code   RO          228    .text.DMA2_Stream6_IRQHandler  stm32f4xx_it.o
    0x08002600   0x08002600   0x0000000c   Code   RO          230    .text.DMA2_Stream7_IRQHandler  stm32f4xx_it.o
    0x0800260c   0x0800260c   0x00000002   Code   RO          182    .text.DebugMon_Handler  stm32f4xx_it.o
    0x0800260e   0x0800260e   0x00000002   PAD
    0x08002610   0x08002610   0x0000012c   Code   RO         2293    .text.Display_123   thread_gui.o
    0x0800273c   0x0800273c   0x00000092   Code   RO         2263    .text.Display_Window_BUS_ServoSensor  thread_gui.o
    0x080027ce   0x080027ce   0x00000002   PAD
    0x080027d0   0x080027d0   0x0000027c   Code   RO         2249    .text.Display_Window_Clear  thread_gui.o
    0x08002a4c   0x08002a4c   0x00000216   Code   RO         2253    .text.Display_Window_DCBrushMotor  thread_gui.o
    0x08002c62   0x08002c62   0x00000002   PAD
    0x08002c64   0x08002c64   0x000000a0   Code   RO         2255    .text.Display_Window_EncoderCalibrating  thread_gui.o
    0x08002d04   0x08002d04   0x0000018c   Code   RO         2261    .text.Display_Window_JY62_MPU6050Sensor  thread_gui.o
    0x08002e90   0x08002e90   0x0000021c   Code   RO         2251    .text.Display_Window_StartPage  thread_gui.o
    0x080030ac   0x080030ac   0x0000022e   Code   RO         2257    .text.Display_Window_TrackingSensorBool  thread_gui.o
    0x080032da   0x080032da   0x00000002   PAD
    0x080032dc   0x080032dc   0x00000072   Code   RO         2259    .text.Display_Window_UltrasonicSensor  thread_gui.o
    0x0800334e   0x0800334e   0x00000002   PAD
    0x08003350   0x08003350   0x00000026   Code   RO          208    .text.EXTI15_10_IRQHandler  stm32f4xx_it.o
    0x08003376   0x08003376   0x00000002   PAD
    0x08003378   0x08003378   0x0000004c   Code   RO         2193    .text.EXTI_Callback  thread_comm.o
    0x080033c4   0x080033c4   0x0000000c   Code   RO         1460    .text.EXTI_SetHandler  bsp_hal_gpio.o
    0x080033d0   0x080033d0   0x00000010   Code   RO         1444    .text.Echo1_read    bsp_hal_gpio.o
    0x080033e0   0x080033e0   0x00000010   Code   RO         1446    .text.Echo2_read    bsp_hal_gpio.o
    0x080033f0   0x080033f0   0x00000010   Code   RO         1448    .text.Echo3_read    bsp_hal_gpio.o
    0x08003400   0x08003400   0x00000010   Code   RO         1450    .text.Echo4_read    bsp_hal_gpio.o
    0x08003410   0x08003410   0x0000000a   Code   RO           15    .text.Error_Handler  main.o
    0x0800341a   0x0800341a   0x00000002   PAD
    0x0800341c   0x0800341c   0x000000fe   Code   RO          404    .text.FLASH_WaitForLastOperation  stm32f4xx_hal_flash.o
    0x0800351a   0x0800351a   0x00000002   PAD
    0x0800351c   0x0800351c   0x0000038a   Code   RO         1574    .text.GUI_DrawFont16_BufMode  bsp_hal_st7789.o
    0x080038a6   0x080038a6   0x00000002   PAD
    0x080038a8   0x080038a8   0x00000002   Code   RO         2023    .text.GetReferenceFromDevice  can_communication_canconfig.o
    0x080038aa   0x080038aa   0x00000002   PAD
    0x080038ac   0x080038ac   0x0000000e   Code   RO         2025    .text.GetReferenceToDevice  can_communication_canconfig.o
    0x080038ba   0x080038ba   0x00000002   PAD
    0x080038bc   0x080038bc   0x00000146   Code   RO          291    .text.HAL_ADC_ConfigChannel  stm32f4xx_hal_adc.o
    0x08003a02   0x08003a02   0x00000002   PAD
    0x08003a04   0x08003a04   0x00000084   Code   RO         1605    .text.HAL_ADC_ConvCpltCallback  bsp_hal_adc.o
    0x08003a88   0x08003a88   0x00000002   Code   RO          289    .text.HAL_ADC_ConvHalfCpltCallback  stm32f4xx_hal_adc.o
    0x08003a8a   0x08003a8a   0x00000002   PAD
    0x08003a8c   0x08003a8c   0x00000002   Code   RO          275    .text.HAL_ADC_ErrorCallback  stm32f4xx_hal_adc.o
    0x08003a8e   0x08003a8e   0x00000002   PAD
    0x08003a90   0x08003a90   0x0000015e   Code   RO          249    .text.HAL_ADC_Init  stm32f4xx_hal_adc.o
    0x08003bee   0x08003bee   0x00000002   PAD
    0x08003bf0   0x08003bf0   0x000000ae   Code   RO           38    .text.HAL_ADC_MspInit  adc.o
    0x08003c9e   0x08003c9e   0x00000002   PAD
    0x08003ca0   0x08003ca0   0x000001a0   Code   RO          277    .text.HAL_ADC_Start_DMA  stm32f4xx_hal_adc.o
    0x08003e40   0x08003e40   0x0000002e   Code   RO          759    .text.HAL_CAN_ActivateNotification  stm32f4xx_hal_can.o
    0x08003e6e   0x08003e6e   0x00000002   PAD
    0x08003e70   0x08003e70   0x000000c0   Code   RO          745    .text.HAL_CAN_AddTxMessage  stm32f4xx_hal_can.o
    0x08003f30   0x08003f30   0x000000de   Code   RO          735    .text.HAL_CAN_ConfigFilter  stm32f4xx_hal_can.o
    0x0800400e   0x0800400e   0x00000002   PAD
    0x08004010   0x08004010   0x00000002   Code   RO          789    .text.HAL_CAN_ErrorCallback  stm32f4xx_hal_can.o
    0x08004012   0x08004012   0x00000002   PAD
    0x08004014   0x08004014   0x0000011a   Code   RO          755    .text.HAL_CAN_GetRxMessage  stm32f4xx_hal_can.o
    0x0800412e   0x0800412e   0x00000002   PAD
    0x08004130   0x08004130   0x0000025e   Code   RO          763    .text.HAL_CAN_IRQHandler  stm32f4xx_hal_can.o
    0x0800438e   0x0800438e   0x00000002   PAD
    0x08004390   0x08004390   0x000000f4   Code   RO          725    .text.HAL_CAN_Init  stm32f4xx_hal_can.o
    0x08004484   0x08004484   0x00000120   Code   RO           56    .text.HAL_CAN_MspInit  can.o
    0x080045a4   0x080045a4   0x00000020   Code   RO          795    .text.HAL_CAN_ResetError  stm32f4xx_hal_can.o
    0x080045c4   0x080045c4   0x00000002   Code   RO          777    .text.HAL_CAN_RxFifo0FullCallback  stm32f4xx_hal_can.o
    0x080045c6   0x080045c6   0x00000002   PAD
    0x080045c8   0x080045c8   0x00000126   Code   RO         1485    .text.HAL_CAN_RxFifo0MsgPendingCallback  bsp_hal_can.o
    0x080046ee   0x080046ee   0x00000002   PAD
    0x080046f0   0x080046f0   0x00000002   Code   RO          781    .text.HAL_CAN_RxFifo1FullCallback  stm32f4xx_hal_can.o
    0x080046f2   0x080046f2   0x00000002   PAD
    0x080046f4   0x080046f4   0x00000002   Code   RO          783    .text.HAL_CAN_RxFifo1MsgPendingCallback  stm32f4xx_hal_can.o
    0x080046f6   0x080046f6   0x00000002   PAD
    0x080046f8   0x080046f8   0x00000002   Code   RO          785    .text.HAL_CAN_SleepCallback  stm32f4xx_hal_can.o
    0x080046fa   0x080046fa   0x00000002   PAD
    0x080046fc   0x080046fc   0x0000005a   Code   RO          737    .text.HAL_CAN_Start  stm32f4xx_hal_can.o
    0x08004756   0x08004756   0x00000002   PAD
    0x08004758   0x08004758   0x00000002   Code   RO          767    .text.HAL_CAN_TxMailbox0AbortCallback  stm32f4xx_hal_can.o
    0x0800475a   0x0800475a   0x00000002   PAD
    0x0800475c   0x0800475c   0x00000002   Code   RO          765    .text.HAL_CAN_TxMailbox0CompleteCallback  stm32f4xx_hal_can.o
    0x0800475e   0x0800475e   0x00000002   PAD
    0x08004760   0x08004760   0x00000002   Code   RO          771    .text.HAL_CAN_TxMailbox1AbortCallback  stm32f4xx_hal_can.o
    0x08004762   0x08004762   0x00000002   PAD
    0x08004764   0x08004764   0x00000002   Code   RO          769    .text.HAL_CAN_TxMailbox1CompleteCallback  stm32f4xx_hal_can.o
    0x08004766   0x08004766   0x00000002   PAD
    0x08004768   0x08004768   0x00000002   Code   RO          775    .text.HAL_CAN_TxMailbox2AbortCallback  stm32f4xx_hal_can.o
    0x0800476a   0x0800476a   0x00000002   PAD
    0x0800476c   0x0800476c   0x00000002   Code   RO          773    .text.HAL_CAN_TxMailbox2CompleteCallback  stm32f4xx_hal_can.o
    0x0800476e   0x0800476e   0x00000002   PAD
    0x08004770   0x08004770   0x00000002   Code   RO          787    .text.HAL_CAN_WakeUpFromRxMsgCallback  stm32f4xx_hal_can.o
    0x08004772   0x08004772   0x00000002   PAD
    0x08004774   0x08004774   0x0000008e   Code   RO          502    .text.HAL_DMA_Abort  stm32f4xx_hal_dma.o
    0x08004802   0x08004802   0x00000002   PAD
    0x08004804   0x08004804   0x00000024   Code   RO          504    .text.HAL_DMA_Abort_IT  stm32f4xx_hal_dma.o
    0x08004828   0x08004828   0x00000004   Code   RO          516    .text.HAL_DMA_GetError  stm32f4xx_hal_dma.o
    0x0800482c   0x0800482c   0x000001c0   Code   RO          508    .text.HAL_DMA_IRQHandler  stm32f4xx_hal_dma.o
    0x080049ec   0x080049ec   0x00000162   Code   RO          494    .text.HAL_DMA_Init  stm32f4xx_hal_dma.o
    0x08004b4e   0x08004b4e   0x00000002   PAD
    0x08004b50   0x08004b50   0x000000a2   Code   RO          500    .text.HAL_DMA_Start_IT  stm32f4xx_hal_dma.o
    0x08004bf2   0x08004bf2   0x00000002   PAD
    0x08004bf4   0x08004bf4   0x000000cc   Code   RO         1413    .text.HAL_Delay     bsp.o
    0x08004cc0   0x08004cc0   0x0000018a   Code   RO          435    .text.HAL_FLASHEx_Erase  stm32f4xx_hal_flash_ex.o
    0x08004e4a   0x08004e4a   0x00000002   PAD
    0x08004e4c   0x08004e4c   0x00000014   Code   RO          416    .text.HAL_FLASH_Lock  stm32f4xx_hal_flash.o
    0x08004e60   0x08004e60   0x00000120   Code   RO          402    .text.HAL_FLASH_Program  stm32f4xx_hal_flash.o
    0x08004f80   0x08004f80   0x0000002e   Code   RO          414    .text.HAL_FLASH_Unlock  stm32f4xx_hal_flash.o
    0x08004fae   0x08004fae   0x00000002   PAD
    0x08004fb0   0x08004fb0   0x00000012   Code   RO         1462    .text.HAL_GPIO_EXTI_Callback  bsp_hal_gpio.o
    0x08004fc2   0x08004fc2   0x00000002   PAD
    0x08004fc4   0x08004fc4   0x00000016   Code   RO          468    .text.HAL_GPIO_EXTI_IRQHandler  stm32f4xx_hal_gpio.o
    0x08004fda   0x08004fda   0x00000002   PAD
    0x08004fdc   0x08004fdc   0x0000019a   Code   RO          456    .text.HAL_GPIO_Init  stm32f4xx_hal_gpio.o
    0x08005176   0x08005176   0x00000002   PAD
    0x08005178   0x08005178   0x0000000a   Code   RO          462    .text.HAL_GPIO_WritePin  stm32f4xx_hal_gpio.o
    0x08005182   0x08005182   0x00000002   PAD
    0x08005184   0x08005184   0x0000002a   Code   RO         1405    .text.HAL_GetTick   bsp.o
    0x080051ae   0x080051ae   0x00000002   PAD
    0x080051b0   0x080051b0   0x0000001a   Code   RO         1407    .text.HAL_IncTick   bsp.o
    0x080051ca   0x080051ca   0x00000002   PAD
    0x080051cc   0x080051cc   0x00000036   Code   RO          635    .text.HAL_Init      stm32f4xx_hal.o
    0x08005202   0x08005202   0x00000002   PAD
    0x08005204   0x08005204   0x0000003c   Code   RO         1409    .text.HAL_InitTick  bsp.o
    0x08005240   0x08005240   0x00000038   Code   RO          241    .text.HAL_MspInit   stm32f4xx_hal_msp.o
    0x08005278   0x08005278   0x00000022   Code   RO          593    .text.HAL_NVIC_EnableIRQ  stm32f4xx_hal_cortex.o
    0x0800529a   0x0800529a   0x00000002   PAD
    0x0800529c   0x0800529c   0x00000056   Code   RO          591    .text.HAL_NVIC_SetPriority  stm32f4xx_hal_cortex.o
    0x080052f2   0x080052f2   0x00000002   PAD
    0x080052f4   0x080052f4   0x00000020   Code   RO          589    .text.HAL_NVIC_SetPriorityGrouping  stm32f4xx_hal_cortex.o
    0x08005314   0x08005314   0x00000164   Code   RO          350    .text.HAL_RCC_ClockConfig  stm32f4xx_hal_rcc.o
    0x08005478   0x08005478   0x0000000c   Code   RO          360    .text.HAL_RCC_GetHCLKFreq  stm32f4xx_hal_rcc.o
    0x08005484   0x08005484   0x00000026   Code   RO          362    .text.HAL_RCC_GetPCLK1Freq  stm32f4xx_hal_rcc.o
    0x080054aa   0x080054aa   0x00000002   PAD
    0x080054ac   0x080054ac   0x00000026   Code   RO          364    .text.HAL_RCC_GetPCLK2Freq  stm32f4xx_hal_rcc.o
    0x080054d2   0x080054d2   0x00000002   PAD
    0x080054d4   0x080054d4   0x0000006c   Code   RO          352    .text.HAL_RCC_GetSysClockFreq  stm32f4xx_hal_rcc.o
    0x08005540   0x08005540   0x000003b0   Code   RO          348    .text.HAL_RCC_OscConfig  stm32f4xx_hal_rcc.o
    0x080058f0   0x080058f0   0x000000b4   Code   RO          805    .text.HAL_SPI_Init  stm32f4xx_hal_spi.o
    0x080059a4   0x080059a4   0x0000006a   Code   RO           82    .text.HAL_SPI_MspInit  spi.o
    0x08005a0e   0x08005a0e   0x00000002   PAD
    0x08005a10   0x08005a10   0x0000024e   Code   RO          813    .text.HAL_SPI_Transmit  stm32f4xx_hal_spi.o
    0x08005c5e   0x08005c5e   0x00000002   PAD
    0x08005c60   0x08005c60   0x0000002c   Code   RO          601    .text.HAL_SYSTICK_Config  stm32f4xx_hal_cortex.o
    0x08005c8c   0x08005c8c   0x00000002   Code   RO         1224    .text.HAL_TIMEx_BreakCallback  stm32f4xx_hal_tim_ex.o
    0x08005c8e   0x08005c8e   0x00000002   PAD
    0x08005c90   0x08005c90   0x00000002   Code   RO         1220    .text.HAL_TIMEx_CommutCallback  stm32f4xx_hal_tim_ex.o
    0x08005c92   0x08005c92   0x00000002   PAD
    0x08005c94   0x08005c94   0x00000050   Code   RO         1216    .text.HAL_TIMEx_ConfigBreakDeadTime  stm32f4xx_hal_tim_ex.o
    0x08005ce4   0x08005ce4   0x000000ba   Code   RO         1214    .text.HAL_TIMEx_MasterConfigSynchronization  stm32f4xx_hal_tim_ex.o
    0x08005d9e   0x08005d9e   0x00000002   PAD
    0x08005da0   0x08005da0   0x000000fe   Code   RO         1184    .text.HAL_TIMEx_PWMN_Start  stm32f4xx_hal_tim_ex.o
    0x08005e9e   0x08005e9e   0x00000002   PAD
    0x08005ea0   0x08005ea0   0x00000092   Code   RO         1186    .text.HAL_TIMEx_PWMN_Stop  stm32f4xx_hal_tim_ex.o
    0x08005f32   0x08005f32   0x00000002   PAD
    0x08005f34   0x08005f34   0x0000005a   Code   RO          919    .text.HAL_TIM_Base_Init  stm32f4xx_hal_tim.o
    0x08005f8e   0x08005f8e   0x00000002   PAD
    0x08005f90   0x08005f90   0x000000fc   Code   RO          107    .text.HAL_TIM_Base_MspInit  tim.o
    0x0800608c   0x0800608c   0x000000aa   Code   RO          933    .text.HAL_TIM_Base_Start_IT  stm32f4xx_hal_tim.o
    0x08006136   0x08006136   0x00000002   PAD
    0x08006138   0x08006138   0x0000003c   Code   RO          935    .text.HAL_TIM_Base_Stop_IT  stm32f4xx_hal_tim.o
    0x08006174   0x08006174   0x000001a0   Code   RO         1099    .text.HAL_TIM_ConfigClockSource  stm32f4xx_hal_tim.o
    0x08006314   0x08006314   0x00000002   Code   RO         1119    .text.HAL_TIM_ErrorCallback  stm32f4xx_hal_tim.o
    0x08006316   0x08006316   0x00000002   PAD
    0x08006318   0x08006318   0x00000002   Code   RO         1055    .text.HAL_TIM_IC_CaptureCallback  stm32f4xx_hal_tim.o
    0x0800631a   0x0800631a   0x00000002   PAD
    0x0800631c   0x0800631c   0x00000170   Code   RO         1053    .text.HAL_TIM_IRQHandler  stm32f4xx_hal_tim.o
    0x0800648c   0x0800648c   0x00000002   Code   RO         1057    .text.HAL_TIM_OC_DelayElapsedCallback  stm32f4xx_hal_tim.o
    0x0800648e   0x0800648e   0x00000002   PAD
    0x08006490   0x08006490   0x00000224   Code   RO         1073    .text.HAL_TIM_PWM_ConfigChannel  stm32f4xx_hal_tim.o
    0x080066b4   0x080066b4   0x0000005a   Code   RO          973    .text.HAL_TIM_PWM_Init  stm32f4xx_hal_tim.o
    0x0800670e   0x0800670e   0x00000002   PAD
    0x08006710   0x08006710   0x00000076   Code   RO          109    .text.HAL_TIM_PWM_MspInit  tim.o
    0x08006786   0x08006786   0x00000002   PAD
    0x08006788   0x08006788   0x0000001c   Code   RO         1715    .text.HAL_TIM_PWM_PulseFinishedCallback  rgb.o
    0x080067a4   0x080067a4   0x00000002   Code   RO         1115    .text.HAL_TIM_PWM_PulseFinishedHalfCpltCallback  stm32f4xx_hal_tim.o
    0x080067a6   0x080067a6   0x00000002   PAD
    0x080067a8   0x080067a8   0x0000026e   Code   RO          989    .text.HAL_TIM_PWM_Start_DMA  stm32f4xx_hal_tim.o
    0x08006a16   0x08006a16   0x00000002   PAD
    0x08006a18   0x08006a18   0x000000f8   Code   RO          991    .text.HAL_TIM_PWM_Stop_DMA  stm32f4xx_hal_tim.o
    0x08006b10   0x08006b10   0x00000040   Code   RO         1640    .text.HAL_TIM_PeriodElapsedCallback  bsp_hal_time.o
    0x08006b50   0x08006b50   0x00000002   Code   RO         1063    .text.HAL_TIM_TriggerCallback  stm32f4xx_hal_tim.o
    0x08006b52   0x08006b52   0x00000002   PAD
    0x08006b54   0x08006b54   0x00000002   Code   RO         1322    .text.HAL_UARTEx_RxEventCallback  stm32f4xx_hal_uart.o
    0x08006b56   0x08006b56   0x00000002   PAD
    0x08006b58   0x08006b58   0x0000016e   Code   RO         1292    .text.HAL_UART_AbortReceive  stm32f4xx_hal_uart.o
    0x08006cc6   0x08006cc6   0x00000002   PAD
    0x08006cc8   0x08006cc8   0x00000002   Code   RO         1320    .text.HAL_UART_ErrorCallback  stm32f4xx_hal_uart.o
    0x08006cca   0x08006cca   0x00000002   PAD
    0x08006ccc   0x08006ccc   0x0000055c   Code   RO         1314    .text.HAL_UART_IRQHandler  stm32f4xx_hal_uart.o
    0x08007228   0x08007228   0x0000005e   Code   RO         1238    .text.HAL_UART_Init  stm32f4xx_hal_uart.o
    0x08007286   0x08007286   0x00000002   PAD
    0x08007288   0x08007288   0x0000056a   Code   RO          145    .text.HAL_UART_MspInit  usart.o
    0x080077f2   0x080077f2   0x00000002   PAD
    0x080077f4   0x080077f4   0x00000170   Code   RO         1272    .text.HAL_UART_Receive_DMA  stm32f4xx_hal_uart.o
    0x08007964   0x08007964   0x000000ba   Code   RO         1518    .text.HAL_UART_RxCpltCallback  bsp_hal_uartdma.o
    0x08007a1e   0x08007a1e   0x00000002   PAD
    0x08007a20   0x08007a20   0x00000002   Code   RO         1330    .text.HAL_UART_RxHalfCpltCallback  stm32f4xx_hal_uart.o
    0x08007a22   0x08007a22   0x00000002   PAD
    0x08007a24   0x08007a24   0x00000286   Code   RO         1254    .text.HAL_UART_Transmit  stm32f4xx_hal_uart.o
    0x08007caa   0x08007caa   0x00000002   PAD
    0x08007cac   0x08007cac   0x000000c2   Code   RO         1264    .text.HAL_UART_Transmit_DMA  stm32f4xx_hal_uart.o
    0x08007d6e   0x08007d6e   0x00000002   PAD
    0x08007d70   0x08007d70   0x00000092   Code   RO         1520    .text.HAL_UART_TxCpltCallback  bsp_hal_uartdma.o
    0x08007e02   0x08007e02   0x00000002   PAD
    0x08007e04   0x08007e04   0x00000002   Code   RO         1326    .text.HAL_UART_TxHalfCpltCallback  stm32f4xx_hal_uart.o
    0x08007e06   0x08007e06   0x00000002   PAD
    0x08007e08   0x08007e08   0x000002fe   Code   RO         1415    .text.HAL_xmsDelay  bsp.o
    0x08008106   0x08008106   0x00000002   PAD
    0x08008108   0x08008108   0x00000056   Code   RO         1906    .text.HCSR04Work_Scan  hc_sr04.o
    0x0800815e   0x0800815e   0x00000002   PAD
    0x08008160   0x08008160   0x00000244   Code   RO         1910    .text.HCSR04_DistanceCalc  hc_sr04.o
    0x080083a4   0x080083a4   0x00000022   Code   RO         1904    .text.HCSR04_Inti   hc_sr04.o
    0x080083c6   0x080083c6   0x00000002   PAD
    0x080083c8   0x080083c8   0x0000004e   Code   RO         1908    .text.HCSR04_PulseWidthRead  hc_sr04.o
    0x08008416   0x08008416   0x00000002   PAD
    0x08008418   0x08008418   0x0000002e   Code   RO         1912    .text.HCSR04_TimeOverflow  hc_sr04.o
    0x08008446   0x08008446   0x00000002   PAD
    0x08008448   0x08008448   0x00000062   Code   RO         1920    .text.HC_SR04_Handler  hc_sr04.o
    0x080084aa   0x080084aa   0x00000002   PAD
    0x080084ac   0x080084ac   0x00000032   Code   RO         2021    .text.InitialUsedPGs  can_communication_canconfig.o
    0x080084de   0x080084de   0x00000002   PAD
    0x080084e0   0x080084e0   0x00000010   Code   RO         1434    .text.KEY_1         bsp_hal_gpio.o
    0x080084f0   0x080084f0   0x00000010   Code   RO         1436    .text.KEY_2         bsp_hal_gpio.o
    0x08008500   0x08008500   0x00000010   Code   RO         1438    .text.KEY_3         bsp_hal_gpio.o
    0x08008510   0x08008510   0x00000010   Code   RO         1440    .text.KEY_4         bsp_hal_gpio.o
    0x08008520   0x08008520   0x00000010   Code   RO         1442    .text.KEY_5         bsp_hal_gpio.o
    0x08008530   0x08008530   0x0000009a   Code   RO         1576    .text.LCD_ShowString_BufMode  bsp_hal_st7789.o
    0x080085ca   0x080085ca   0x00000002   PAD
    0x080085cc   0x080085cc   0x000000d0   Code   RO         1713    .text.LED_Init      rgb.o
    0x0800869c   0x0800869c   0x00000070   Code   RO           36    .text.MX_ADC1_Init  adc.o
    0x0800870c   0x0800870c   0x00000042   Code   RO           52    .text.MX_CAN1_Init  can.o
    0x0800874e   0x0800874e   0x00000002   PAD
    0x08008750   0x08008750   0x00000044   Code   RO           54    .text.MX_CAN2_Init  can.o
    0x08008794   0x08008794   0x0000010c   Code   RO           71    .text.MX_DMA_Init   dma.o
    0x080088a0   0x080088a0   0x000001f2   Code   RO           26    .text.MX_GPIO_Init  gpio.o
    0x08008a92   0x08008a92   0x00000002   PAD
    0x08008a94   0x08008a94   0x00000046   Code   RO           80    .text.MX_SPI1_Init  spi.o
    0x08008ada   0x08008ada   0x00000002   PAD
    0x08008adc   0x08008adc   0x000001b4   Code   RO           95    .text.MX_TIM1_Init  tim.o
    0x08008c90   0x08008c90   0x00000070   Code   RO           99    .text.MX_TIM2_Init  tim.o
    0x08008d00   0x08008d00   0x00000074   Code   RO          101    .text.MX_TIM4_Init  tim.o
    0x08008d74   0x08008d74   0x00000178   Code   RO          103    .text.MX_TIM5_Init  tim.o
    0x08008eec   0x08008eec   0x00000178   Code   RO          105    .text.MX_TIM8_Init  tim.o
    0x08009064   0x08009064   0x0000003c   Code   RO          133    .text.MX_UART4_Init  usart.o
    0x080090a0   0x080090a0   0x00000044   Code   RO          135    .text.MX_UART5_Init  usart.o
    0x080090e4   0x080090e4   0x00000040   Code   RO          137    .text.MX_USART1_UART_Init  usart.o
    0x08009124   0x08009124   0x0000003c   Code   RO          139    .text.MX_USART2_UART_Init  usart.o
    0x08009160   0x08009160   0x0000003c   Code   RO          141    .text.MX_USART3_UART_Init  usart.o
    0x0800919c   0x0800919c   0x0000003c   Code   RO          143    .text.MX_USART6_UART_Init  usart.o
    0x080091d8   0x080091d8   0x00000002   Code   RO          176    .text.MemManage_Handler  stm32f4xx_it.o
    0x080091da   0x080091da   0x00000002   PAD
    0x080091dc   0x080091dc   0x00000002   Code   RO          174    .text.NMI_Handler   stm32f4xx_it.o
    0x080091de   0x080091de   0x00000002   PAD
    0x080091e0   0x080091e0   0x00000010   Code   RO         2199    .text.PCModule_Transmit  thread_comm.o
    0x080091f0   0x080091f0   0x00000004   Code   RO         2010    .text.QueueOverflow_Dispose  can_communication.o
    0x080091f4   0x080091f4   0x00000016   Code   RO         2230    .text.Read_Position_x_mm  thread_rccu.o
    0x0800920a   0x0800920a   0x00000002   PAD
    0x0800920c   0x0800920c   0x00000016   Code   RO         2232    .text.Read_Position_y_mm  thread_rccu.o
    0x08009222   0x08009222   0x00000002   PAD
    0x08009224   0x08009224   0x0000000c   Code   RO         1877    .text.RecognitionModule_Init  recognitionmodule.o
    0x08009230   0x08009230   0x00000036   Code   RO         1881    .text.RecognitionModule_ReceivingProcess  recognitionmodule.o
    0x08009266   0x08009266   0x00000002   PAD
    0x08009268   0x08009268   0x000000c6   Code   RO         1879    .text.RecognitionModule_Scan1Ms  recognitionmodule.o
    0x0800932e   0x0800932e   0x00000002   PAD
    0x08009330   0x08009330   0x00000018   Code   RO         1883    .text.RecognitionModule_Start  recognitionmodule.o
    0x08009348   0x08009348   0x0000001a   Code   RO         1893    .text.RecognitionModule_Stop  recognitionmodule.o
    0x08009362   0x08009362   0x00000002   PAD
    0x08009364   0x08009364   0x00000028   Code   RO         2442    .text.Robot_arm_task  thread_sensor.o
    0x0800938c   0x0800938c   0x0000004a   Code   RO         2072    .text.SLAVE_DCMotorMiniwatt_CANRXDispose  slave_dcmotorminiwatt.o
    0x080093d6   0x080093d6   0x00000002   PAD
    0x080093d8   0x080093d8   0x00000174   Code   RO         2036    .text.SLAVE_DCMotorMiniwatt_CANinit  slave_dcmotorminiwatt.o
    0x0800954c   0x0800954c   0x0000005a   Code   RO         2038    .text.SLAVE_DCMotorMiniwatt_Init  slave_dcmotorminiwatt.o
    0x080095a6   0x080095a6   0x00000002   PAD
    0x080095a8   0x080095a8   0x00000012   Code   RO         2044    .text.SLAVE_DCMotorMiniwatt_SpeedRead  slave_dcmotorminiwatt.o
    0x080095ba   0x080095ba   0x00000002   PAD
    0x080095bc   0x080095bc   0x00000016   Code   RO         2046    .text.SLAVE_DCMotorMiniwatt_SpeedSet  slave_dcmotorminiwatt.o
    0x080095d2   0x080095d2   0x00000002   PAD
    0x080095d4   0x080095d4   0x00000040   Code   RO         2122    .text.SLAVE_SteeringEngine3CH_BUSMotorDATAControl  slave_steeringengine_3ch.o
    0x08009614   0x08009614   0x00000236   Code   RO         2108    .text.SLAVE_SteeringEngine3CH_CANinit  slave_steeringengine_3ch.o
    0x0800984a   0x0800984a   0x00000002   PAD
    0x0800984c   0x0800984c   0x00000052   Code   RO         2110    .text.SLAVE_SteeringEngine3CH_Init  slave_steeringengine_3ch.o
    0x0800989e   0x0800989e   0x00000002   PAD
    0x080098a0   0x080098a0   0x00000004   Code   RO         2087    .text.SLAVE_Tracking_BoolRead  slave_tracking.o
    0x080098a4   0x080098a4   0x0000017c   Code   RO         2083    .text.SLAVE_Tracking_CANinit  slave_tracking.o
    0x08009a20   0x08009a20   0x0000000c   Code   RO         2097    .text.SLAVE_Tracking_CheckModeEnable  slave_tracking.o
    0x08009a2c   0x08009a2c   0x00000058   Code   RO         2085    .text.SLAVE_Tracking_Init  slave_tracking.o
    0x08009a84   0x08009a84   0x00000004   Code   RO         2089    .text.SLAVE_Tracking_ModeRead  slave_tracking.o
    0x08009a88   0x08009a88   0x000000e4   Code   RO          909    .text.SPI_WaitFlagStateUntilTimeout  stm32f4xx_hal_spi.o
    0x08009b6c   0x08009b6c   0x00000170   Code   RO         1536    .text.ST7789_init   bsp_hal_st7789.o
    0x08009cdc   0x08009cdc   0x00000240   Code   RO         2436    .text.SensorData_task  thread_sensor.o
    0x08009f1c   0x08009f1c   0x00000252   Code   RO         1403    .text.StartingMusic  bsp.o
    0x0800a16e   0x0800a16e   0x00000002   PAD
    0x0800a170   0x0800a170   0x00000028   Code   RO         1377    .text.SysTick_Handler  board.o
    0x0800a198   0x0800a198   0x000000b4   Code   RO           13    .text.SystemClock_Config  main.o
    0x0800a24c   0x0800a24c   0x00000086   Code   RO         1360    .text.SystemCoreClockUpdate  system_stm32f4xx.o
    0x0800a2d2   0x0800a2d2   0x00000002   PAD
    0x0800a2d4   0x0800a2d4   0x00000012   Code   RO         1358    .text.SystemInit    system_stm32f4xx.o
    0x0800a2e6   0x0800a2e6   0x00000002   PAD
    0x0800a2e8   0x0800a2e8   0x0000000c   Code   RO          198    .text.TIM2_IRQHandler  stm32f4xx_it.o
    0x0800a2f4   0x0800a2f4   0x0000000c   Code   RO          200    .text.TIM4_IRQHandler  stm32f4xx_it.o
    0x0800a300   0x0800a300   0x0000000c   Code   RO          212    .text.TIM5_IRQHandler  stm32f4xx_it.o
    0x0800a30c   0x0800a30c   0x0000013c   Code   RO          923    .text.TIM_Base_SetConfig  stm32f4xx_hal_tim.o
    0x0800a448   0x0800a448   0x0000006a   Code   RO          967    .text.TIM_DMADelayPulseCplt  stm32f4xx_hal_tim.o
    0x0800a4b2   0x0800a4b2   0x00000002   PAD
    0x0800a4b4   0x0800a4b4   0x00000038   Code   RO          969    .text.TIM_DMADelayPulseHalfCplt  stm32f4xx_hal_tim.o
    0x0800a4ec   0x0800a4ec   0x0000005e   Code   RO          943    .text.TIM_DMAError  stm32f4xx_hal_tim.o
    0x0800a54a   0x0800a54a   0x00000002   PAD
    0x0800a54c   0x0800a54c   0x000001d0   Code   RO         2197    .text.Task_COMM_create  thread_comm.o
    0x0800a71c   0x0800a71c   0x0000019c   Code   RO         2281    .text.Task_GUI_create  thread_gui.o
    0x0800a8b8   0x0800a8b8   0x00000038   Code   RO         2169    .text.Task_LED_create  thread_led.o
    0x0800a8f0   0x0800a8f0   0x00000124   Code   RO         2438    .text.Task_Sensor_create  thread_sensor.o
    0x0800aa14   0x0800aa14   0x00000024   Code   RO         1417    .text.Tim_CheckTimeOut  bsp.o
    0x0800aa38   0x0800aa38   0x00000012   Code   RO         2006    .text.Tim_GetCurrentTimeAdd_Scan1MS  can_communication.o
    0x0800aa4a   0x0800aa4a   0x00000002   PAD
    0x0800aa4c   0x0800aa4c   0x0000002c   Code   RO         2201    .text.TimeBreakExecution_Handler  thread_comm.o
    0x0800aa78   0x0800aa78   0x0000002c   Code   RO         2203    .text.Timer2UpdateBreakExecution_Handler  thread_comm.o
    0x0800aaa4   0x0800aaa4   0x0000000c   Code   RO         1638    .text.Timer2Update_SetHandler  bsp_hal_time.o
    0x0800aab0   0x0800aab0   0x00000018   Code   RO         1634    .text.Timer_SetHandler  bsp_hal_time.o
    0x0800aac8   0x0800aac8   0x00000018   Code   RO         1452    .text.Trig1_level   bsp_hal_gpio.o
    0x0800aae0   0x0800aae0   0x00000018   Code   RO         1454    .text.Trig2_level   bsp_hal_gpio.o
    0x0800aaf8   0x0800aaf8   0x00000018   Code   RO         1456    .text.Trig3_level   bsp_hal_gpio.o
    0x0800ab10   0x0800ab10   0x00000018   Code   RO         1458    .text.Trig4_level   bsp_hal_gpio.o
    0x0800ab28   0x0800ab28   0x0000003e   Code   RO          214    .text.UART4_IRQHandler  stm32f4xx_it.o
    0x0800ab66   0x0800ab66   0x00000002   PAD
    0x0800ab68   0x0800ab68   0x0000000c   Code   RO          216    .text.UART5_IRQHandler  stm32f4xx_it.o
    0x0800ab74   0x0800ab74   0x0000000c   Code   RO         1318    .text.UART_DMAAbortOnError  stm32f4xx_hal_uart.o
    0x0800ab80   0x0800ab80   0x0000017c   Code   RO         1270    .text.UART_DMAError  stm32f4xx_hal_uart.o
    0x0800acfc   0x0800acfc   0x0000015a   Code   RO         1346    .text.UART_DMAReceiveCplt  stm32f4xx_hal_uart.o
    0x0800ae56   0x0800ae56   0x00000002   PAD
    0x0800ae58   0x0800ae58   0x00000014   Code   RO         1348    .text.UART_DMARxHalfCplt  stm32f4xx_hal_uart.o
    0x0800ae6c   0x0800ae6c   0x000000b0   Code   RO         1266    .text.UART_DMATransmitCplt  stm32f4xx_hal_uart.o
    0x0800af1c   0x0800af1c   0x00000006   Code   RO         1268    .text.UART_DMATxHalfCplt  stm32f4xx_hal_uart.o
    0x0800af22   0x0800af22   0x00000002   PAD
    0x0800af24   0x0800af24   0x000000fe   Code   RO         1316    .text.UART_Receive_IT  stm32f4xx_hal_uart.o
    0x0800b022   0x0800b022   0x00000002   PAD
    0x0800b024   0x0800b024   0x000000ee   Code   RO         1242    .text.UART_SetConfig  stm32f4xx_hal_uart.o
    0x0800b112   0x0800b112   0x00000002   PAD
    0x0800b114   0x0800b114   0x0000003e   Code   RO          202    .text.USART1_IRQHandler  stm32f4xx_it.o
    0x0800b152   0x0800b152   0x00000002   PAD
    0x0800b154   0x0800b154   0x0000003e   Code   RO          204    .text.USART2_IRQHandler  stm32f4xx_it.o
    0x0800b192   0x0800b192   0x00000002   PAD
    0x0800b194   0x0800b194   0x0000003e   Code   RO          206    .text.USART3_IRQHandler  stm32f4xx_it.o
    0x0800b1d2   0x0800b1d2   0x00000002   PAD
    0x0800b1d4   0x0800b1d4   0x0000003e   Code   RO          232    .text.USART6_IRQHandler  stm32f4xx_it.o
    0x0800b212   0x0800b212   0x00000002   PAD
    0x0800b214   0x0800b214   0x00000002   Code   RO          180    .text.UsageFault_Handler  stm32f4xx_it.o
    0x0800b216   0x0800b216   0x00000002   PAD
    0x0800b218   0x0800b218   0x000000e0   Code   RO         2283    .text.XferExternalKey1_Handler  thread_gui.o
    0x0800b2f8   0x0800b2f8   0x00000040   Code   RO         2285    .text.XferExternalKey2_Handler  thread_gui.o
    0x0800b338   0x0800b338   0x00000088   Code   RO         2287    .text.XferExternalKey3_Handler  thread_gui.o
    0x0800b3c0   0x0800b3c0   0x0000008c   Code   RO         2289    .text.XferExternalKey4_Handler  thread_gui.o
    0x0800b44c   0x0800b44c   0x00000036   Code   RO         2291    .text.XferExternalKey5_Handler  thread_gui.o
    0x0800b482   0x0800b482   0x00000002   PAD
    0x0800b484   0x0800b484   0x00000004   Code   RO         2185    .text.XferExternalUart2Rx_Handler  thread_comm.o
    0x0800b488   0x0800b488   0x0000028c   Code   RO         2187    .text.XferExternalUart3Rx_Handler  thread_comm.o
    0x0800b714   0x0800b714   0x0000014c   Code   RO         2189    .text.XferExternalUart4Rx_Handler  thread_comm.o
    0x0800b860   0x0800b860   0x00000084   Code   RO         2191    .text.XferExternalUart6Rx_Handler  thread_comm.o
    0x0800b8e4   0x0800b8e4   0x00000038   Code   RO         2663    .text.__rt_ffs      kservice.o
    0x0800b91c   0x0800b91c   0x0000003c   Code   RO         1657    .text.bsp_tm1652_SendComm  bsp_hal_tm1652.o
    0x0800b958   0x0800b958   0x00000034   Code   RO         1655    .text.bsp_tm1652_SendData  bsp_hal_tm1652.o
    0x0800b98c   0x0800b98c   0x00000094   Code   RO         1498    .text.buzzerSound   bsp_hal_time_cmpx_beep.o
    0x0800ba20   0x0800ba20   0x0000007a   Code   RO         1738    .text.checksum      checkcalc.o
    0x0800ba9a   0x0800ba9a   0x00000002   PAD
    0x0800ba9c   0x0800ba9c   0x0000000a   Code   RO         2915    .text.cmd_free      msh.o
    0x0800baa6   0x0800baa6   0x00000002   PAD
    0x0800baa8   0x0800baa8   0x0000000a   Code   RO         2913    .text.cmd_ps        msh.o
    0x0800bab2   0x0800bab2   0x00000002   PAD
    0x0800bab4   0x0800bab4   0x0000002c   Code   RO         2195    .text.comm_task     thread_comm.o
    0x0800bae0   0x0800bae0   0x0000003a   Code   RO         1940    .text.fifo_s_get    fifo.o
    0x0800bb1a   0x0800bb1a   0x00000002   PAD
    0x0800bb1c   0x0800bb1c   0x0000001a   Code   RO         1932    .text.fifo_s_init   fifo.o
    0x0800bb36   0x0800bb36   0x00000002   PAD
    0x0800bb38   0x0800bb38   0x000000a4   Code   RO         1936    .text.fifo_s_puts   fifo.o
    0x0800bbdc   0x0800bbdc   0x00000004   Code   RO         1954    .text.fifo_s_used   fifo.o
    0x0800bbe0   0x0800bbe0   0x000000bc   Code   RO         2952    .text.finsh_system_init  shell.o
    0x0800bc9c   0x0800bc9c   0x000004a0   Code   RO         2946    .text.finsh_thread_entry  shell.o
    0x0800c13c   0x0800c13c   0x000001e8   Code   RO         2279    .text.gui_task      thread_gui.o
    0x0800c324   0x0800c324   0x00000020   Code   RO         2868    .text.hello         cmd.o
    0x0800c344   0x0800c344   0x0000013e   Code   RO         1542    .text.lcd_address_set  bsp_hal_st7789.o
    0x0800c482   0x0800c482   0x00000002   PAD
    0x0800c484   0x0800c484   0x00000200   Code   RO         1538    .text.lcd_clear     bsp_hal_st7789.o
    0x0800c684   0x0800c684   0x00000086   Code   RO         1540    .text.lcd_display_on  bsp_hal_st7789.o
    0x0800c70a   0x0800c70a   0x00000002   PAD
    0x0800c70c   0x0800c70c   0x0000000e   Code   RO         1548    .text.lcd_set_color  bsp_hal_st7789.o
    0x0800c71a   0x0800c71a   0x00000002   PAD
    0x0800c71c   0x0800c71c   0x00000806   Code   RO         1562    .text.lcd_show_char  bsp_hal_st7789.o
    0x0800cf22   0x0800cf22   0x00000002   PAD
    0x0800cf24   0x0800cf24   0x000001fa   Code   RO         1566    .text.lcd_show_num  bsp_hal_st7789.o
    0x0800d11e   0x0800d11e   0x00000002   PAD
    0x0800d120   0x0800d120   0x00000046   Code   RO         1568    .text.lcd_show_snum  bsp_hal_st7789.o
    0x0800d166   0x0800d166   0x00000002   PAD
    0x0800d168   0x0800d168   0x00000082   Code   RO         1564    .text.lcd_show_string  bsp_hal_st7789.o
    0x0800d1ea   0x0800d1ea   0x00000002   PAD
    0x0800d1ec   0x0800d1ec   0x00000080   Code   RO         2882    .text.list          cmd.o
    0x0800d26c   0x0800d26c   0x00000080   Code   RO         2688    .text.list_mem      mem.o
    0x0800d2ec   0x0800d2ec   0x000001ac   Code   RO         2878    .text.list_msgqueue  cmd.o
    0x0800d498   0x0800d498   0x00000148   Code   RO         2876    .text.list_mutex    cmd.o
    0x0800d5e0   0x0800d5e0   0x000001a4   Code   RO         2874    .text.list_sem      cmd.o
    0x0800d784   0x0800d784   0x000001c0   Code   RO         2872    .text.list_thread   cmd.o
    0x0800d944   0x0800d944   0x0000017c   Code   RO         2880    .text.list_timer    cmd.o
    0x0800dac0   0x0800dac0   0x00000004   Code   RO           11    .text.main          main.o
    0x0800dac4   0x0800dac4   0x00000032   Code   RO         2499    .text.main_thread_entry  components.o
    0x0800daf6   0x0800daf6   0x00000002   PAD
    0x0800daf8   0x0800daf8   0x0000013c   Code   RO         2919    .text.msh_auto_complete  msh.o
    0x0800dc34   0x0800dc34   0x00000234   Code   RO         2917    .text.msh_exec      msh.o
    0x0800de68   0x0800de68   0x00000072   Code   RO         2911    .text.msh_help      msh.o
    0x0800deda   0x0800deda   0x00000002   PAD
    0x0800dedc   0x0800dedc   0x00000004   Code   RO         2909    .text.msh_is_used   msh.o
    0x0800dee0   0x0800dee0   0x00000008   Code   RO         1672    .text.mybtn_attach  separate_button.o
    0x0800dee8   0x0800dee8   0x000001a0   Code   RO         1668    .text.mybtn_handler  separate_button.o
    0x0800e088   0x0800e088   0x00000046   Code   RO         1670    .text.mybtn_init    separate_button.o
    0x0800e0ce   0x0800e0ce   0x00000002   PAD
    0x0800e0d0   0x0800e0d0   0x00000046   Code   RO         1676    .text.mybtn_start   separate_button.o
    0x0800e116   0x0800e116   0x00000002   PAD
    0x0800e118   0x0800e118   0x00000020   Code   RO         1680    .text.mybtn_ticks   separate_button.o
    0x0800e138   0x0800e138   0x000001d0   Code   RO         2647    .text.print_number  kservice.o
    0x0800e308   0x0800e308   0x0000001e   Code   RO         2684    .text.rt_calloc     mem.o
    0x0800e326   0x0800e326   0x00000002   PAD
    0x0800e328   0x0800e328   0x0000002c   Code   RO         2491    .text.rt_components_board_init  components.o
    0x0800e354   0x0800e354   0x0000001c   Code   RO         2750    .text.rt_enter_critical  scheduler.o
    0x0800e370   0x0800e370   0x00000042   Code   RO         2752    .text.rt_exit_critical  scheduler.o
    0x0800e3b2   0x0800e3b2   0x00000002   PAD
    0x0800e3b4   0x0800e3b4   0x00000140   Code   RO         2682    .text.rt_free       mem.o
    0x0800e4f4   0x0800e4f4   0x0000000a   Code   RO         1397    .text.rt_heap_begin_get  bsp.o
    0x0800e4fe   0x0800e4fe   0x00000002   PAD
    0x0800e500   0x0800e500   0x00000008   Code   RO         1399    .text.rt_heap_end_get  bsp.o
    0x0800e508   0x0800e508   0x0000003e   Code   RO         1379    .text.rt_hw_board_init  board.o
    0x0800e546   0x0800e546   0x00000002   PAD
    0x0800e548   0x0800e548   0x0000002a   Code   RO         1385    .text.rt_hw_console_getchar  board.o
    0x0800e572   0x0800e572   0x00000002   PAD
    0x0800e574   0x0800e574   0x00000060   Code   RO         1383    .text.rt_hw_console_output  board.o
    0x0800e5d4   0x0800e5d4   0x000003c4   Code   RO         2849    .text.rt_hw_hard_fault_exception  cpuport.o
    0x0800e998   0x0800e998   0x00000042   Code   RO         2845    .text.rt_hw_stack_init  cpuport.o
    0x0800e9da   0x0800e9da   0x00000002   PAD
    0x0800e9dc   0x0800e9dc   0x0000001c   Code   RO         2596    .text.rt_interrupt_enter  irq.o
    0x0800e9f8   0x0800e9f8   0x0000001c   Code   RO         2598    .text.rt_interrupt_leave  irq.o
    0x0800ea14   0x0800ea14   0x00000032   Code   RO         2643    .text.rt_kprintf    kservice.o
    0x0800ea46   0x0800ea46   0x00000002   PAD
    0x0800ea48   0x0800ea48   0x00000144   Code   RO         2678    .text.rt_malloc     mem.o
    0x0800eb8c   0x0800eb8c   0x0000003a   Code   RO         2621    .text.rt_memmove    kservice.o
    0x0800ebc6   0x0800ebc6   0x00000002   PAD
    0x0800ebc8   0x0800ebc8   0x0000005e   Code   RO         2617    .text.rt_memset     kservice.o
    0x0800ec26   0x0800ec26   0x00000002   PAD
    0x0800ec28   0x0800ec28   0x0000006a   Code   RO         2721    .text.rt_object_allocate  object.o
    0x0800ec92   0x0800ec92   0x00000002   PAD
    0x0800ec94   0x0800ec94   0x0000002c   Code   RO         2723    .text.rt_object_delete  object.o
    0x0800ecc0   0x0800ecc0   0x00000024   Code   RO         2719    .text.rt_object_detach  object.o
    0x0800ece4   0x0800ece4   0x00000022   Code   RO         2711    .text.rt_object_get_information  object.o
    0x0800ed06   0x0800ed06   0x00000002   PAD
    0x0800ed08   0x0800ed08   0x00000064   Code   RO         2717    .text.rt_object_init  object.o
    0x0800ed6c   0x0800ed6c   0x00000006   Code   RO         2725    .text.rt_object_is_systemobject  object.o
    0x0800ed72   0x0800ed72   0x00000002   PAD
    0x0800ed74   0x0800ed74   0x0000007e   Code   RO         2744    .text.rt_schedule   scheduler.o
    0x0800edf2   0x0800edf2   0x00000002   PAD
    0x0800edf4   0x0800edf4   0x00000052   Code   RO         2746    .text.rt_schedule_insert_thread  scheduler.o
    0x0800ee46   0x0800ee46   0x00000002   PAD
    0x0800ee48   0x0800ee48   0x00000054   Code   RO         2748    .text.rt_schedule_remove_thread  scheduler.o
    0x0800ee9c   0x0800ee9c   0x00000020   Code   RO         2540    .text.rt_sem_init   ipc.o
    0x0800eebc   0x0800eebc   0x0000004e   Code   RO         2552    .text.rt_sem_release  ipc.o
    0x0800ef0a   0x0800ef0a   0x00000002   PAD
    0x0800ef0c   0x0800ef0c   0x000000ba   Code   RO         2548    .text.rt_sem_take   ipc.o
    0x0800efc6   0x0800efc6   0x00000002   PAD
    0x0800efc8   0x0800efc8   0x000000b8   Code   RO         2641    .text.rt_show_version  kservice.o
    0x0800f080   0x0800f080   0x00000010   Code   RO         2627    .text.rt_strlen     kservice.o
    0x0800f090   0x0800f090   0x00000032   Code   RO         2631    .text.rt_strncpy    kservice.o
    0x0800f0c2   0x0800f0c2   0x00000002   PAD
    0x0800f0c4   0x0800f0c4   0x000000dc   Code   RO         2676    .text.rt_system_heap_init  mem.o
    0x0800f1a0   0x0800f1a0   0x00000052   Code   RO         2740    .text.rt_system_scheduler_init  scheduler.o
    0x0800f1f2   0x0800f1f2   0x00000002   PAD
    0x0800f1f4   0x0800f1f4   0x00000038   Code   RO         2742    .text.rt_system_scheduler_start  scheduler.o
    0x0800f22c   0x0800f22c   0x0000000e   Code   RO         2831    .text.rt_system_timer_init  timer.o
    0x0800f23a   0x0800f23a   0x00000002   PAD
    0x0800f23c   0x0800f23c   0x00000002   Code   RO         2833    .text.rt_system_timer_thread_init  timer.o
    0x0800f23e   0x0800f23e   0x00000002   PAD
    0x0800f240   0x0800f240   0x0000009a   Code   RO         2783    .text.rt_thread_create  thread.o
    0x0800f2da   0x0800f2da   0x00000002   PAD
    0x0800f2dc   0x0800f2dc   0x0000006e   Code   RO         2771    .text.rt_thread_exit  thread.o
    0x0800f34a   0x0800f34a   0x00000002   PAD
    0x0800f34c   0x0800f34c   0x0000005e   Code   RO         2525    .text.rt_thread_idle_entry  idle.o
    0x0800f3aa   0x0800f3aa   0x00000002   PAD
    0x0800f3ac   0x0800f3ac   0x00000050   Code   RO         2523    .text.rt_thread_idle_init  idle.o
    0x0800f3fc   0x0800f3fc   0x00000034   Code   RO         2517    .text.rt_thread_idle_sethook  idle.o
    0x0800f430   0x0800f430   0x0000008e   Code   RO         2773    .text.rt_thread_init  thread.o
    0x0800f4be   0x0800f4be   0x00000002   PAD
    0x0800f4c0   0x0800f4c0   0x0000000e   Code   RO         2797    .text.rt_thread_mdelay  thread.o
    0x0800f4ce   0x0800f4ce   0x00000002   PAD
    0x0800f4d0   0x0800f4d0   0x00000046   Code   RO         2779    .text.rt_thread_resume  thread.o
    0x0800f516   0x0800f516   0x00000002   PAD
    0x0800f518   0x0800f518   0x0000000c   Code   RO         2775    .text.rt_thread_self  thread.o
    0x0800f524   0x0800f524   0x00000078   Code   RO         2789    .text.rt_thread_sleep  thread.o
    0x0800f59c   0x0800f59c   0x0000005c   Code   RO         2777    .text.rt_thread_startup  thread.o
    0x0800f5f8   0x0800f5f8   0x00000042   Code   RO         2791    .text.rt_thread_suspend  thread.o
    0x0800f63a   0x0800f63a   0x00000002   PAD
    0x0800f63c   0x0800f63c   0x00000028   Code   RO         2801    .text.rt_thread_timeout  thread.o
    0x0800f664   0x0800f664   0x00000070   Code   RO         2787    .text.rt_thread_yield  thread.o
    0x0800f6d4   0x0800f6d4   0x00000006   Code   RO         2472    .text.rt_tick_from_millisecond  clock.o
    0x0800f6da   0x0800f6da   0x00000002   PAD
    0x0800f6dc   0x0800f6dc   0x0000000c   Code   RO         2466    .text.rt_tick_get   clock.o
    0x0800f6e8   0x0800f6e8   0x00000034   Code   RO         2470    .text.rt_tick_increase  clock.o
    0x0800f71c   0x0800f71c   0x000000b0   Code   RO         2827    .text.rt_timer_check  timer.o
    0x0800f7cc   0x0800f7cc   0x0000004c   Code   RO         2825    .text.rt_timer_control  timer.o
    0x0800f818   0x0800f818   0x00000030   Code   RO         2815    .text.rt_timer_detach  timer.o
    0x0800f848   0x0800f848   0x00000032   Code   RO         2813    .text.rt_timer_init  timer.o
    0x0800f87a   0x0800f87a   0x00000002   PAD
    0x0800f87c   0x0800f87c   0x00000086   Code   RO         2821    .text.rt_timer_start  timer.o
    0x0800f902   0x0800f902   0x00000002   PAD
    0x0800f904   0x0800f904   0x00000038   Code   RO         2823    .text.rt_timer_stop  timer.o
    0x0800f93c   0x0800f93c   0x00000324   Code   RO         2645    .text.rt_vsnprintf  kservice.o
    0x0800fc60   0x0800fc60   0x00000004   Code   RO         2487    .text.rti_board_end  components.o
    0x0800fc64   0x0800fc64   0x00000004   Code   RO         2485    .text.rti_board_start  components.o
    0x0800fc68   0x0800fc68   0x00000004   Code   RO         2489    .text.rti_end       components.o
    0x0800fc6c   0x0800fc6c   0x00000004   Code   RO         2483    .text.rti_start     components.o
    0x0800fc70   0x0800fc70   0x000001d8   Code   RO         2428    .text.sensor_uart_rx_callback  thread_sensor.o
    0x0800fe48   0x0800fe48   0x0000016c   Code   RO         1622    .text.stmflash_write  bsp_hal_flash.o
    0x0800ffb4   0x0800ffb4   0x00000038   Code   RO         1381    .text.uart_init     board.o
    0x0800ffec   0x0800ffec   0x000000e4   Code   RO         2167    .text.vApplicationIdleHook  thread_led.o
    0x080100d0   0x080100d0   0x0000000a   Code   RO         2870    .text.version       cmd.o
    0x080100da   0x080100da   0x00000002   PAD
    0x080100dc   0x080100dc   0x000000de   Code   RO         2004    .text.xCreate       can_communication.o
    0x080101ba   0x080101ba   0x00000002   PAD
    0x080101bc   0x080101bc   0x00000338   Code   RO         3538    CL$$btod_div_common  c_w.l(btod.o)
    0x080104f4   0x080104f4   0x00000084   Code   RO         3536    CL$$btod_e2d        c_w.l(btod.o)
    0x08010578   0x08010578   0x000000dc   Code   RO         3535    CL$$btod_e2e        c_w.l(btod.o)
    0x08010654   0x08010654   0x0000002a   Code   RO         3532    CL$$btod_ediv       c_w.l(btod.o)
    0x0801067e   0x0801067e   0x0000002a   Code   RO         3534    CL$$btod_edivd      c_w.l(btod.o)
    0x080106a8   0x080106a8   0x0000002a   Code   RO         3531    CL$$btod_emul       c_w.l(btod.o)
    0x080106d2   0x080106d2   0x0000002a   Code   RO         3533    CL$$btod_emuld      c_w.l(btod.o)
    0x080106fc   0x080106fc   0x00000244   Code   RO         3537    CL$$btod_mult_common  c_w.l(btod.o)
    0x08010940   0x08010940   0x000000f8   Code   RO         3590    i.__hardfp___mathlib_tofloat  m_wm.l(narrow.o)
    0x08010a38   0x08010a38   0x00000038   Code   RO         3248    i.__hardfp_atof     m_wm.l(atof.o)
    0x08010a70   0x08010a70   0x000000d0   Code   RO         3646    i.__hardfp_ldexp    m_wm.l(ldexp.o)
    0x08010b40   0x08010b40   0x00000020   Code   RO         3382    i.__mathlib_dbl_overflow  m_wm.l(dunder.o)
    0x08010b60   0x08010b60   0x00000020   Code   RO         3384    i.__mathlib_dbl_underflow  m_wm.l(dunder.o)
    0x08010b80   0x08010b80   0x00000012   Code   RO         3591    i.__mathlib_narrow  m_wm.l(narrow.o)
    0x08010b92   0x08010b92   0x00000014   Code   RO         3648    i.__support_ldexp   m_wm.l(ldexp.o)
    0x08010ba6   0x08010ba6   0x0000000e   Code   RO         3179    i._is_digit         c_w.l(__printf_wp.o)
    0x08010bb4   0x08010bb4   0x00000004   PAD
    0x08010bb8   0x08010bb8   0x0000008c   Code   RO         3621    i.frexp             m_wm.l(frexp.o)
    0x08010c44   0x08010c44   0x0000002c   Code   RO         3454    locale$$code        c_w.l(lc_numeric_c.o)
    0x08010c70   0x08010c70   0x0000002c   Code   RO         3554    locale$$code        c_w.l(lc_ctype_c.o)
    0x08010c9c   0x08010c9c   0x00000062   Code   RO         3213    x$fpl$d2f           fz_wm.l(d2f.o)
    0x08010cfe   0x08010cfe   0x00000002   PAD
    0x08010d00   0x08010d00   0x00000010   Code   RO         3656    x$fpl$dcheck1       fz_wm.l(dcheck1.o)
    0x08010d10   0x08010d10   0x00000018   Code   RO         3465    x$fpl$dcmpinf       fz_wm.l(dcmpi.o)
    0x08010d28   0x08010d28   0x00000078   Code   RO         3360    x$fpl$deqf          fz_wm.l(deqf.o)
    0x08010da0   0x08010da0   0x00000078   Code   RO         3364    x$fpl$dleqf         fz_wm.l(dleqf.o)
    0x08010e18   0x08010e18   0x00000154   Code   RO         3237    x$fpl$dmul          fz_wm.l(dmul.o)
    0x08010f6c   0x08010f6c   0x0000009c   Code   RO         3366    x$fpl$dnaninf       fz_wm.l(dnaninf.o)
    0x08011008   0x08011008   0x0000000c   Code   RO         3368    x$fpl$dretinf       fz_wm.l(dretinf.o)
    0x08011014   0x08011014   0x0000006c   Code   RO         3617    x$fpl$drleqf        fz_wm.l(drleqf.o)
    0x08011080   0x08011080   0x0000001a   Code   RO         3467    x$fpl$fpinit        fz_wm.l(fpinit.o)
    0x0801109a   0x0801109a   0x0000000a   Code   RO         3372    x$fpl$fretinf       fz_wm.l(fretinf.o)
    0x080110a4   0x080110a4   0x00000006   Code   RO         3582    x$fpl$ieeestatus    fz_wm.l(istatus.o)
    0x080110aa   0x080110aa   0x00000064   Code   RO         3658    x$fpl$retnan        fz_wm.l(retnan.o)
    0x0801110e   0x0801110e   0x0000005c   Code   RO         3654    x$fpl$scalbn        fz_wm.l(scalbn.o)
    0x0801116a   0x0801116a   0x00000004   Code   RO         3469    x$fpl$scanf1        fz_wm.l(scanf1.o)
    0x0801116e   0x0801116e   0x00000008   Code   RO         3584    x$fpl$scanf2        fz_wm.l(scanf2.o)
    0x08011176   0x08011176   0x00000030   Code   RO         3660    x$fpl$trapveneer    fz_wm.l(trapv.o)
    0x080111a6   0x080111a6   0x00000000   Code   RO         3374    x$fpl$usenofp       fz_wm.l(usenofp.o)
    0x080111a6   0x080111a6   0x00000002   PAD
    0x080111a8   0x080111a8   0x00000094   Data   RO         3526    .constdata          c_w.l(bigflt0.o)
    0x0801123c   0x0801123c   0x00000010   Data   RO         2300    .rodata..Lswitch.table.XferExternalKey5_Handler  thread_gui.o
    0x0801124c   0x0801124c   0x00000010   Data   RO         1363    .rodata.AHBPrescTable  system_stm32f4xx.o
    0x0801125c   0x0801125c   0x00000008   Data   RO         1364    .rodata.APBPrescTable  system_stm32f4xx.o
    0x08011264   0x08011264   0x00000020   Data   RO         2296    .rodata.DisplayWindow  thread_gui.o
    0x08011284   0x08011284   0x00000100   Data   RO         2667    .rodata.__lowest_bit_bitmap  kservice.o
    0x08011384   0x08011384   0x00000474   Data   RO         1591    .rodata.asc2_1206   bsp_lcd_font.o
    0x080117f8   0x080117f8   0x000011a0   Data   RO         1592    .rodata.asc2_2412   bsp_lcd_font.o
    0x08012998   0x08012998   0x00003b00   Data   RO         1593    .rodata.asc2_6432   bsp_lcd_font.o
    0x08016498   0x08016498   0x00000100   Data   RO         1742    .rodata.auchCRCHi   checkcalc.o
    0x08016598   0x08016598   0x00000100   Data   RO         1743    .rodata.auchCRCLo   checkcalc.o
    0x08016698   0x08016698   0x00000008   Data   RO          518    .rodata.cst8        stm32f4xx_hal_dma.o
    0x080166a0   0x080166a0   0x000000b6   Data   RO         2297    .rodata.display     thread_gui.o
    0x08016756   0x08016756   0x00000160   Data   RO         1578    .rodata.init_cmds   bsp_hal_st7789.o
    0x080168b6   0x080168b6   0x00000027   Data   RO         2697    .rodata.name        mem.o
    0x080168dd   0x080168dd   0x000001f9   Data   RO         2884    .rodata.name        cmd.o
    0x08016ad6   0x08016ad6   0x00000076   Data   RO         2922    .rodata.name        msh.o
    0x08016b4c   0x08016b4c   0x0000000e   Data   RO         1895    .rodata.order       recognitionmodule.o
    0x08016b5a   0x08016b5a   0x0000005c   Data   RO         2299    .rodata.str1.1      thread_gui.o
    0x08016bb6   0x08016bb6   0x00000005   Data   RO         2507    .rodata.str1.1      components.o
    0x08016bbb   0x08016bbb   0x000001bb   Data   RO         2856    .rodata.str1.1      cpuport.o
    0x08016d76   0x08016d76   0x0000008d   Data   RO         2888    .rodata.str1.1      cmd.o
    0x08016e03   0x08016e03   0x0000002e   Data   RO         2921    .rodata.str1.1      msh.o
    0x08016e31   0x08016e31   0x00000011   Data   RO         2961    .rodata.str1.1      shell.o
    0x08016e42   0x08016e42   0x00000220   Data   RO         1579    .rodata.tfont16     bsp_hal_st7789.o
    0x08017062   0x08017062   0x00000002   PAD
    0x08017064   0x08017064   0x00000004   Data   RO         2503    .rti_fn.0           components.o
    0x08017068   0x08017068   0x00000004   Data   RO         2504    .rti_fn.0.end       components.o
    0x0801706c   0x0801706c   0x00000004   Data   RO         1387    .rti_fn.1           board.o
    0x08017070   0x08017070   0x00000004   Data   RO         1419    .rti_fn.1           bsp.o
    0x08017074   0x08017074   0x00000004   Data   RO         2150    .rti_fn.1           data.o
    0x08017078   0x08017078   0x00000004   Data   RO         2505    .rti_fn.1.end       components.o
    0x0801707c   0x0801707c   0x00000004   Data   RO         1420    .rti_fn.4           bsp.o
    0x08017080   0x08017080   0x00000004   Data   RO         2172    .rti_fn.6           thread_led.o
    0x08017084   0x08017084   0x00000004   Data   RO         2206    .rti_fn.6           thread_comm.o
    0x08017088   0x08017088   0x00000004   Data   RO         2298    .rti_fn.6           thread_gui.o
    0x0801708c   0x0801708c   0x00000004   Data   RO         2449    .rti_fn.6           thread_sensor.o
    0x08017090   0x08017090   0x00000004   Data   RO         2962    .rti_fn.6           shell.o
    0x08017094   0x08017094   0x00000004   Data   RO         2506    .rti_fn.6.end       components.o
    0x08017098   0x08017098   0x0000000c   Data   RO         2698    FSymTab             mem.o
    0x080170a4   0x080170a4   0x0000000c   Data   RO         2885    FSymTab             cmd.o
    0x080170b0   0x080170b0   0x0000000c   Data   RO         2886    FSymTab             cmd.o
    0x080170bc   0x080170bc   0x0000000c   Data   RO         2887    FSymTab             cmd.o
    0x080170c8   0x080170c8   0x0000000c   Data   RO         2889    FSymTab             cmd.o
    0x080170d4   0x080170d4   0x0000000c   Data   RO         2890    FSymTab             cmd.o
    0x080170e0   0x080170e0   0x0000000c   Data   RO         2891    FSymTab             cmd.o
    0x080170ec   0x080170ec   0x0000000c   Data   RO         2892    FSymTab             cmd.o
    0x080170f8   0x080170f8   0x0000000c   Data   RO         2893    FSymTab             cmd.o
    0x08017104   0x08017104   0x0000000c   Data   RO         2894    FSymTab             cmd.o
    0x08017110   0x08017110   0x0000000c   Data   RO         2895    FSymTab             cmd.o
    0x0801711c   0x0801711c   0x0000000c   Data   RO         2896    FSymTab             cmd.o
    0x08017128   0x08017128   0x0000000c   Data   RO         2897    FSymTab             cmd.o
    0x08017134   0x08017134   0x0000000c   Data   RO         2898    FSymTab             cmd.o
    0x08017140   0x08017140   0x0000000c   Data   RO         2899    FSymTab             cmd.o
    0x0801714c   0x0801714c   0x0000000c   Data   RO         2923    FSymTab             msh.o
    0x08017158   0x08017158   0x0000000c   Data   RO         2924    FSymTab             msh.o
    0x08017164   0x08017164   0x0000000c   Data   RO         2925    FSymTab             msh.o
    0x08017170   0x08017170   0x00000020   Data   RO         3663    Region$$Table       anon$$obj.o
    0x08017190   0x08017190   0x00000008   Data   RO         3578    c$$dinf             fz_wm.l(fpconst.o)
    0x08017198   0x08017198   0x00000008   Data   RO         3581    c$$dmax             fz_wm.l(fpconst.o)
    0x080171a0   0x080171a0   0x0000001c   Data   RO         3453    locale$$data        c_w.l(lc_numeric_c.o)
    0x080171bc   0x080171bc   0x00000110   Data   RO         3553    locale$$data        c_w.l(lc_ctype_c.o)


    Execution Region RW_IRAM1 (Exec base: 0x20000000, Load base: 0x080172d0, Size: 0x00004598, Max: 0x0001c000, ABSOLUTE)

    Exec Addr    Load Addr    Size         Type   Attr      Idx    E Section Name        Object

    0x20000000   0x080172d0   0x00000008   Data   RW          690    .data..L_MergedGlobals  stm32f4xx_hal.o
    0x20000008   0x080172d8   0x00000004   Data   RW         1582    .data..L_MergedGlobals  bsp_hal_st7789.o
    0x2000000c   0x080172dc   0x00000004   PAD
    0x20000010   0x080172e0   0x00000034   Data   RW         2301    .data..L_MergedGlobals  thread_gui.o
    0x20000044   0x08017314   0x00000004   Data   RW         1607    .data.BatVoltage    bsp_hal_adc.o
    0x20000048   0x08017318   0x0000000c   Data   RW         2144    .data.ColorSequence  data.o
    0x20000054   0x08017324   0x00000003   Data   RW         2171    .data.Display_Buffer  thread_led.o
    0x20000057   0x08017327   0x00000001   PAD
    0x20000058   0x08017328   0x00000004   Data   RW         1362    .data.SystemCoreClock  system_stm32f4xx.o
    0x2000005c   0x0801732c   0x00000050   Data   RW         2731    .data.rt_object_container  object.o
    0x200000ac   0x0801737c   0x00000004   PAD
    0x200000b0        -       0x00000060   Zero   RW         3415    .bss                c_w.l(libspace.o)
    0x20000110        -       0x00000005   Zero   RW         1421    .bss..L_MergedGlobals  bsp.o
    0x20000115   0x0801737c   0x00000003   PAD
    0x20000118        -       0x0000000c   Zero   RW         1609    .bss..L_MergedGlobals  bsp_hal_adc.o
    0x20000124        -       0x00000008   Zero   RW         1642    .bss..L_MergedGlobals  bsp_hal_time.o
    0x2000012c        -       0x00000002   Zero   RW         1923    .bss..L_MergedGlobals  hc_sr04.o
    0x2000012e        -       0x00000004   Zero   RW         2012    .bss..L_MergedGlobals  can_communication.o
    0x20000132        -       0x0000000e   Zero   RW         2158    .bss..L_MergedGlobals  data.o
    0x20000140        -       0x00000008   Zero   RW         2173    .bss..L_MergedGlobals  thread_led.o
    0x20000148        -       0x00000030   Zero   RW         2207    .bss..L_MergedGlobals  thread_comm.o
    0x20000178        -       0x0000006a   Zero   RW         2451    .bss..L_MergedGlobals  thread_sensor.o
    0x200001e2   0x0801737c   0x00000002   PAD
    0x200001e4        -       0x00000060   Zero   RW         2302    .bss..L_MergedGlobals.28  thread_gui.o
    0x20000244        -       0x00000060   Zero   RW         2303    .bss..L_MergedGlobals.29  thread_gui.o
    0x200002a4        -       0x00000060   Zero   RW         2304    .bss..L_MergedGlobals.30  thread_gui.o
    0x20000304        -       0x00000140   Zero   RW         1608    .bss.ADC_ConvertedValue  bsp_hal_adc.o
    0x20000444        -       0x00000006   Zero   RW         2149    .bss.BrickData_Struct  data.o
    0x2000044a   0x0801737c   0x00000002   PAD
    0x2000044c        -       0x00000144   Zero   RW         1487    .bss.CanRxQueueStruct  bsp_hal_can.o
    0x20000590        -       0x000000c0   Zero   RW         2151    .bss.DCMotorMiniwatt_S  data.o
    0x20000650        -       0x00000002   Zero   RW         1580    .bss.DotSite        bsp_hal_st7789.o
    0x20000652   0x0801737c   0x00000002   PAD
    0x20000654        -       0x00000004   Zero   RW         1464    .bss.EXTICallBackFunc  bsp_hal_gpio.o
    0x20000658        -       0x00000040   Zero   RW         2140    .bss.GyroData_Struct  data.o
    0x20000698        -       0x00000004   Zero   RW           62    .bss.HAL_RCC_CAN1_CLK_ENABLED  can.o
    0x2000069c        -       0x0000000c   Zero   RW         2156    .bss.PCModule_t     data.o
    0x200006a8        -       0x000016e0   Zero   RW         1727    .bss.Pixel_Buf      rgb.o
    0x20001d88        -       0x0000000c   Zero   RW         2155    .bss.RecognitionModule_t  data.o
    0x20001d94        -       0x00000014   Zero   RW         2143    .bss.Recognition_Buffer  data.o
    0x20001da8        -       0x00000040   Zero   RW         2448    .bss.SensorData_task._wbuf  thread_sensor.o
    0x20001de8        -       0x00000030   Zero   RW         2152    .bss.Servo_S        data.o
    0x20001e18        -       0x00000060   Zero   RW         2153    .bss.Tracking_Device  data.o
    0x20001e78        -       0x000003f0   Zero   RW         2027    .bss.TxPGArray      can_communication_canconfig.o
    0x20002268        -       0x00000044   Zero   RW         1388    .bss.UartHandle     board.o
    0x200022ac        -       0x0000001c   Zero   RW         2154    .bss.UltrasonicRanging_S  data.o
    0x200022c8        -       0x00000040   Zero   RW         2446    .bss._lcd_text      thread_sensor.o
    0x20002308        -       0x00000004   Zero   RW         2954    .bss._syscall_table_begin  shell.o
    0x2000230c        -       0x00000004   Zero   RW         2955    .bss._syscall_table_end  shell.o
    0x20002310        -       0x00000001   Zero   RW         2146    .bss.bool_colorsequenceflag  data.o
    0x20002311        -       0x00000001   Zero   RW         2142    .bss.bool_recognitionflag  data.o
    0x20002312   0x0801737c   0x00000002   PAD
    0x20002314        -       0x00000081   Zero   RW         2959    .bss.finsh_get_prompt.finsh_prompt  shell.o
    0x20002395   0x0801737c   0x00000003   PAD
    0x20002398        -       0x00000004   Zero   RW         2958    .bss.finsh_prompt_custom  shell.o
    0x2000239c        -       0x00000048   Zero   RW           42    .bss.hadc1          adc.o
    0x200023e4        -       0x00000028   Zero   RW           60    .bss.hcan1          can.o
    0x2000240c        -       0x00000028   Zero   RW           61    .bss.hcan2          can.o
    0x20002434        -       0x00000060   Zero   RW           43    .bss.hdma_adc1      adc.o
    0x20002494        -       0x00000060   Zero   RW          120    .bss.hdma_tim1_ch1  tim.o
    0x200024f4        -       0x00000060   Zero   RW          155    .bss.hdma_uart4_rx  usart.o
    0x20002554        -       0x00000060   Zero   RW          156    .bss.hdma_uart4_tx  usart.o
    0x200025b4        -       0x00000060   Zero   RW          157    .bss.hdma_uart5_tx  usart.o
    0x20002614        -       0x00000060   Zero   RW          158    .bss.hdma_usart1_rx  usart.o
    0x20002674        -       0x00000060   Zero   RW          159    .bss.hdma_usart1_tx  usart.o
    0x200026d4        -       0x00000060   Zero   RW          160    .bss.hdma_usart2_rx  usart.o
    0x20002734        -       0x00000060   Zero   RW          161    .bss.hdma_usart2_tx  usart.o
    0x20002794        -       0x00000060   Zero   RW          162    .bss.hdma_usart3_rx  usart.o
    0x200027f4        -       0x00000060   Zero   RW          163    .bss.hdma_usart3_tx  usart.o
    0x20002854        -       0x00000060   Zero   RW          164    .bss.hdma_usart6_rx  usart.o
    0x200028b4        -       0x00000060   Zero   RW          165    .bss.hdma_usart6_tx  usart.o
    0x20002914        -       0x00000004   Zero   RW         1682    .bss.head_handle    separate_button.o
    0x20002918        -       0x00000004   Zero   RW         2074    .bss.head_handle    slave_dcmotorminiwatt.o
    0x2000291c        -       0x00000004   Zero   RW         2099    .bss.head_handle    slave_tracking.o
    0x20002920        -       0x00000004   Zero   RW         2124    .bss.head_handle    slave_steeringengine_3ch.o
    0x20002924        -       0x00000004   Zero   RW         2692    .bss.heap_end       mem.o
    0x20002928        -       0x00000004   Zero   RW         2691    .bss.heap_ptr       mem.o
    0x2000292c        -       0x00000020   Zero   RW         2693    .bss.heap_sem       mem.o
    0x2000294c        -       0x00000058   Zero   RW           86    .bss.hspi1          spi.o
    0x200029a4        -       0x00000048   Zero   RW          115    .bss.htim1          tim.o
    0x200029ec        -       0x00000048   Zero   RW          116    .bss.htim2          tim.o
    0x20002a34        -       0x00000048   Zero   RW          117    .bss.htim4          tim.o
    0x20002a7c        -       0x00000048   Zero   RW          118    .bss.htim5          tim.o
    0x20002ac4        -       0x00000048   Zero   RW          119    .bss.htim8          tim.o
    0x20002b0c        -       0x00000044   Zero   RW          149    .bss.huart1         usart.o
    0x20002b50        -       0x00000044   Zero   RW          152    .bss.huart2         usart.o
    0x20002b94        -       0x00000044   Zero   RW          153    .bss.huart3         usart.o
    0x20002bd8        -       0x00000044   Zero   RW          150    .bss.huart4         usart.o
    0x20002c1c        -       0x00000044   Zero   RW          151    .bss.huart5         usart.o
    0x20002c60        -       0x00000044   Zero   RW          154    .bss.huart6         usart.o
    0x20002ca4        -       0x00000078   Zero   RW         2530    .bss.idle           idle.o
    0x20002d1c        -       0x00000010   Zero   RW         2529    .bss.idle_hook_list  idle.o
    0x20002d2c        -       0x00000200   Zero   RW         1581    .bss.lcd_buf1       bsp_hal_st7789.o
    0x20002f2c        -       0x00000004   Zero   RW         2694    .bss.lfree          mem.o
    0x20002f30        -       0x00000004   Zero   RW         2696    .bss.max_mem        mem.o
    0x20002f34        -       0x00000004   Zero   RW         2690    .bss.mem_size_aligned  mem.o
    0x20002f38        -       0x000000cc   Zero   RW         1523    .bss.muart1         bsp_hal_uartdma.o
    0x20003004        -       0x000000cc   Zero   RW         1524    .bss.muart2         bsp_hal_uartdma.o
    0x200030d0        -       0x000000cc   Zero   RW         1525    .bss.muart3         bsp_hal_uartdma.o
    0x2000319c        -       0x000000cc   Zero   RW         1526    .bss.muart4         bsp_hal_uartdma.o
    0x20003268        -       0x000000cc   Zero   RW         1527    .bss.muart5         bsp_hal_uartdma.o
    0x20003334        -       0x000000cc   Zero   RW         1522    .bss.muart6         bsp_hal_uartdma.o
    0x20003400        -       0x00000020   Zero   RW          426    .bss.pFlash         stm32f4xx_hal_flash.o
    0x20003420        -       0x00000400   Zero   RW         2450    .bss.pc_fifo_buf    thread_sensor.o
    0x20003820        -       0x0000027c   Zero   RW         2240    .bss.rccu_struct    thread_rccu.o
    0x20003a9c        -       0x00000001   Zero   RW         2759    .bss.rt_current_priority  scheduler.o
    0x20003a9d   0x0801737c   0x00000003   PAD
    0x20003aa0        -       0x00000004   Zero   RW         2756    .bss.rt_current_thread  scheduler.o
    0x20003aa4        -       0x00000004   Zero   RW         2855    .bss.rt_exception_hook  cpuport.o
    0x20003aa8        -       0x00000004   Zero   RW         2857    .bss.rt_interrupt_from_thread  cpuport.o
    0x20003aac        -       0x00000001   Zero   RW         2602    .bss.rt_interrupt_nest  irq.o
    0x20003aad   0x0801737c   0x00000003   PAD
    0x20003ab0        -       0x00000004   Zero   RW         2858    .bss.rt_interrupt_to_thread  cpuport.o
    0x20003ab4        -       0x00000080   Zero   RW         2666    .bss.rt_kprintf.rt_log_buf  kservice.o
    0x20003b34        -       0x00000002   Zero   RW         2757    .bss.rt_scheduler_lock_nest  scheduler.o
    0x20003b36   0x0801737c   0x00000002   PAD
    0x20003b38        -       0x00000008   Zero   RW         2761    .bss.rt_thread_defunct  scheduler.o
    0x20003b40        -       0x00000100   Zero   RW         2758    .bss.rt_thread_priority_table  scheduler.o
    0x20003c40        -       0x00000004   Zero   RW         2760    .bss.rt_thread_ready_priority_group  scheduler.o
    0x20003c44        -       0x00000100   Zero   RW         2531    .bss.rt_thread_stack  idle.o
    0x20003d44        -       0x00000004   Zero   RW         2859    .bss.rt_thread_switch_interrupt_flag  cpuport.o
    0x20003d48        -       0x00000004   Zero   RW         2474    .bss.rt_tick        clock.o
    0x20003d4c        -       0x00000008   Zero   RW         2836    .bss.rt_timer_list  timer.o
    0x20003d54        -       0x00000004   Zero   RW         2835    .bss.rt_timer_start.random_nr  timer.o
    0x20003d58        -       0x00000080   Zero   RW         2447    .bss.rx_buffer      thread_sensor.o
    0x20003dd8        -       0x00000130   Zero   RW         1922    .bss.sHCSR04Data    hc_sr04.o
    0x20003f08        -       0x00000080   Zero   RW         2445    .bss.sensor_uart_rx_callback._linebuf  thread_sensor.o
    0x20003f88        -       0x00000004   Zero   RW         2960    .bss.shell          shell.o
    0x20003f8c        -       0x00000004   Zero   RW         2205    .bss.thread_comm    thread_comm.o
    0x20003f90        -       0x00000004   Zero   RW         2695    .bss.used_mem       mem.o
    0x20003f94        -       0x00000004   Zero   RW          689    .bss.uwTick         stm32f4xx_hal.o
    0x20003f98        -       0x00000200   Zero   RW            2    HEAP                startup_stm32f407xx.o
    0x20004198        -       0x00000400   Zero   RW            1    STACK               startup_stm32f407xx.o


    Execution Region RW_IRAM2 (Exec base: 0x2001c000, Load base: 0x08017380, Size: 0x00000000, Max: 0x00004000, ABSOLUTE)

    **** No section assigned to this execution region ****


==============================================================================

Image component sizes


      Code (inc. data)   RO Data    RW Data    ZI Data      Debug   Object Name

       286          0          0          0        168       5396   adc.o
       296          0          4          0         68       4931   board.o
      1828          0          8          0          5      11376   bsp.o
       228          4          0          4        332       4448   bsp_hal_adc.o
       642          0          0          0        324       6468   bsp_hal_can.o
       364          0          0          0          0       3640   bsp_hal_flash.o
       270          0          0          0          4       3169   bsp_hal_gpio.o
      5166          0        896          4        514      26011   bsp_hal_st7789.o
       100          0          0          0          8       4492   bsp_hal_time.o
       148          0          0          0          0       3159   bsp_hal_time_cmpx_beep.o
       112          0          0          0          0       2052   bsp_hal_tm1652.o
       860          0          0          0       1224       7422   bsp_hal_uartdma.o
         0          0      20756          0          0        609   bsp_lcd_font.o
       422          0          0          0         84       6914   can.o
      1096          0          0          0          4       6206   can_communication.o
        66          0          0          0       1008       1802   can_communication_canconfig.o
       334          0        512          0          0       2276   checkcalc.o
        70          0          0          0          4       2685   clock.o
      2174        640        814          0          0      14963   cmd.o
       194          0         21          0          0       3712   components.o
       308         28          0          0          0        892   context_rvds.o
      1030        168        443          0         16       4508   cpuport.o
       288          0          4         12        494       7827   data.o
       268          0          0          0          0       3529   dma.o
       252          0          0          0          0       8739   fifo.o
       498          0          0          0          0       4498   gpio.o
       922         20          0          0        306       5721   hc_sr04.o
       226          8          0          0        392       4428   idle.o
       296          0          0          0          0      17836   ipc.o
        56          0          0          0          1       1208   irq.o
      1776        286        256          0        128      16238   kservice.o
       194          0          0          0          0       3079   main.o
      1022        216         51          0         56       5836   mem.o
      1018         64        200          0          0       5756   msh.o
       326          0          0         80          0       7094   object.o
       314         12         14          0          0       2891   recognitionmodule.o
       236          0          0          0       5856      16136   rgb.o
       524          0          0          0        275       4856   scheduler.o
       596          0          0          0          4       4358   separate_button.o
      1372        216         21          0        145       6843   shell.o
       576          0          0          0          4       7672   slave_dcmotorminiwatt.o
       712          4          0          0          4       5795   slave_steeringengine_3ch.o
       488          0          0          0          4       4532   slave_tracking.o
       176          0          0          0         88       5227   spi.o
        64         26        392          0       1536        848   startup_stm32f407xx.o
        54          0          0          8          4       7304   stm32f4xx_hal.o
      1230          0          0          0          0      12055   stm32f4xx_hal_adc.o
      1738          6          0          0          0      13835   stm32f4xx_hal_can.o
       196          0          0          0          0      10469   stm32f4xx_hal_cortex.o
      1146          6          8          0          0      10736   stm32f4xx_hal_dma.o
       608          0          0          0         32       5471   stm32f4xx_hal_flash.o
       394          0          0          0          0       5850   stm32f4xx_hal_flash_ex.o
       442          0          0          0          0       5348   stm32f4xx_hal_gpio.o
        56          0          0          0          0       1460   stm32f4xx_hal_msp.o
      1496          0          0          0          0       7449   stm32f4xx_hal_rcc.o
       998          0          0          0          0      27450   stm32f4xx_hal_spi.o
      3194         18          0          0          0      55547   stm32f4xx_hal_tim.o
       670          0          0          0          0      20988   stm32f4xx_hal_tim_ex.o
      4480          0          0          0          0      31605   stm32f4xx_hal_uart.o
       586          0          0          0          0       9631   stm32f4xx_it.o
       152          0         24          4          0       2649   system_stm32f4xx.o
       932          0          0          0          0      10325   thread.o
      1808        102          4          0         52      10697   thread_comm.o
      4902        272        326         52        288      15637   thread_gui.o
       284         80          4          3          8       1155   thread_led.o
        44          0          0          0        636       9477   thread_rccu.o
      1984        300          4          0       1514      10603   thread_sensor.o
      1786          0          0          0        456      13543   tim.o
       556          6          0          0         12       7658   timer.o
      1758          0          0          0       1464       9661   usart.o

    ----------------------------------------------------------------------
     60044       2482      24796        172      17548     594681   Object Totals
         0          0         32          0          0          0   (incl. Generated)
       356          0          2          5         26          0   (incl. Padding)

    ----------------------------------------------------------------------

      Code (inc. data)   RO Data    RW Data    ZI Data      Debug   Library Member Name

        64          6          0          0          0         84   __2snprintf.o
         8          0          0          0          0         68   __main.o
       104          0          0          0          0         84   __printf.o
        14          0          0          0          0         68   __printf_wp.o
         0          0          0          0          0          0   __rtentry.o
        12          0          0          0          0          0   __rtentry2.o
         6          0          0          0          0          0   __rtentry4.o
        94          8          0          0          0          0   __scatter.o
        26          0          0          0          0          0   __scatter_copy.o
        28          0          0          0          0          0   __scatter_zi.o
        28          0          0          0          0         68   _chval.o
        48          6          0          0          0         96   _printf_char_common.o
         6          0          0          0          0          0   _printf_d.o
       120         16          0          0          0         92   _printf_dec.o
       178          0          0          0          0         88   _printf_intcommon.o
         0          0          0          0          0          0   _printf_percent.o
         4          0          0          0          0          0   _printf_percent_end.o
        22          0          0          0          0        100   _rserrno.o
        64          0          0          0          0         84   _sgetc.o
        16          0          0          0          0         68   _snputc.o
        16          0          0          0          0         68   aeabi_memset.o
       228          4        148          0          0         96   bigflt0.o
      1924        136          0          0          0        752   btod.o
        10          0          0          0          0         68   defsig_exit.o
        50          0          0          0          0         88   defsig_general.o
        80         58          0          0          0         76   defsig_rtmem_inner.o
        14          0          0          0          0         80   defsig_rtmem_outer.o
        18          0          0          0          0         80   exit.o
        94          0          0          0          0         80   h1_alloc.o
        52          0          0          0          0         68   h1_extend.o
        78          0          0          0          0         80   h1_free.o
        12          0          0          0          0         84   h1_init.o
         6          0          0          0          0        152   heapauxi.o
         4          0          0          0          0        136   hguard.o
         0          0          0          0          0          0   indicate_semi.o
       138          0          0          0          0        168   init_alloc.o
        18          0          0          0          0         76   isspace.o
        44         10        272          0          0         76   lc_ctype_c.o
        44         10         28          0          0         76   lc_numeric_c.o
         2          0          0          0          0          0   libinit.o
        42          0          0          0          0          0   libinit2.o
         2          0          0          0          0          0   libshutdown.o
         2          0          0          0          0          0   libshutdown2.o
         8          4          0          0         96         68   libspace.o
        38          0          0          0          0         68   llshl.o
       240          0          0          0          0        100   lludivv7m.o
         0          0          0          0          0          0   maybetermalloc1.o
        16          4          0          0          0         76   rt_ctype_table.o
         8          4          0          0          0         68   rt_errno_addr_intlibspace.o
         8          4          0          0          0         68   rt_heap_descriptor_intlibspace.o
         8          4          0          0          0         68   rt_locale_intlibspace.o
        68          0          0          0          0         68   rt_memclr.o
        78          0          0          0          0         80   rt_memclr_w.o
       138          0          0          0          0         68   rt_memcpy_v6.o
       100          0          0          0          0         80   rt_memcpy_w.o
         2          0          0          0          0          0   rtexit.o
        10          0          0          0          0          0   rtexit2.o
      1272         16          0          0          0        168   scanf_fp.o
       800         14          0          0          0        100   scanf_hexfp.o
       308         16          0          0          0        100   scanf_infnan.o
       124          0          0          0          0         88   strcmpv7em.o
        62          0          0          0          0         76   strlen.o
       150          0          0          0          0         80   strncmp.o
        86          0          0          0          0         76   strncpy.o
        36          0          0          0          0         80   strstr.o
       176         14          0          0          0        124   strtod.o
        12          4          0          0          0         68   sys_exit.o
        74          0          0          0          0         80   sys_stackheap_outer.o
        14          0          0          0          0         76   sys_wrch.o
         2          0          0          0          0         68   use_no_semi.o
        98          4          0          0          0        140   d2f.o
        16          4          0          0          0        116   dcheck1.o
        24          0          0          0          0        116   dcmpi.o
       120          4          0          0          0        140   deqf.o
       120          4          0          0          0        140   dleqf.o
       340         12          0          0          0        152   dmul.o
       156          4          0          0          0        140   dnaninf.o
        12          0          0          0          0        116   dretinf.o
       108          0          0          0          0        128   drleqf.o
         0          0         16          0          0          0   fpconst.o
        26          0          0          0          0        116   fpinit.o
        10          0          0          0          0        116   fretinf.o
         6          0          0          0          0        116   istatus.o
       100          0          0          0          0        116   retnan.o
        92          0          0          0          0        116   scalbn.o
         4          0          0          0          0        116   scanf1.o
         8          0          0          0          0        132   scanf2.o
        48          0          0          0          0        116   trapv.o
         0          0          0          0          0          0   usenofp.o
        56         10          0          0          0        132   atof.o
        64         16          0          0          0        248   dunder.o
       140         22          0          0          0        132   frexp.o
       228          8          0          0          0        308   ldexp.o
       266         16          0          0          0        308   narrow.o

    ----------------------------------------------------------------------
      9620        446        464          0         96       8460   Library Totals
        20          4          0          0          0          0   (incl. Padding)

    ----------------------------------------------------------------------

      Code (inc. data)   RO Data    RW Data    ZI Data      Debug   Library Name

      7558        338        448          0         96       5200   c_w.l
      1288         32         16          0          0       2132   fz_wm.l
       754         72          0          0          0       1128   m_wm.l

    ----------------------------------------------------------------------
      9620        446        464          0         96       8460   Library Totals

    ----------------------------------------------------------------------

==============================================================================


      Code (inc. data)   RO Data    RW Data    ZI Data      Debug   

     69664       2928      25260        172      17644     596525   Grand Totals
     69664       2928      25260        172      17644     596525   ELF Image Totals
     69664       2928      25260        172          0          0   ROM Totals

==============================================================================

    Total RO  Size (Code + RO Data)                94924 (  92.70kB)
    Total RW  Size (RW Data + ZI Data)             17816 (  17.40kB)
    Total ROM Size (Code + RO Data + RW Data)      95096 (  92.87kB)

==============================================================================

