Component: ARM Compiler 5.06 update 5 (build 528) Tool: armlink [4d35e2]

==============================================================================

Section Cross References

    startup_stm32f407xx.o(STACK) refers (Special) to heapauxi.o(.text) for __use_two_region_memory
    startup_stm32f407xx.o(HEAP) refers (Special) to heapauxi.o(.text) for __use_two_region_memory
    startup_stm32f407xx.o(RESET) refers (Special) to heapauxi.o(.text) for __use_two_region_memory
    startup_stm32f407xx.o(RESET) refers to startup_stm32f407xx.o(STACK) for __initial_sp
    startup_stm32f407xx.o(RESET) refers to startup_stm32f407xx.o(.text) for Reset_Handler
    startup_stm32f407xx.o(RESET) refers to stm32f4xx_it.o(i.NMI_Handler) for NMI_Handler
    startup_stm32f407xx.o(RESET) refers to context_rvds.o(.text) for HardFault_Handler
    startup_stm32f407xx.o(RESET) refers to stm32f4xx_it.o(i.MemManage_Handler) for MemManage_Handler
    startup_stm32f407xx.o(RESET) refers to stm32f4xx_it.o(i.BusFault_Handler) for BusFault_Handler
    startup_stm32f407xx.o(RESET) refers to stm32f4xx_it.o(i.UsageFault_Handler) for UsageFault_Handler
    startup_stm32f407xx.o(RESET) refers to stm32f4xx_it.o(i.DebugMon_Handler) for DebugMon_Handler
    startup_stm32f407xx.o(RESET) refers to board.o(i.SysTick_Handler) for SysTick_Handler
    startup_stm32f407xx.o(RESET) refers to stm32f4xx_it.o(i.DMA1_Stream1_IRQHandler) for DMA1_Stream1_IRQHandler
    startup_stm32f407xx.o(RESET) refers to stm32f4xx_it.o(i.DMA1_Stream2_IRQHandler) for DMA1_Stream2_IRQHandler
    startup_stm32f407xx.o(RESET) refers to stm32f4xx_it.o(i.DMA1_Stream3_IRQHandler) for DMA1_Stream3_IRQHandler
    startup_stm32f407xx.o(RESET) refers to stm32f4xx_it.o(i.DMA1_Stream4_IRQHandler) for DMA1_Stream4_IRQHandler
    startup_stm32f407xx.o(RESET) refers to stm32f4xx_it.o(i.DMA1_Stream5_IRQHandler) for DMA1_Stream5_IRQHandler
    startup_stm32f407xx.o(RESET) refers to stm32f4xx_it.o(i.DMA1_Stream6_IRQHandler) for DMA1_Stream6_IRQHandler
    startup_stm32f407xx.o(RESET) refers to stm32f4xx_it.o(i.CAN1_RX0_IRQHandler) for CAN1_RX0_IRQHandler
    startup_stm32f407xx.o(RESET) refers to stm32f4xx_it.o(i.TIM2_IRQHandler) for TIM2_IRQHandler
    startup_stm32f407xx.o(RESET) refers to stm32f4xx_it.o(i.TIM4_IRQHandler) for TIM4_IRQHandler
    startup_stm32f407xx.o(RESET) refers to stm32f4xx_it.o(i.USART1_IRQHandler) for USART1_IRQHandler
    startup_stm32f407xx.o(RESET) refers to stm32f4xx_it.o(i.USART2_IRQHandler) for USART2_IRQHandler
    startup_stm32f407xx.o(RESET) refers to stm32f4xx_it.o(i.USART3_IRQHandler) for USART3_IRQHandler
    startup_stm32f407xx.o(RESET) refers to stm32f4xx_it.o(i.EXTI15_10_IRQHandler) for EXTI15_10_IRQHandler
    startup_stm32f407xx.o(RESET) refers to stm32f4xx_it.o(i.DMA1_Stream7_IRQHandler) for DMA1_Stream7_IRQHandler
    startup_stm32f407xx.o(RESET) refers to stm32f4xx_it.o(i.TIM5_IRQHandler) for TIM5_IRQHandler
    startup_stm32f407xx.o(RESET) refers to stm32f4xx_it.o(i.UART4_IRQHandler) for UART4_IRQHandler
    startup_stm32f407xx.o(RESET) refers to stm32f4xx_it.o(i.UART5_IRQHandler) for UART5_IRQHandler
    startup_stm32f407xx.o(RESET) refers to stm32f4xx_it.o(i.DMA2_Stream0_IRQHandler) for DMA2_Stream0_IRQHandler
    startup_stm32f407xx.o(RESET) refers to stm32f4xx_it.o(i.DMA2_Stream1_IRQHandler) for DMA2_Stream1_IRQHandler
    startup_stm32f407xx.o(RESET) refers to stm32f4xx_it.o(i.DMA2_Stream2_IRQHandler) for DMA2_Stream2_IRQHandler
    startup_stm32f407xx.o(RESET) refers to stm32f4xx_it.o(i.CAN2_RX0_IRQHandler) for CAN2_RX0_IRQHandler
    startup_stm32f407xx.o(RESET) refers to stm32f4xx_it.o(i.DMA2_Stream5_IRQHandler) for DMA2_Stream5_IRQHandler
    startup_stm32f407xx.o(RESET) refers to stm32f4xx_it.o(i.DMA2_Stream6_IRQHandler) for DMA2_Stream6_IRQHandler
    startup_stm32f407xx.o(RESET) refers to stm32f4xx_it.o(i.DMA2_Stream7_IRQHandler) for DMA2_Stream7_IRQHandler
    startup_stm32f407xx.o(RESET) refers to stm32f4xx_it.o(i.USART6_IRQHandler) for USART6_IRQHandler
    startup_stm32f407xx.o(.text) refers (Special) to heapauxi.o(.text) for __use_two_region_memory
    startup_stm32f407xx.o(.text) refers to system_stm32f4xx.o(i.SystemInit) for SystemInit
    startup_stm32f407xx.o(.text) refers to __main.o(!!!main) for __main
    startup_stm32f407xx.o(.text) refers to startup_stm32f407xx.o(HEAP) for Heap_Mem
    startup_stm32f407xx.o(.text) refers to startup_stm32f407xx.o(STACK) for Stack_Mem
    main.o(i.SystemClock_Config) refers to rt_memclr_w.o(.text) for __aeabi_memclr4
    main.o(i.SystemClock_Config) refers to stm32f4xx_hal_rcc.o(i.HAL_RCC_OscConfig) for HAL_RCC_OscConfig
    main.o(i.SystemClock_Config) refers to main.o(i.Error_Handler) for Error_Handler
    main.o(i.SystemClock_Config) refers to stm32f4xx_hal_rcc.o(i.HAL_RCC_ClockConfig) for HAL_RCC_ClockConfig
    gpio.o(i.MX_GPIO_Init) refers to rt_memclr_w.o(.text) for __aeabi_memclr4
    gpio.o(i.MX_GPIO_Init) refers to stm32f4xx_hal_gpio.o(i.HAL_GPIO_WritePin) for HAL_GPIO_WritePin
[...]
    muart6                                   0x2000106c   Data         204  bsp_hal_uartdma.o(.bss)
    lcd_buf1                                 0x20001138   Data         512  bsp_hal_st7789.o(.bss)
    ADC_ConvertedValue                       0x20001338   Data         320  bsp_hal_adc.o(.bss)
    Pixel_Buf                                0x20001478   Data        5856  rgb.o(.bss)
    sHCSR04Data                              0x20002b58   Data         304  hc_sr04.o(.bss)
    TxPGArray                                0x20002c88   Data        1008  can_communication_canconfig.o(.bss)
    FlashData_Struct                         0x20003078   Data          12  data.o(.bss)
    DCMotorMiniwatt_S                        0x20003084   Data         192  data.o(.bss)
    Servo_S                                  0x20003144   Data          48  data.o(.bss)
    Tracking_Device                          0x20003174   Data          96  data.o(.bss)
    UltrasonicRanging_S                      0x200031d4   Data          28  data.o(.bss)
    GyroData_Struct                          0x200031f0   Data          64  data.o(.bss)
    sRemoteCtrl_Info                         0x20003230   Data          32  data.o(.bss)
    RecognitionModule_t                      0x20003250   Data          12  data.o(.bss)
    PCModule_t                               0x2000325c   Data          12  data.o(.bss)
    Recognition_Buffer                       0x20003268   Data          20  data.o(.bss)
    rccu_struct                              0x20003294   Data         636  thread_rccu.o(.bss)
    key1_struct                              0x20003510   Data          48  thread_gui.o(.bss)
    key2_struct                              0x20003540   Data          48  thread_gui.o(.bss)
    key3_struct                              0x20003570   Data          48  thread_gui.o(.bss)
    key4_struct                              0x200035a0   Data          48  thread_gui.o(.bss)
    key5_struct                              0x200035d0   Data          48  thread_gui.o(.bss)
    rx_buffer                                0x20003600   Data         128  thread_sensor.o(.bss)
    sensor_data                              0x20003680   Data          34  thread_sensor.o(.bss)
    g_rc_command                             0x200036a2   Data          23  thread_sensor.o(.bss)
    pc_fifo                                  0x200036bc   Data          24  thread_sensor.o(.bss)
    pc_fifo_buf                              0x200036d4   Data        1024  thread_sensor.o(.bss)
    rt_thread_priority_table                 0x20003cfc   Data         256  scheduler.o(.bss)
    __libspace_start                         0x20003e80   Data          96  libspace.o(.bss)
    __temporary_stack_top$libspace           0x20003ee0   Data           0  libspace.o(.bss)
    Image$$RW_IRAM1$$ZI$$Limit               0x200044e0   Number         0  anon$$obj.o ABSOLUTE



==============================================================================

Memory Map of the image

  Image Entry point : 0x08000189

  Load Region LR_IROM1 (Base: 0x08000000, Size: 0x000147f0, Max: 0x00080000, ABSOLUTE, COMPRESSED[0x00014668])

    Execution Region ER_IROM1 (Exec base: 0x08000000, Load base: 0x08000000, Size: 0x000145f8, Max: 0x00080000, ABSOLUTE)

    Exec Addr    Load Addr    Size         Type   Attr      Idx    E Section Name        Object

    0x08000000   0x08000000   0x00000188   Data   RO            3    RESET               startup_stm32f407xx.o
    0x08000188   0x08000188   0x00000008   Code   RO         9139  * !!!main             c_w.l(__main.o)
    0x08000190   0x08000190   0x00000034   Code   RO         9494    !!!scatter          c_w.l(__scatter.o)
    0x080001c4   0x080001c4   0x0000005a   Code   RO         9492    !!dczerorl2         c_w.l(__dczerorl2.o)
    0x0800021e   0x0800021e   0x00000002   PAD
    0x08000220   0x08000220   0x0000001c   Code   RO         9496    !!handler_zi        c_w.l(__scatter_zi.o)
    0x0800023c   0x0800023c   0x00000002   Code   RO         9431    .ARM.Collect$$libinit$$00000000  c_w.l(libinit.o)
    0x0800023e   0x0800023e   0x00000004   Code   RO         9267    .ARM.Collect$$libinit$$00000001  c_w.l(libinit2.o)
    0x08000242   0x08000242   0x00000000   Code   RO         9270    .ARM.Collect$$libinit$$00000004  c_w.l(libinit2.o)
    0x08000242   0x08000242   0x00000008   Code   RO         9271    .ARM.Collect$$libinit$$00000005  c_w.l(libinit2.o)
    0x0800024a   0x0800024a   0x00000000   Code   RO         9273    .ARM.Collect$$libinit$$0000000A  c_w.l(libinit2.o)
    0x0800024a   0x0800024a   0x00000000   Code   RO         9275    .ARM.Collect$$libinit$$0000000C  c_w.l(libinit2.o)
    0x0800024a   0x0800024a   0x00000000   Code   RO         9277    .ARM.Collect$$libinit$$0000000E  c_w.l(libinit2.o)
    0x0800024a   0x0800024a   0x00000000   Code   RO         9280    .ARM.Collect$$libinit$$00000011  c_w.l(libinit2.o)
    0x0800024a   0x0800024a   0x00000000   Code   RO         9282    .ARM.Collect$$libinit$$00000013  c_w.l(libinit2.o)
    0x0800024a   0x0800024a   0x00000000   Code   RO         9284    .ARM.Collect$$libinit$$00000015  c_w.l(libinit2.o)
    0x0800024a   0x0800024a   0x00000000   Code   RO         9286    .ARM.Collect$$libinit$$00000017  c_w.l(libinit2.o)
    0x0800024a   0x0800024a   0x00000000   Code   RO         9288    .ARM.Collect$$libinit$$00000019  c_w.l(libinit2.o)
    0x0800024a   0x0800024a   0x00000000   Code   RO         9290    .ARM.Collect$$libinit$$0000001B  c_w.l(libinit2.o)
    0x0800024a   0x0800024a   0x00000000   Code   RO         9292    .ARM.Collect$$libinit$$0000001D  c_w.l(libinit2.o)
    0x0800024a   0x0800024a   0x00000000   Code   RO         9294    .ARM.Collect$$libinit$$0000001F  c_w.l(libinit2.o)
    0x0800024a   0x0800024a   0x00000000   Code   RO         9296    .ARM.Collect$$libinit$$00000021  c_w.l(libinit2.o)
    0x0800024a   0x0800024a   0x00000000   Code   RO         9298    .ARM.Collect$$libinit$$00000023  c_w.l(libinit2.o)
    0x0800024a   0x0800024a   0x00000000   Code   RO         9300    .ARM.Collect$$libinit$$00000025  c_w.l(libinit2.o)
    0x0800024a   0x0800024a   0x00000000   Code   RO         9304    .ARM.Collect$$libinit$$0000002C  c_w.l(libinit2.o)
    0x0800024a   0x0800024a   0x00000000   Code   RO         9306    .ARM.Collect$$libinit$$0000002E  c_w.l(libinit2.o)
    0x0800024a   0x0800024a   0x00000000   Code   RO         9308    .ARM.Collect$$libinit$$00000030  c_w.l(libinit2.o)
    0x0800024a   0x0800024a   0x00000000   Code   RO         9310    .ARM.Collect$$libinit$$00000032  c_w.l(libinit2.o)
    0x0800024a   0x0800024a   0x00000002   Code   RO         9311    .ARM.Collect$$libinit$$00000033  c_w.l(libinit2.o)
    0x0800024c   0x0800024c   0x00000002   Code   RO         9489    .ARM.Collect$$libshutdown$$00000000  c_w.l(libshutdown.o)
    0x0800024e   0x0800024e   0x00000000   Code   RO         9447    .ARM.Collect$$libshutdown$$00000002  c_w.l(libshutdown2.o)
    0x0800024e   0x0800024e   0x00000000   Code   RO         9449    .ARM.Collect$$libshutdown$$00000004  c_w.l(libshutdown2.o)
    0x0800024e   0x0800024e   0x00000000   Code   RO         9452    .ARM.Collect$$libshutdown$$00000007  c_w.l(libshutdown2.o)
    0x0800024e   0x0800024e   0x00000000   Code   RO         9455    .ARM.Collect$$libshutdown$$0000000A  c_w.l(libshutdown2.o)
    0x0800024e   0x0800024e   0x00000000   Code   RO         9457    .ARM.Collect$$libshutdown$$0000000C  c_w.l(libshutdown2.o)
    0x0800024e   0x0800024e   0x00000000   Code   RO         9460    .ARM.Collect$$libshutdown$$0000000F  c_w.l(libshutdown2.o)
    0x0800024e   0x0800024e   0x00000002   Code   RO         9461    .ARM.Collect$$libshutdown$$00000010  c_w.l(libshutdown2.o)
    0x08000250   0x08000250   0x00000000   Code   RO         9231    .ARM.Collect$$rtentry$$00000000  c_w.l(__rtentry.o)
    0x08000250   0x08000250   0x00000000   Code   RO         9363    .ARM.Collect$$rtentry$$00000002  c_w.l(__rtentry2.o)
    0x08000250   0x08000250   0x00000006   Code   RO         9375    .ARM.Collect$$rtentry$$00000004  c_w.l(__rtentry4.o)
    0x08000256   0x08000256   0x00000000   Code   RO         9365    .ARM.Collect$$rtentry$$00000009  c_w.l(__rtentry2.o)
    0x08000256   0x08000256   0x00000004   Code   RO         9366    .ARM.Collect$$rtentry$$0000000A  c_w.l(__rtentry2.o)
    0x0800025a   0x0800025a   0x00000000   Code   RO         9368    .ARM.Collect$$rtentry$$0000000C  c_w.l(__rtentry2.o)
    0x0800025a   0x0800025a   0x00000008   Code   RO         9369    .ARM.Collect$$rtentry$$0000000D  c_w.l(__rtentry2.o)
    0x08000262   0x08000262   0x00000002   Code   RO         9434    .ARM.Collect$$rtexit$$00000000  c_w.l(rtexit.o)
    0x08000264   0x08000264   0x00000000   Code   RO         9465    .ARM.Collect$$rtexit$$00000002  c_w.l(rtexit2.o)
    0x08000264   0x08000264   0x00000004   Code   RO         9466    .ARM.Collect$$rtexit$$00000003  c_w.l(rtexit2.o)
    0x08000268   0x08000268   0x00000006   Code   RO         9467    .ARM.Collect$$rtexit$$00000004  c_w.l(rtexit2.o)
    0x0800026e   0x0800026e   0x00000002   PAD
    0x08000270   0x08000270   0x00000000   Code   RO         9386    .emb_text           c_w.l(maybetermalloc1.o)
    0x08000270   0x08000270   0x00000040   Code   RO            4    .text               startup_stm32f407xx.o
    0x080002b0   0x080002b0   0x00000134   Code   RO         7411    .text               context_rvds.o
    0x080003e4   0x080003e4   0x0000005e   Code   RO         9055    .text               c_w.l(h1_alloc.o)
    0x08000442   0x08000442   0x0000004e   Code   RO         9057    .text               c_w.l(h1_free.o)
    0x08000490   0x08000490   0x000000ee   Code   RO         9113    .text               c_w.l(lludivv7m.o)
    0x0800057e   0x0800057e   0x00000024   Code   RO         9115    .text               c_w.l(strstr.o)
    0x080005a2   0x080005a2   0x0000003e   Code   RO         9119    .text               c_w.l(strlen.o)
    0x080005e0   0x080005e0   0x00000096   Code   RO         9121    .text               c_w.l(strncmp.o)
    0x08000676   0x08000676   0x00000018   Code   RO         9123    .text               c_w.l(strcat.o)
    0x0800068e   0x0800068e   0x0000008a   Code   RO         9125    .text               c_w.l(rt_memcpy_v6.o)
    0x08000718   0x08000718   0x00000084   Code   RO         9127    .text               c_w.l(rt_memmove_v6.o)
    0x0800079c   0x0800079c   0x00000064   Code   RO         9129    .text               c_w.l(rt_memcpy_w.o)
    0x08000800   0x08000800   0x00000044   Code   RO         9131    .text               c_w.l(rt_memclr.o)
    0x08000844   0x08000844   0x0000004e   Code   RO         9133    .text               c_w.l(rt_memclr_w.o)
    0x08000892   0x08000892   0x00000056   Code   RO         9135    .text               c_w.l(strncpy.o)
    0x080008e8   0x080008e8   0x00000006   Code   RO         9137    .text               c_w.l(heapauxi.o)
    0x080008ee   0x080008ee   0x00000002   PAD
    0x080008f0   0x080008f0   0x00000008   Code   RO         9239    .text               c_w.l(rt_heap_descriptor_intlibspace.o)
    0x080008f8   0x080008f8   0x00000004   Code   RO         9241    .text               c_w.l(hguard.o)
    0x080008fc   0x080008fc   0x0000008a   Code   RO         9243    .text               c_w.l(init_alloc.o)
    0x08000986   0x08000986   0x0000000e   Code   RO         9247    .text               c_w.l(h1_init.o)
    0x08000994   0x08000994   0x00000016   Code   RO         9261    .text               c_w.l(_rserrno.o)
    0x080009aa   0x080009aa   0x0000007a   Code   RO         9263    .text               c_w.l(rt_memmove_w.o)
    0x08000a24   0x08000a24   0x00000008   Code   RO         9359    .text               c_w.l(libspace.o)
    0x08000a2c   0x08000a2c   0x00000008   Code   RO         9382    .text               c_w.l(rt_errno_addr_intlibspace.o)
    0x08000a34   0x08000a34   0x00000034   Code   RO         9388    .text               c_w.l(h1_extend.o)
    0x08000a68   0x08000a68   0x0000000e   Code   RO         9392    .text               c_w.l(defsig_rtmem_outer.o)
    0x08000a76   0x08000a76   0x00000002   Code   RO         9403    .text               c_w.l(use_no_semi.o)
    0x08000a78   0x08000a78   0x00000000   Code   RO         9405    .text               c_w.l(indicate_semi.o)
    0x08000a78   0x08000a78   0x0000004a   Code   RO         9406    .text               c_w.l(sys_stackheap_outer.o)
    0x08000ac2   0x08000ac2   0x00000012   Code   RO         9412    .text               c_w.l(exit.o)
    0x08000ad4   0x08000ad4   0x0000000a   Code   RO         9414    .text               c_w.l(defsig_exit.o)
    0x08000ade   0x08000ade   0x00000002   PAD
    0x08000ae0   0x08000ae0   0x00000050   Code   RO         9420    .text               c_w.l(defsig_rtmem_inner.o)
    0x08000b30   0x08000b30   0x0000000c   Code   RO         9432    .text               c_w.l(sys_exit.o)
    0x08000b3c   0x08000b3c   0x00000032   Code   RO         9442    .text               c_w.l(defsig_general.o)
    0x08000b6e   0x08000b6e   0x0000000e   Code   RO         9462    .text               c_w.l(sys_wrch.o)
    0x08000b7c   0x08000b7c   0x0000000a   Code   RO         7453    i.$Sub$$main        components.o
    0x08000b86   0x08000b86   0x0000007e   Code   RO          841    i.ADC_DMAConvCplt   stm32f4xx_hal_adc.o
    0x08000c04   0x08000c04   0x0000001a   Code   RO          842    i.ADC_DMAError      stm32f4xx_hal_adc.o
    0x08000c1e   0x08000c1e   0x0000000e   Code   RO          843    i.ADC_DMAHalfConvCplt  stm32f4xx_hal_adc.o
    0x08000c2c   0x08000c2c   0x00000160   Code   RO          844    i.ADC_Init          stm32f4xx_hal_adc.o
    0x08000d8c   0x08000d8c   0x000000e4   Code   RO         6456    i.AppData_Init      data.o
    0x08000e70   0x08000e70   0x00000070   Code   RO         6457    i.Application_DataFlash_Modification  data.o
    0x08000ee0   0x08000ee0   0x00000052   Code   RO         4311    i.BSP_Init          bsp.o
    0x08000f32   0x08000f32   0x00000002   PAD
    0x08000f34   0x08000f34   0x00000060   Code   RO         6796    i.BUSPosition_Ctrl_Scan  thread_gui.o
    0x08000f94   0x08000f94   0x00000034   Code   RO         4933    i.BatVoltage_Read   bsp_hal_adc.o
    0x08000fc8   0x08000fc8   0x0000002c   Code   RO         4935    i.Bsp_ADC_Init      bsp_hal_adc.o
    0x08000ff4   0x08000ff4   0x0000000c   Code   RO         4541    i.Bsp_Cancom_ConfigurationInit  bsp_hal_can.o
    0x08001000   0x08001000   0x00000008   Code   RO         4542    i.Bsp_Cancom_FilterInit  bsp_hal_can.o
    0x08001008   0x08001008   0x00000014   Code   RO         4543    i.Bsp_Cancom_ReadERR  bsp_hal_can.o
    0x0800101c   0x0800101c   0x00000030   Code   RO         4654    i.Bsp_UARTDir_Control  bsp_hal_uartdma.o
    0x0800104c   0x0800104c   0x0000007a   Code   RO         4655    i.Bsp_UARTMixed_TxTrigger  bsp_hal_uartdma.o
    0x080010c6   0x080010c6   0x0000003c   Code   RO         4656    i.Bsp_UartMixed_Begin  bsp_hal_uartdma.o
    0x08001102   0x08001102   0x00000002   PAD
    0x08001104   0x08001104   0x00000114   Code   RO         4657    i.Bsp_UartMixed_Init  bsp_hal_uartdma.o
    0x08001218   0x08001218   0x00000004   Code   RO          615    i.BusFault_Handler  stm32f4xx_it.o
    0x0800121c   0x0800121c   0x00000010   Code   RO          616    i.CAN1_RX0_IRQHandler  stm32f4xx_it.o
    0x0800122c   0x0800122c   0x00000010   Code   RO          617    i.CAN2_RX0_IRQHandler  stm32f4xx_it.o
    0x0800123c   0x0800123c   0x000001a4   Code   RO         6003    i.CANCommunication_InformationParsing  can_communication.o
    0x080013e0   0x080013e0   0x00000018   Code   RO         6004    i.CANCommunication_Init  can_communication.o
    0x080013f8   0x080013f8   0x00000424   Code   RO         6005    i.CANCommunication_Scan  can_communication.o
    0x0800181c   0x0800181c   0x0000005c   Code   RO         4544    i.CANSend           bsp_hal_can.o
    0x08001878   0x08001878   0x00000012   Code   RO         4545    i.CAN_EmputQueue    bsp_hal_can.o
    0x0800188a   0x0800188a   0x00000038   Code   RO         4546    i.CAN_EnterQueue    bsp_hal_can.o
    0x080018c2   0x080018c2   0x0000001e   Code   RO         4547    i.CAN_FullQueue     bsp_hal_can.o
    0x080018e0   0x080018e0   0x0000003c   Code   RO         4548    i.CAN_OutQueue      bsp_hal_can.o
    0x0800191c   0x0800191c   0x00000038   Code   RO         6006    i.CAN_TT_ASYNC_Enable  can_communication.o
    0x08001954   0x08001954   0x0000002c   Code   RO         7320    i.CFFCommand_task   thread_sensor.o
    0x08001980   0x08001980   0x00000038   Code   RO         5275    i.CRC16Modbus_Compute  checkcalc.o
    0x080019b8   0x080019b8   0x00000088   Code   RO         6797    i.DCMotor_Ctrl_Scan  thread_gui.o
    0x08001a40   0x08001a40   0x00000010   Code   RO          618    i.DMA1_Stream1_IRQHandler  stm32f4xx_it.o
    0x08001a50   0x08001a50   0x00000010   Code   RO          619    i.DMA1_Stream2_IRQHandler  stm32f4xx_it.o
    0x08001a60   0x08001a60   0x00000010   Code   RO          620    i.DMA1_Stream3_IRQHandler  stm32f4xx_it.o
    0x08001a70   0x08001a70   0x00000010   Code   RO          621    i.DMA1_Stream4_IRQHandler  stm32f4xx_it.o
    0x08001a80   0x08001a80   0x00000010   Code   RO          622    i.DMA1_Stream5_IRQHandler  stm32f4xx_it.o
    0x08001a90   0x08001a90   0x00000010   Code   RO          623    i.DMA1_Stream6_IRQHandler  stm32f4xx_it.o
    0x08001aa0   0x08001aa0   0x00000010   Code   RO          624    i.DMA1_Stream7_IRQHandler  stm32f4xx_it.o
    0x08001ab0   0x08001ab0   0x00000010   Code   RO          625    i.DMA2_Stream0_IRQHandler  stm32f4xx_it.o
    0x08001ac0   0x08001ac0   0x00000010   Code   RO          626    i.DMA2_Stream1_IRQHandler  stm32f4xx_it.o
    0x08001ad0   0x08001ad0   0x00000010   Code   RO          627    i.DMA2_Stream2_IRQHandler  stm32f4xx_it.o
    0x08001ae0   0x08001ae0   0x00000010   Code   RO          628    i.DMA2_Stream5_IRQHandler  stm32f4xx_it.o
    0x08001af0   0x08001af0   0x00000010   Code   RO          629    i.DMA2_Stream6_IRQHandler  stm32f4xx_it.o
    0x08001b00   0x08001b00   0x00000010   Code   RO          630    i.DMA2_Stream7_IRQHandler  stm32f4xx_it.o
    0x08001b10   0x08001b10   0x00000034   Code   RO         1623    i.DMA_CalcBaseAndBitshift  stm32f4xx_hal_dma.o
    0x08001b44   0x08001b44   0x000000aa   Code   RO         1624    i.DMA_CheckFifoParam  stm32f4xx_hal_dma.o
    0x08001bee   0x08001bee   0x0000002c   Code   RO         1625    i.DMA_SetConfig     stm32f4xx_hal_dma.o
    0x08001c1a   0x08001c1a   0x00000002   PAD
    0x08001c1c   0x08001c1c   0x00000114   Code   RO         6539    i.Data_Analyse      thread_comm.o
    0x08001d30   0x08001d30   0x00000002   Code   RO          631    i.DebugMon_Handler  stm32f4xx_it.o
    0x08001d32   0x08001d32   0x00000002   PAD
    0x08001d34   0x08001d34   0x000000b4   Code   RO         6798    i.Display_123       thread_gui.o
    0x08001de8   0x08001de8   0x0000009c   Code   RO         6799    i.Display_ChangeData  thread_gui.o
    0x08001e84   0x08001e84   0x00000014   Code   RO         6800    i.Display_Data      thread_gui.o
    0x08001e98   0x08001e98   0x00000038   Code   RO         6801    i.Display_Data_Init  thread_gui.o
    0x08001ed0   0x08001ed0   0x0000005c   Code   RO         6802    i.Display_ENTER     thread_gui.o
    0x08001f2c   0x08001f2c   0x0000006c   Code   RO         6803    i.Display_NewLine   thread_gui.o
    0x08001f98   0x08001f98   0x00000010   Code   RO         6804    i.Display_Tick      thread_gui.o
    0x08001fa8   0x08001fa8   0x00000070   Code   RO         6805    i.Display_TurnPage  thread_gui.o
    0x08002018   0x08002018   0x0000004c   Code   RO         6806    i.Display_Window_BUS_ServoSensor  thread_gui.o
    0x08002064   0x08002064   0x00000340   Code   RO         6807    i.Display_Window_Clear  thread_gui.o
    0x080023a4   0x080023a4   0x00000170   Code   RO         6808    i.Display_Window_DCBrushMotor  thread_gui.o
    0x08002514   0x08002514   0x0000009c   Code   RO         6809    i.Display_Window_EncoderCalibrating  thread_gui.o
    0x080025b0   0x080025b0   0x000000cc   Code   RO         6810    i.Display_Window_JY62_MPU6050Sensor  thread_gui.o
    0x0800267c   0x0800267c   0x00000180   Code   RO         6811    i.Display_Window_StartPage  thread_gui.o
    0x080027fc   0x080027fc   0x0000013c   Code   RO         6812    i.Display_Window_TrackingSensorBool  thread_gui.o
    0x08002938   0x08002938   0x00000098   Code   RO         6813    i.Display_Window_UltrasonicSensor  thread_gui.o
    0x080029d0   0x080029d0   0x00000024   Code   RO          632    i.EXTI15_10_IRQHandler  stm32f4xx_it.o
    0x080029f4   0x080029f4   0x0000004c   Code   RO         6540    i.EXTI_Callback     thread_comm.o
    0x08002a40   0x08002a40   0x0000000c   Code   RO         4419    i.EXTI_SetHandler   bsp_hal_gpio.o
    0x08002a4c   0x08002a4c   0x00000018   Code   RO         4420    i.Echo1_read        bsp_hal_gpio.o
    0x08002a64   0x08002a64   0x00000018   Code   RO         4421    i.Echo2_read        bsp_hal_gpio.o
    0x08002a7c   0x08002a7c   0x00000018   Code   RO         4422    i.Echo3_read        bsp_hal_gpio.o
    0x08002a94   0x08002a94   0x00000018   Code   RO         4423    i.Echo4_read        bsp_hal_gpio.o
    0x08002aac   0x08002aac   0x00000006   Code   RO           13    i.Error_Handler     main.o
    0x08002ab2   0x08002ab2   0x00000002   PAD
    0x08002ab4   0x08002ab4   0x0000005c   Code   RO         1393    i.FLASH_Erase_Sector  stm32f4xx_hal_flash_ex.o
    0x08002b10   0x08002b10   0x00000078   Code   RO         1394    i.FLASH_FlushCaches  stm32f4xx_hal_flash_ex.o
    0x08002b88   0x08002b88   0x00000030   Code   RO         1395    i.FLASH_MassErase   stm32f4xx_hal_flash_ex.o
    0x08002bb8   0x08002bb8   0x00000024   Code   RO         1275    i.FLASH_Program_Byte  stm32f4xx_hal_flash.o
    0x08002bdc   0x08002bdc   0x0000003c   Code   RO         1276    i.FLASH_Program_DoubleWord  stm32f4xx_hal_flash.o
    0x08002c18   0x08002c18   0x00000028   Code   RO         1277    i.FLASH_Program_HalfWord  stm32f4xx_hal_flash.o
    0x08002c40   0x08002c40   0x00000028   Code   RO         1278    i.FLASH_Program_Word  stm32f4xx_hal_flash.o
    0x08002c68   0x08002c68   0x00000098   Code   RO         1279    i.FLASH_SetErrorCode  stm32f4xx_hal_flash.o
    0x08002d00   0x08002d00   0x00000064   Code   RO         1280    i.FLASH_WaitForLastOperation  stm32f4xx_hal_flash.o
    0x08002d64   0x08002d64   0x00000114   Code   RO         4725    i.GUI_DrawFont16_BufMode  bsp_hal_st7789.o
    0x08002e78   0x08002e78   0x00000002   Code   RO         6104    i.GetReferenceFromDevice  can_communication_canconfig.o
    0x08002e7a   0x08002e7a   0x00000002   PAD
    0x08002e7c   0x08002e7c   0x00000014   Code   RO         6105    i.GetReferenceToDevice  can_communication_canconfig.o
    0x08002e90   0x08002e90   0x0000018c   Code   RO          846    i.HAL_ADC_ConfigChannel  stm32f4xx_hal_adc.o
    0x0800301c   0x0800301c   0x00000078   Code   RO         4936    i.HAL_ADC_ConvCpltCallback  bsp_hal_adc.o
    0x08003094   0x08003094   0x00000002   Code   RO          848    i.HAL_ADC_ConvHalfCpltCallback  stm32f4xx_hal_adc.o
    0x08003096   0x08003096   0x00000002   Code   RO          850    i.HAL_ADC_ErrorCallback  stm32f4xx_hal_adc.o
    0x08003098   0x08003098   0x00000068   Code   RO          855    i.HAL_ADC_Init      stm32f4xx_hal_adc.o
    0x08003100   0x08003100   0x000000c4   Code   RO          288    i.HAL_ADC_MspInit   adc.o
    0x080031c4   0x080031c4   0x000001b4   Code   RO          862    i.HAL_ADC_Start_DMA  stm32f4xx_hal_adc.o
    0x08003378   0x08003378   0x0000002a   Code   RO         2302    i.HAL_CAN_ActivateNotification  stm32f4xx_hal_can.o
    0x080033a2   0x080033a2   0x00000156   Code   RO         2303    i.HAL_CAN_AddTxMessage  stm32f4xx_hal_can.o
    0x080034f8   0x080034f8   0x00000124   Code   RO         2304    i.HAL_CAN_ConfigFilter  stm32f4xx_hal_can.o
    0x0800361c   0x0800361c   0x00000002   Code   RO         2307    i.HAL_CAN_ErrorCallback  stm32f4xx_hal_can.o
    0x0800361e   0x0800361e   0x0000017a   Code   RO         2310    i.HAL_CAN_GetRxMessage  stm32f4xx_hal_can.o
    0x08003798   0x08003798   0x0000024e   Code   RO         2314    i.HAL_CAN_IRQHandler  stm32f4xx_hal_can.o
    0x080039e6   0x080039e6   0x00000174   Code   RO         2315    i.HAL_CAN_Init      stm32f4xx_hal_can.o
    0x08003b5a   0x08003b5a   0x00000002   PAD
    0x08003b5c   0x08003b5c   0x00000164   Code   RO          330    i.HAL_CAN_MspInit   can.o
    0x08003cc0   0x08003cc0   0x00000022   Code   RO         2321    i.HAL_CAN_ResetError  stm32f4xx_hal_can.o
    0x08003ce2   0x08003ce2   0x00000002   Code   RO         2322    i.HAL_CAN_RxFifo0FullCallback  stm32f4xx_hal_can.o
    0x08003ce4   0x08003ce4   0x000000a0   Code   RO         4549    i.HAL_CAN_RxFifo0MsgPendingCallback  bsp_hal_can.o
    0x08003d84   0x08003d84   0x00000002   Code   RO         2324    i.HAL_CAN_RxFifo1FullCallback  stm32f4xx_hal_can.o
    0x08003d86   0x08003d86   0x00000002   Code   RO         2325    i.HAL_CAN_RxFifo1MsgPendingCallback  stm32f4xx_hal_can.o
    0x08003d88   0x08003d88   0x00000002   Code   RO         2326    i.HAL_CAN_SleepCallback  stm32f4xx_hal_can.o
    0x08003d8a   0x08003d8a   0x0000005e   Code   RO         2327    i.HAL_CAN_Start     stm32f4xx_hal_can.o
    0x08003de8   0x08003de8   0x00000002   Code   RO         2329    i.HAL_CAN_TxMailbox0AbortCallback  stm32f4xx_hal_can.o
    0x08003dea   0x08003dea   0x00000002   Code   RO         2330    i.HAL_CAN_TxMailbox0CompleteCallback  stm32f4xx_hal_can.o
    0x08003dec   0x08003dec   0x00000002   Code   RO         2331    i.HAL_CAN_TxMailbox1AbortCallback  stm32f4xx_hal_can.o
    0x08003dee   0x08003dee   0x00000002   Code   RO         2332    i.HAL_CAN_TxMailbox1CompleteCallback  stm32f4xx_hal_can.o
    0x08003df0   0x08003df0   0x00000002   Code   RO         2333    i.HAL_CAN_TxMailbox2AbortCallback  stm32f4xx_hal_can.o
    0x08003df2   0x08003df2   0x00000002   Code   RO         2334    i.HAL_CAN_TxMailbox2CompleteCallback  stm32f4xx_hal_can.o
    0x08003df4   0x08003df4   0x00000002   Code   RO         2336    i.HAL_CAN_WakeUpFromRxMsgCallback  stm32f4xx_hal_can.o
    0x08003df6   0x08003df6   0x000000ac   Code   RO         1626    i.HAL_DMA_Abort     stm32f4xx_hal_dma.o
    0x08003ea2   0x08003ea2   0x00000028   Code   RO         1627    i.HAL_DMA_Abort_IT  stm32f4xx_hal_dma.o
    0x08003eca   0x08003eca   0x00000006   Code   RO         1629    i.HAL_DMA_GetError  stm32f4xx_hal_dma.o
    0x08003ed0   0x08003ed0   0x00000240   Code   RO         1631    i.HAL_DMA_IRQHandler  stm32f4xx_hal_dma.o
    0x08004110   0x08004110   0x000000ec   Code   RO         1632    i.HAL_DMA_Init      stm32f4xx_hal_dma.o
    0x080041fc   0x080041fc   0x00000092   Code   RO         1636    i.HAL_DMA_Start_IT  stm32f4xx_hal_dma.o
    0x0800428e   0x0800428e   0x00000002   PAD
    0x08004290   0x08004290   0x0000003c   Code   RO         4312    i.HAL_Delay         bsp.o
    0x080042cc   0x080042cc   0x000000ac   Code   RO         1405    i.HAL_FLASHEx_Erase  stm32f4xx_hal_flash_ex.o
    0x08004378   0x08004378   0x00000014   Code   RO         1284    i.HAL_FLASH_Lock    stm32f4xx_hal_flash.o
    0x0800438c   0x0800438c   0x00000098   Code   RO         1289    i.HAL_FLASH_Program  stm32f4xx_hal_flash.o
    0x08004424   0x08004424   0x00000034   Code   RO         1291    i.HAL_FLASH_Unlock  stm32f4xx_hal_flash.o
    0x08004458   0x08004458   0x00000018   Code   RO         4424    i.HAL_GPIO_EXTI_Callback  bsp_hal_gpio.o
    0x08004470   0x08004470   0x0000001c   Code   RO         1518    i.HAL_GPIO_EXTI_IRQHandler  stm32f4xx_hal_gpio.o
    0x0800448c   0x0800448c   0x000001f0   Code   RO         1519    i.HAL_GPIO_Init     stm32f4xx_hal_gpio.o
    0x0800467c   0x0800467c   0x0000000c   Code   RO         1523    i.HAL_GPIO_WritePin  stm32f4xx_hal_gpio.o
    0x08004688   0x08004688   0x0000001c   Code   RO         4313    i.HAL_GetTick       bsp.o
    0x080046a4   0x080046a4   0x00000018   Code   RO         4314    i.HAL_IncTick       bsp.o
    0x080046bc   0x080046bc   0x0000003c   Code   RO         2063    i.HAL_Init          stm32f4xx_hal.o
    0x080046f8   0x080046f8   0x0000000c   Code   RO         4315    i.HAL_InitTick      bsp.o
    0x08004704   0x08004704   0x00000048   Code   RO          817    i.HAL_MspInit       stm32f4xx_hal_msp.o
    0x0800474c   0x0800474c   0x00000020   Code   RO         1908    i.HAL_NVIC_EnableIRQ  stm32f4xx_hal_cortex.o
    0x0800476c   0x0800476c   0x0000007c   Code   RO         1914    i.HAL_NVIC_SetPriority  stm32f4xx_hal_cortex.o
    0x080047e8   0x080047e8   0x00000028   Code   RO         1915    i.HAL_NVIC_SetPriorityGrouping  stm32f4xx_hal_cortex.o
    0x08004810   0x08004810   0x00000184   Code   RO         1120    i.HAL_RCC_ClockConfig  stm32f4xx_hal_rcc.o
    0x08004994   0x08004994   0x0000000c   Code   RO         1125    i.HAL_RCC_GetHCLKFreq  stm32f4xx_hal_rcc.o
    0x080049a0   0x080049a0   0x00000020   Code   RO         1127    i.HAL_RCC_GetPCLK1Freq  stm32f4xx_hal_rcc.o
    0x080049c0   0x080049c0   0x00000020   Code   RO         1128    i.HAL_RCC_GetPCLK2Freq  stm32f4xx_hal_rcc.o
    0x080049e0   0x080049e0   0x000000b0   Code   RO         1129    i.HAL_RCC_GetSysClockFreq  stm32f4xx_hal_rcc.o
    0x08004a90   0x08004a90   0x0000049c   Code   RO         1132    i.HAL_RCC_OscConfig  stm32f4xx_hal_rcc.o
    0x08004f2c   0x08004f2c   0x000000c8   Code   RO         2546    i.HAL_SPI_Init      stm32f4xx_hal_spi.o
    0x08004ff4   0x08004ff4   0x00000088   Code   RO          406    i.HAL_SPI_MspInit   spi.o
    0x0800507c   0x0800507c   0x000001ae   Code   RO         2554    i.HAL_SPI_Transmit  stm32f4xx_hal_spi.o
    0x0800522a   0x0800522a   0x00000034   Code   RO         1919    i.HAL_SYSTICK_Config  stm32f4xx_hal_cortex.o
    0x0800525e   0x0800525e   0x00000002   Code   RO         3574    i.HAL_TIMEx_BreakCallback  stm32f4xx_hal_tim_ex.o
    0x08005260   0x08005260   0x00000002   Code   RO         3575    i.HAL_TIMEx_CommutCallback  stm32f4xx_hal_tim_ex.o
    0x08005262   0x08005262   0x00000074   Code   RO         3577    i.HAL_TIMEx_ConfigBreakDeadTime  stm32f4xx_hal_tim_ex.o
    0x080052d6   0x080052d6   0x00000002   PAD
    0x080052d8   0x080052d8   0x000000b4   Code   RO         3593    i.HAL_TIMEx_MasterConfigSynchronization  stm32f4xx_hal_tim_ex.o
    0x0800538c   0x0800538c   0x000000f4   Code   RO         3604    i.HAL_TIMEx_PWMN_Start  stm32f4xx_hal_tim_ex.o
    0x08005480   0x08005480   0x00000088   Code   RO         3607    i.HAL_TIMEx_PWMN_Stop  stm32f4xx_hal_tim_ex.o
    0x08005508   0x08005508   0x00000066   Code   RO         2859    i.HAL_TIM_Base_Init  stm32f4xx_hal_tim.o
    0x0800556e   0x0800556e   0x00000002   PAD
    0x08005570   0x08005570   0x00000104   Code   RO          448    i.HAL_TIM_Base_MspInit  tim.o
    0x08005674   0x08005674   0x000000a8   Code   RO         2864    i.HAL_TIM_Base_Start_IT  stm32f4xx_hal_tim.o
    0x0800571c   0x0800571c   0x0000003e   Code   RO         2867    i.HAL_TIM_Base_Stop_IT  stm32f4xx_hal_tim.o
    0x0800575a   0x0800575a   0x0000010c   Code   RO         2868    i.HAL_TIM_ConfigClockSource  stm32f4xx_hal_tim.o
    0x08005866   0x08005866   0x00000002   Code   RO         2889    i.HAL_TIM_ErrorCallback  stm32f4xx_hal_tim.o
    0x08005868   0x08005868   0x00000002   Code   RO         2893    i.HAL_TIM_IC_CaptureCallback  stm32f4xx_hal_tim.o
    0x0800586a   0x0800586a   0x00000196   Code   RO         2907    i.HAL_TIM_IRQHandler  stm32f4xx_hal_tim.o
    0x08005a00   0x08005a00   0x000000f4   Code   RO          449    i.HAL_TIM_MspPostInit  tim.o
    0x08005af4   0x08005af4   0x00000002   Code   RO         2910    i.HAL_TIM_OC_DelayElapsedCallback  stm32f4xx_hal_tim.o
    0x08005af6   0x08005af6   0x00000104   Code   RO         2931    i.HAL_TIM_PWM_ConfigChannel  stm32f4xx_hal_tim.o
    0x08005bfa   0x08005bfa   0x00000066   Code   RO         2934    i.HAL_TIM_PWM_Init  stm32f4xx_hal_tim.o
    0x08005c60   0x08005c60   0x00000078   Code   RO          451    i.HAL_TIM_PWM_MspInit  tim.o
    0x08005cd8   0x08005cd8   0x00000020   Code   RO         5169    i.HAL_TIM_PWM_PulseFinishedCallback  rgb.o
    0x08005cf8   0x08005cf8   0x00000002   Code   RO         2938    i.HAL_TIM_PWM_PulseFinishedHalfCpltCallback  stm32f4xx_hal_tim.o
    0x08005cfa   0x08005cfa   0x00000002   PAD
    0x08005cfc   0x08005cfc   0x00000248   Code   RO         2940    i.HAL_TIM_PWM_Start_DMA  stm32f4xx_hal_tim.o
    0x08005f44   0x08005f44   0x00000114   Code   RO         2943    i.HAL_TIM_PWM_Stop_DMA  stm32f4xx_hal_tim.o
    0x08006058   0x08006058   0x00000044   Code   RO         5024    i.HAL_TIM_PeriodElapsedCallback  bsp_hal_time.o
    0x0800609c   0x0800609c   0x00000002   Code   RO         2950    i.HAL_TIM_TriggerCallback  stm32f4xx_hal_tim.o
    0x0800609e   0x0800609e   0x00000002   Code   RO         3852    i.HAL_UARTEx_RxEventCallback  stm32f4xx_hal_uart.o
    0x080060a0   0x080060a0   0x000000c4   Code   RO         3855    i.HAL_UART_AbortReceive  stm32f4xx_hal_uart.o
    0x08006164   0x08006164   0x00000002   Code   RO         3866    i.HAL_UART_ErrorCallback  stm32f4xx_hal_uart.o
    0x08006166   0x08006166   0x00000002   PAD
    0x08006168   0x08006168   0x000002e0   Code   RO         3869    i.HAL_UART_IRQHandler  stm32f4xx_hal_uart.o
    0x08006448   0x08006448   0x00000072   Code   RO         3870    i.HAL_UART_Init     stm32f4xx_hal_uart.o
    0x080064ba   0x080064ba   0x00000002   PAD
    0x080064bc   0x080064bc   0x00000658   Code   RO          532    i.HAL_UART_MspInit  usart.o
    0x08006b14   0x08006b14   0x00000042   Code   RO         3874    i.HAL_UART_Receive_DMA  stm32f4xx_hal_uart.o
    0x08006b56   0x08006b56   0x0000006c   Code   RO         4659    i.HAL_UART_RxCpltCallback  bsp_hal_uartdma.o
    0x08006bc2   0x08006bc2   0x00000002   Code   RO         3877    i.HAL_UART_RxHalfCpltCallback  stm32f4xx_hal_uart.o
    0x08006bc4   0x08006bc4   0x000000d2   Code   RO         3878    i.HAL_UART_Transmit  stm32f4xx_hal_uart.o
    0x08006c96   0x08006c96   0x00000002   PAD
    0x08006c98   0x08006c98   0x000000ac   Code   RO         3879    i.HAL_UART_Transmit_DMA  stm32f4xx_hal_uart.o
    0x08006d44   0x08006d44   0x00000036   Code   RO         4660    i.HAL_UART_TxCpltCallback  bsp_hal_uartdma.o
    0x08006d7a   0x08006d7a   0x00000002   Code   RO         3882    i.HAL_UART_TxHalfCpltCallback  stm32f4xx_hal_uart.o
    0x08006d7c   0x08006d7c   0x00000084   Code   RO         4550    i.HAL_USER_CANFilterConfig  bsp_hal_can.o
    0x08006e00   0x08006e00   0x00000048   Code   RO         4316    i.HAL_usDelay       bsp.o
    0x08006e48   0x08006e48   0x00000018   Code   RO         4317    i.HAL_xmsDelay      bsp.o
    0x08006e60   0x08006e60   0x00000054   Code   RO         5741    i.HCSR04Work_Scan   hc_sr04.o
    0x08006eb4   0x08006eb4   0x0000013c   Code   RO         5742    i.HCSR04_DistanceCalc  hc_sr04.o
    0x08006ff0   0x08006ff0   0x0000002a   Code   RO         5744    i.HCSR04_Inti       hc_sr04.o
    0x0800701a   0x0800701a   0x00000002   PAD
    0x0800701c   0x0800701c   0x0000004c   Code   RO         5745    i.HCSR04_PulseWidthRead  hc_sr04.o
    0x08007068   0x08007068   0x00000010   Code   RO         5746    i.HCSR04_ReadState  hc_sr04.o
    0x08007078   0x08007078   0x0000001a   Code   RO         5747    i.HCSR04_Start      hc_sr04.o
    0x08007092   0x08007092   0x00000002   PAD
    0x08007094   0x08007094   0x0000002c   Code   RO         5748    i.HCSR04_TimeOverflow  hc_sr04.o
    0x080070c0   0x080070c0   0x00000078   Code   RO         5749    i.HC_SR04_Handler   hc_sr04.o
    0x08007138   0x08007138   0x000000bc   Code   RO         6541    i.HWT101_DataAnalysis  thread_comm.o
    0x080071f4   0x080071f4   0x0000003c   Code   RO         6106    i.InitialUsedPGs    can_communication_canconfig.o
    0x08007230   0x08007230   0x000001e0   Code   RO         6542    i.JY61_DataAnalysis  thread_comm.o
    0x08007410   0x08007410   0x00000018   Code   RO         4425    i.KEY_1             bsp_hal_gpio.o
    0x08007428   0x08007428   0x00000018   Code   RO         4426    i.KEY_2             bsp_hal_gpio.o
    0x08007440   0x08007440   0x00000018   Code   RO         4427    i.KEY_3             bsp_hal_gpio.o
    0x08007458   0x08007458   0x00000018   Code   RO         4428    i.KEY_4             bsp_hal_gpio.o
    0x08007470   0x08007470   0x00000018   Code   RO         4429    i.KEY_5             bsp_hal_gpio.o
    0x08007488   0x08007488   0x00000016   Code   RO         4726    i.LCD_Pow           bsp_hal_st7789.o
    0x0800749e   0x0800749e   0x000000a8   Code   RO         4727    i.LCD_ShowString_BufMode  bsp_hal_st7789.o
    0x08007546   0x08007546   0x00000002   PAD
    0x08007548   0x08007548   0x00000024   Code   RO         4728    i.LCD_WR_DATA       bsp_hal_st7789.o
    0x0800756c   0x0800756c   0x00000020   Code   RO         5170    i.LED_Init          rgb.o
    0x0800758c   0x0800758c   0x00000070   Code   RO          289    i.MX_ADC1_Init      adc.o
    0x080075fc   0x080075fc   0x0000004c   Code   RO          331    i.MX_CAN1_Init      can.o
    0x08007648   0x08007648   0x0000004c   Code   RO          332    i.MX_CAN2_Init      can.o
    0x08007694   0x08007694   0x00000118   Code   RO          378    i.MX_DMA_Init       dma.o
    0x080077ac   0x080077ac   0x0000024c   Code   RO          260    i.MX_GPIO_Init      gpio.o
    0x080079f8   0x080079f8   0x00000044   Code   RO          407    i.MX_SPI1_Init      spi.o
    0x08007a3c   0x08007a3c   0x000000d4   Code   RO          452    i.MX_TIM1_Init      tim.o
    0x08007b10   0x08007b10   0x0000006c   Code   RO          453    i.MX_TIM2_Init      tim.o
    0x08007b7c   0x08007b7c   0x0000006c   Code   RO          454    i.MX_TIM4_Init      tim.o
    0x08007be8   0x08007be8   0x000000ac   Code   RO          455    i.MX_TIM5_Init      tim.o
    0x08007c94   0x08007c94   0x000000b0   Code   RO          456    i.MX_TIM8_Init      tim.o
    0x08007d44   0x08007d44   0x00000038   Code   RO          533    i.MX_UART4_Init     usart.o
    0x08007d7c   0x08007d7c   0x00000040   Code   RO          534    i.MX_UART5_Init     usart.o
    0x08007dbc   0x08007dbc   0x00000038   Code   RO          535    i.MX_USART1_UART_Init  usart.o
    0x08007df4   0x08007df4   0x00000038   Code   RO          536    i.MX_USART2_UART_Init  usart.o
    0x08007e2c   0x08007e2c   0x00000038   Code   RO          537    i.MX_USART3_UART_Init  usart.o
    0x08007e64   0x08007e64   0x00000038   Code   RO          538    i.MX_USART6_UART_Init  usart.o
    0x08007e9c   0x08007e9c   0x00000004   Code   RO          633    i.MemManage_Handler  stm32f4xx_it.o
    0x08007ea0   0x08007ea0   0x00000004   Code   RO          634    i.NMI_Handler       stm32f4xx_it.o
    0x08007ea4   0x08007ea4   0x00000018   Code   RO         6543    i.PCModule_Transmit  thread_comm.o
    0x08007ebc   0x08007ebc   0x000000a4   Code   RO         7322    i.PC_unpack_fifo_data  thread_sensor.o
    0x08007f60   0x08007f60   0x0000000c   Code   RO         6010    i.QueueOverflow_Dispose  can_communication.o
    0x08007f6c   0x08007f6c   0x0000001c   Code   RO         5174    i.RGB_SendArray     rgb.o
    0x08007f88   0x08007f88   0x000000a4   Code   RO         5175    i.RGB_SetColor      rgb.o
    0x0800802c   0x0800802c   0x00000014   Code   RO         6657    i.Read_Position_x_mm  thread_rccu.o
    0x08008040   0x08008040   0x00000014   Code   RO         6658    i.Read_Position_y_mm  thread_rccu.o
    0x08008054   0x08008054   0x0000000c   Code   RO         5668    i.RecognitionModule_Init  recognitionmodule.o
    0x08008060   0x08008060   0x00000034   Code   RO         5669    i.RecognitionModule_ReceivingProcess  recognitionmodule.o
    0x08008094   0x08008094   0x000000c0   Code   RO         5670    i.RecognitionModule_Scan1Ms  recognitionmodule.o
    0x08008154   0x08008154   0x00000016   Code   RO         5671    i.RecognitionModule_Start  recognitionmodule.o
    0x0800816a   0x0800816a   0x00000002   PAD
    0x0800816c   0x0800816c   0x00000018   Code   RO         5672    i.RecognitionModule_Stop  recognitionmodule.o
    0x08008184   0x08008184   0x0000001c   Code   RO         5177    i.Reset_Load        rgb.o
    0x080081a0   0x080081a0   0x0000002c   Code   RO         7323    i.Robot_arm_task    thread_sensor.o
    0x080081cc   0x080081cc   0x0000005c   Code   RO         6146    i.SLAVE_DCMotorMiniwatt_CANRXDispose  slave_dcmotorminiwatt.o
    0x08008228   0x08008228   0x0000002c   Code   RO         6147    i.SLAVE_DCMotorMiniwatt_CANinit  slave_dcmotorminiwatt.o
    0x08008254   0x08008254   0x00000044   Code   RO         6158    i.SLAVE_DCMotorMiniwatt_Init  slave_dcmotorminiwatt.o
    0x08008298   0x08008298   0x0000000c   Code   RO         6162    i.SLAVE_DCMotorMiniwatt_PlaceRead  slave_dcmotorminiwatt.o
    0x080082a4   0x080082a4   0x00000120   Code   RO         6163    i.SLAVE_DCMotorMiniwatt_ProtocolDefinitions  slave_dcmotorminiwatt.o
    0x080083c4   0x080083c4   0x00000012   Code   RO         6164    i.SLAVE_DCMotorMiniwatt_SpeedRead  slave_dcmotorminiwatt.o
    0x080083d6   0x080083d6   0x0000001c   Code   RO         6165    i.SLAVE_DCMotorMiniwatt_SpeedSet  slave_dcmotorminiwatt.o
    0x080083f2   0x080083f2   0x00000048   Code   RO         6377    i.SLAVE_SteeringEngine3CH_BUSMotorDATAControl  slave_steeringengine_3ch.o
    0x0800843a   0x0800843a   0x00000002   PAD
    0x0800843c   0x0800843c   0x0000002c   Code   RO         6378    i.SLAVE_SteeringEngine3CH_CANinit  slave_steeringengine_3ch.o
    0x08008468   0x08008468   0x00000038   Code   RO         6381    i.SLAVE_SteeringEngine3CH_Init  slave_steeringengine_3ch.o
    0x080084a0   0x080084a0   0x000001dc   Code   RO         6384    i.SLAVE_SteeringEngine_3CH_ProtocolDefinitions  slave_steeringengine_3ch.o
    0x0800867c   0x0800867c   0x00000006   Code   RO         6299    i.SLAVE_Tracking_BoolRead  slave_tracking.o
    0x08008682   0x08008682   0x00000002   PAD
    0x08008684   0x08008684   0x0000002c   Code   RO         6300    i.SLAVE_Tracking_CANinit  slave_tracking.o
    0x080086b0   0x080086b0   0x00000010   Code   RO         6301    i.SLAVE_Tracking_CheckModeEnable  slave_tracking.o
    0x080086c0   0x080086c0   0x00000040   Code   RO         6302    i.SLAVE_Tracking_Init  slave_tracking.o
    0x08008700   0x08008700   0x00000006   Code   RO         6303    i.SLAVE_Tracking_ModeRead  slave_tracking.o
    0x08008706   0x08008706   0x0000011c   Code   RO         6305    i.SLAVE_Tracking_ProtocolDefinitions  slave_tracking.o
    0x08008822   0x08008822   0x00000002   PAD
    0x08008824   0x08008824   0x0000006c   Code   RO         2584    i.SPI_EndRxTxTransaction  stm32f4xx_hal_spi.o
    0x08008890   0x08008890   0x000000d8   Code   RO         2589    i.SPI_WaitFlagStateUntilTimeout  stm32f4xx_hal_spi.o
    0x08008968   0x08008968   0x000000dc   Code   RO         4730    i.ST7789_init       bsp_hal_st7789.o
    0x08008a44   0x08008a44   0x00000044   Code   RO         4731    i.ST7789_send_cmd   bsp_hal_st7789.o
    0x08008a88   0x08008a88   0x00000048   Code   RO         4732    i.ST7789_send_data  bsp_hal_st7789.o
    0x08008ad0   0x08008ad0   0x00000020   Code   RO         4733    i.ST7789_set_orientation  bsp_hal_st7789.o
    0x08008af0   0x08008af0   0x00000074   Code   RO         4661    i.Seek_UART_Mixed   bsp_hal_uartdma.o
    0x08008b64   0x08008b64   0x00000072   Code   RO         6011    i.SendUsedPG        can_communication.o
    0x08008bd6   0x08008bd6   0x00000002   PAD
    0x08008bd8   0x08008bd8   0x000000a8   Code   RO         7324    i.SensorData_Send   thread_sensor.o
    0x08008c80   0x08008c80   0x0000000e   Code   RO         7325    i.SensorData_task   thread_sensor.o
    0x08008c8e   0x08008c8e   0x00000036   Code   RO         4318    i.StartingMusic     bsp.o
    0x08008cc4   0x08008cc4   0x00000024   Code   RO         4245    i.SysTick_Handler   board.o
    0x08008ce8   0x08008ce8   0x000000b4   Code   RO           14    i.SystemClock_Config  main.o
    0x08008d9c   0x08008d9c   0x000000c0   Code   RO         4208    i.SystemCoreClockUpdate  system_stm32f4xx.o
    0x08008e5c   0x08008e5c   0x00000014   Code   RO         4209    i.SystemInit        system_stm32f4xx.o
    0x08008e70   0x08008e70   0x00000010   Code   RO          635    i.TIM2_IRQHandler   stm32f4xx_it.o
    0x08008e80   0x08008e80   0x00000010   Code   RO          636    i.TIM4_IRQHandler   stm32f4xx_it.o
    0x08008e90   0x08008e90   0x00000010   Code   RO          637    i.TIM5_IRQHandler   stm32f4xx_it.o
    0x08008ea0   0x08008ea0   0x000000d8   Code   RO         2952    i.TIM_Base_SetConfig  stm32f4xx_hal_tim.o
    0x08008f78   0x08008f78   0x00000022   Code   RO         2953    i.TIM_CCxChannelCmd  stm32f4xx_hal_tim.o
    0x08008f9a   0x08008f9a   0x00000022   Code   RO         3613    i.TIM_CCxNChannelCmd  stm32f4xx_hal_tim_ex.o
    0x08008fbc   0x08008fbc   0x00000068   Code   RO         2956    i.TIM_DMADelayPulseCplt  stm32f4xx_hal_tim.o
    0x08009024   0x08009024   0x00000040   Code   RO         2957    i.TIM_DMADelayPulseHalfCplt  stm32f4xx_hal_tim.o
    0x08009064   0x08009064   0x0000005e   Code   RO         2958    i.TIM_DMAError      stm32f4xx_hal_tim.o
    0x080090c2   0x080090c2   0x00000016   Code   RO         2963    i.TIM_ETR_SetConfig  stm32f4xx_hal_tim.o
    0x080090d8   0x080090d8   0x00000012   Code   RO         2964    i.TIM_ITRx_SetConfig  stm32f4xx_hal_tim.o
    0x080090ea   0x080090ea   0x00000002   PAD
    0x080090ec   0x080090ec   0x00000070   Code   RO         2965    i.TIM_OC1_SetConfig  stm32f4xx_hal_tim.o
    0x0800915c   0x0800915c   0x0000007c   Code   RO         2966    i.TIM_OC2_SetConfig  stm32f4xx_hal_tim.o
    0x080091d8   0x080091d8   0x00000078   Code   RO         2967    i.TIM_OC3_SetConfig  stm32f4xx_hal_tim.o
    0x08009250   0x08009250   0x00000054   Code   RO         2968    i.TIM_OC4_SetConfig  stm32f4xx_hal_tim.o
    0x080092a4   0x080092a4   0x00000026   Code   RO         2970    i.TIM_TI1_ConfigInputStage  stm32f4xx_hal_tim.o
    0x080092ca   0x080092ca   0x00000028   Code   RO         2972    i.TIM_TI2_ConfigInputStage  stm32f4xx_hal_tim.o
    0x080092f2   0x080092f2   0x00000002   PAD
    0x080092f4   0x080092f4   0x00000198   Code   RO         6544    i.Task_COMM_create  thread_comm.o
    0x0800948c   0x0800948c   0x00000178   Code   RO         6814    i.Task_GUI_create   thread_gui.o
    0x08009604   0x08009604   0x00000030   Code   RO         6495    i.Task_LED_create   thread_led.o
    0x08009634   0x08009634   0x00000140   Code   RO         7326    i.Task_Sensor_create  thread_sensor.o
    0x08009774   0x08009774   0x00000026   Code   RO         4319    i.Tim_CheckTimeOut  bsp.o
    0x0800979a   0x0800979a   0x0000002e   Code   RO         6012    i.Tim_CheckTimeOut  can_communication.o
    0x080097c8   0x080097c8   0x00000018   Code   RO         6013    i.Tim_GetCurrentTimeAdd_Scan1MS  can_communication.o
    0x080097e0   0x080097e0   0x00000028   Code   RO         6545    i.TimeBreakExecution_Handler  thread_comm.o
    0x08009808   0x08009808   0x00000028   Code   RO         6546    i.Timer2UpdateBreakExecution_Handler  thread_comm.o
    0x08009830   0x08009830   0x0000000c   Code   RO         5026    i.Timer2Update_SetHandler  bsp_hal_time.o
    0x0800983c   0x0800983c   0x00000018   Code   RO         5027    i.Timer_SetHandler  bsp_hal_time.o
    0x08009854   0x08009854   0x0000006c   Code   RO         6815    i.TrackingSensor_Ctrl_Scan  thread_gui.o
    0x080098c0   0x080098c0   0x00000020   Code   RO         4430    i.Trig1_level       bsp_hal_gpio.o
    0x080098e0   0x080098e0   0x00000020   Code   RO         4431    i.Trig2_level       bsp_hal_gpio.o
    0x08009900   0x08009900   0x00000020   Code   RO         4432    i.Trig3_level       bsp_hal_gpio.o
    0x08009920   0x08009920   0x00000020   Code   RO         4433    i.Trig4_level       bsp_hal_gpio.o
    0x08009940   0x08009940   0x0000003c   Code   RO          638    i.UART4_IRQHandler  stm32f4xx_it.o
    0x0800997c   0x0800997c   0x00000010   Code   RO          639    i.UART5_IRQHandler  stm32f4xx_it.o
    0x0800998c   0x0800998c   0x00000014   Code   RO         3883    i.UART_DMAAbortOnError  stm32f4xx_hal_uart.o
    0x080099a0   0x080099a0   0x00000050   Code   RO         3884    i.UART_DMAError     stm32f4xx_hal_uart.o
    0x080099f0   0x080099f0   0x000000b0   Code   RO         3885    i.UART_DMAReceiveCplt  stm32f4xx_hal_uart.o
    0x08009aa0   0x08009aa0   0x00000020   Code   RO         3887    i.UART_DMARxHalfCplt  stm32f4xx_hal_uart.o
    0x08009ac0   0x08009ac0   0x00000058   Code   RO         3889    i.UART_DMATransmitCplt  stm32f4xx_hal_uart.o
    0x08009b18   0x08009b18   0x0000000e   Code   RO         3891    i.UART_DMATxHalfCplt  stm32f4xx_hal_uart.o
    0x08009b26   0x08009b26   0x0000006c   Code   RO         3893    i.UART_EndRxTransfer  stm32f4xx_hal_uart.o
    0x08009b92   0x08009b92   0x00000020   Code   RO         3894    i.UART_EndTransmit_IT  stm32f4xx_hal_uart.o
    0x08009bb2   0x08009bb2   0x00000026   Code   RO         3895    i.UART_EndTxTransfer  stm32f4xx_hal_uart.o
    0x08009bd8   0x08009bd8   0x000000f8   Code   RO         3896    i.UART_Receive_IT   stm32f4xx_hal_uart.o
    0x08009cd0   0x08009cd0   0x0000022c   Code   RO         3897    i.UART_SetConfig    stm32f4xx_hal_uart.o
    0x08009efc   0x08009efc   0x000000cc   Code   RO         3898    i.UART_Start_Receive_DMA  stm32f4xx_hal_uart.o
    0x08009fc8   0x08009fc8   0x00000060   Code   RO         3900    i.UART_Transmit_IT  stm32f4xx_hal_uart.o
    0x0800a028   0x0800a028   0x00000092   Code   RO         3901    i.UART_WaitOnFlagUntilTimeout  stm32f4xx_hal_uart.o
    0x0800a0ba   0x0800a0ba   0x00000002   PAD
    0x0800a0bc   0x0800a0bc   0x0000003c   Code   RO          640    i.USART1_IRQHandler  stm32f4xx_it.o
    0x0800a0f8   0x0800a0f8   0x0000003c   Code   RO          641    i.USART2_IRQHandler  stm32f4xx_it.o
    0x0800a134   0x0800a134   0x0000003c   Code   RO          642    i.USART3_IRQHandler  stm32f4xx_it.o
    0x0800a170   0x0800a170   0x0000003c   Code   RO          643    i.USART6_IRQHandler  stm32f4xx_it.o
    0x0800a1ac   0x0800a1ac   0x00000004   Code   RO          644    i.UsageFault_Handler  stm32f4xx_it.o
    0x0800a1b0   0x0800a1b0   0x00000078   Code   RO         6816    i.XferExternalKey1_Handler  thread_gui.o
    0x0800a228   0x0800a228   0x00000014   Code   RO         6817    i.XferExternalKey2_Handler  thread_gui.o
    0x0800a23c   0x0800a23c   0x00000024   Code   RO         6818    i.XferExternalKey3_Handler  thread_gui.o
    0x0800a260   0x0800a260   0x00000024   Code   RO         6819    i.XferExternalKey4_Handler  thread_gui.o
    0x0800a284   0x0800a284   0x00000014   Code   RO         6820    i.XferExternalKey5_Handler  thread_gui.o
    0x0800a298   0x0800a298   0x00000010   Code   RO         6547    i.XferExternalUart2Rx_Handler  thread_comm.o
    0x0800a2a8   0x0800a2a8   0x00000210   Code   RO         6548    i.XferExternalUart3Rx_Handler  thread_comm.o
    0x0800a4b8   0x0800a4b8   0x00000088   Code   RO         6549    i.XferExternalUart4Rx_Handler  thread_comm.o
    0x0800a540   0x0800a540   0x00000040   Code   RO         6550    i.XferExternalUart6Rx_Handler  thread_comm.o
    0x0800a580   0x0800a580   0x0000008c   Code   RO         7327    i.ZDT_chassis_ctrl  thread_sensor.o
    0x0800a60c   0x0800a60c   0x00000010   Code   RO         1921    i.__NVIC_GetPriorityGrouping  stm32f4xx_hal_cortex.o
    0x0800a61c   0x0800a61c   0x00000028   Code   RO         1922    i.__NVIC_SetPriority  stm32f4xx_hal_cortex.o
    0x0800a644   0x0800a644   0x0000007a   Code   RO         9217    i.__hardfp_sqrt     m_wm.l(sqrt.o)
    0x0800a6be   0x0800a6be   0x00000002   PAD
    0x0800a6c0   0x0800a6c0   0x00000048   Code   RO         7764    i.__rt_ffs          kservice.o
    0x0800a708   0x0800a708   0x0000006c   Code   RO         8555    i._msh_exec_cmd     msh.o
    0x0800a774   0x0800a774   0x0000007c   Code   RO         8170    i._rt_thread_init   thread.o
    0x0800a7f0   0x0800a7f0   0x00000028   Code   RO         8292    i._rt_timer_init    timer.o
    0x0800a818   0x0800a818   0x0000001c   Code   RO         8171    i._thread_cleanup_execute  thread.o
    0x0800a834   0x0800a834   0x00000010   Code   RO         5068    i.bsp_tm1652_SendComm  bsp_hal_tm1652.o
    0x0800a844   0x0800a844   0x0000001c   Code   RO         5069    i.bsp_tm1652_SendData  bsp_hal_tm1652.o
    0x0800a860   0x0800a860   0x00000018   Code   RO         5071    i.bsp_tm1652_write  bsp_hal_tm1652.o
    0x0800a878   0x0800a878   0x00000060   Code   RO         5750    i.bubble_sort       hc_sr04.o
    0x0800a8d8   0x0800a8d8   0x000000f4   Code   RO         8379    i.bus_fault_track   cpuport.o
    0x0800a9cc   0x0800a9cc   0x00000040   Code   RO         4624    i.buzzerQuiet       bsp_hal_time_cmpx_beep.o
    0x0800aa0c   0x0800aa0c   0x0000006c   Code   RO         4625    i.buzzerSound       bsp_hal_time_cmpx_beep.o
    0x0800aa78   0x0800aa78   0x0000001c   Code   RO         5276    i.checksum          checkcalc.o
    0x0800aa94   0x0800aa94   0x0000000a   Code   RO         8556    i.cmd_free          msh.o
    0x0800aa9e   0x0800aa9e   0x0000000a   Code   RO         8557    i.cmd_ps            msh.o
    0x0800aaa8   0x0800aaa8   0x00000028   Code   RO         6551    i.comm_task         thread_comm.o
    0x0800aad0   0x0800aad0   0x0000003c   Code   RO         7329    i.crc16_ibm         thread_sensor.o
    0x0800ab0c   0x0800ab0c   0x0000004c   Code   RO         5839    i.fifo_s_get        fifo.o
    0x0800ab58   0x0800ab58   0x00000016   Code   RO         5842    i.fifo_s_init       fifo.o
    0x0800ab6e   0x0800ab6e   0x000000a6   Code   RO         5848    i.fifo_s_puts       fifo.o
    0x0800ac14   0x0800ac14   0x00000006   Code   RO         5850    i.fifo_s_used       fifo.o
    0x0800ac1a   0x0800ac1a   0x00000002   PAD
    0x0800ac1c   0x0800ac1c   0x00000070   Code   RO         8633    i.finsh_get_prompt  shell.o
    0x0800ac8c   0x0800ac8c   0x00000004   Code   RO         8635    i.finsh_getchar     shell.o
    0x0800ac90   0x0800ac90   0x00000018   Code   RO         8638    i.finsh_set_prompt_mode  shell.o
    0x0800aca8   0x0800aca8   0x0000000c   Code   RO         8639    i.finsh_system_function_init  shell.o
    0x0800acb4   0x0800acb4   0x00000098   Code   RO         8640    i.finsh_system_init  shell.o
    0x0800ad4c   0x0800ad4c   0x000002a0   Code   RO         8642    i.finsh_thread_entry  shell.o
    0x0800afec   0x0800afec   0x00000054   Code   RO         6821    i.gui_task          thread_gui.o
    0x0800b040   0x0800b040   0x00000084   Code   RO         8380    i.hard_fault_track  cpuport.o
    0x0800b0c4   0x0800b0c4   0x00000020   Code   RO         8441    i.hello             cmd.o
    0x0800b0e4   0x0800b0e4   0x00000012   Code   RO         6552    i.isDigit           thread_comm.o
    0x0800b0f6   0x0800b0f6   0x0000006a   Code   RO         4736    i.lcd_address_set   bsp_hal_st7789.o
    0x0800b160   0x0800b160   0x000000b8   Code   RO         4737    i.lcd_clear         bsp_hal_st7789.o
    0x0800b218   0x0800b218   0x0000001c   Code   RO         4739    i.lcd_display_on    bsp_hal_st7789.o
    0x0800b234   0x0800b234   0x00000014   Code   RO         4746    i.lcd_set_color     bsp_hal_st7789.o
    0x0800b248   0x0800b248   0x00000388   Code   RO         4747    i.lcd_show_char     bsp_hal_st7789.o
    0x0800b5d0   0x0800b5d0   0x00000098   Code   RO         4748    i.lcd_show_num      bsp_hal_st7789.o
    0x0800b668   0x0800b668   0x00000056   Code   RO         4749    i.lcd_show_snum     bsp_hal_st7789.o
    0x0800b6be   0x0800b6be   0x00000074   Code   RO         4750    i.lcd_show_string   bsp_hal_st7789.o
    0x0800b732   0x0800b732   0x00000002   PAD
    0x0800b734   0x0800b734   0x00000038   Code   RO         4751    i.lcd_write_cmd     bsp_hal_st7789.o
    0x0800b76c   0x0800b76c   0x0000003c   Code   RO         4752    i.lcd_write_datas   bsp_hal_st7789.o
    0x0800b7a8   0x0800b7a8   0x00000048   Code   RO         4753    i.lcd_write_half_word  bsp_hal_st7789.o
    0x0800b7f0   0x0800b7f0   0x00000068   Code   RO         8442    i.list              cmd.o
    0x0800b858   0x0800b858   0x00000024   Code   RO         8443    i.list_find_init    cmd.o
    0x0800b87c   0x0800b87c   0x00000076   Code   RO         8444    i.list_get_next     cmd.o
    0x0800b8f2   0x0800b8f2   0x00000002   PAD
    0x0800b8f4   0x0800b8f4   0x0000006c   Code   RO         7936    i.list_mem          mem.o
    0x0800b960   0x0800b960   0x00000168   Code   RO         8445    i.list_msgqueue     cmd.o
    0x0800bac8   0x0800bac8   0x00000128   Code   RO         8446    i.list_mutex        cmd.o
    0x0800bbf0   0x0800bbf0   0x0000015c   Code   RO         8447    i.list_sem          cmd.o
    0x0800bd4c   0x0800bd4c   0x000001e0   Code   RO         8448    i.list_thread       cmd.o
    0x0800bf2c   0x0800bf2c   0x0000015c   Code   RO         8449    i.list_timer        cmd.o
    0x0800c088   0x0800c088   0x00000004   Code   RO           15    i.main              main.o
    0x0800c08c   0x0800c08c   0x0000000e   Code   RO         7454    i.main_thread_entry  components.o
    0x0800c09a   0x0800c09a   0x00000002   PAD
    0x0800c09c   0x0800c09c   0x000000e4   Code   RO         8381    i.mem_manage_fault_track  cpuport.o
    0x0800c180   0x0800c180   0x000000a8   Code   RO         8558    i.msh_auto_complete  msh.o
    0x0800c228   0x0800c228   0x00000064   Code   RO         8559    i.msh_exec          msh.o
    0x0800c28c   0x0800c28c   0x0000005c   Code   RO         8560    i.msh_get_cmd       msh.o
    0x0800c2e8   0x0800c2e8   0x0000007c   Code   RO         8561    i.msh_help          msh.o
    0x0800c364   0x0800c364   0x00000004   Code   RO         8562    i.msh_is_used       msh.o
    0x0800c368   0x0800c368   0x000000d8   Code   RO         8563    i.msh_split         msh.o
    0x0800c440   0x0800c440   0x0000000a   Code   RO         5110    i.mybtn_attach      separate_button.o
    0x0800c44a   0x0800c44a   0x00000156   Code   RO         5111    i.mybtn_handler     separate_button.o
    0x0800c5a0   0x0800c5a0   0x00000042   Code   RO         5112    i.mybtn_init        separate_button.o
    0x0800c5e2   0x0800c5e2   0x00000002   PAD
    0x0800c5e4   0x0800c5e4   0x0000002c   Code   RO         5113    i.mybtn_start       separate_button.o
    0x0800c610   0x0800c610   0x0000001c   Code   RO         5115    i.mybtn_ticks       separate_button.o
    0x0800c62c   0x0800c62c   0x00000068   Code   RO         7937    i.plug_holes        mem.o
    0x0800c694   0x0800c694   0x00000170   Code   RO         7766    i.print_number      kservice.o
    0x0800c804   0x0800c804   0x0000002c   Code   RO         7330    i.process_zdt_command  thread_sensor.o
    0x0800c830   0x0800c830   0x00000022   Code   RO         5182    i.rgb_show          rgb.o
    0x0800c852   0x0800c852   0x00000002   PAD
    0x0800c854   0x0800c854   0x00000030   Code   RO         7455    i.rt_application_init  components.o
    0x0800c884   0x0800c884   0x0000001c   Code   RO         7938    i.rt_calloc         mem.o
    0x0800c8a0   0x0800c8a0   0x00000020   Code   RO         7456    i.rt_components_board_init  components.o
    0x0800c8c0   0x0800c8c0   0x00000020   Code   RO         7457    i.rt_components_init  components.o
    0x0800c8e0   0x0800c8e0   0x0000001c   Code   RO         8103    i.rt_enter_critical  scheduler.o
    0x0800c8fc   0x0800c8fc   0x00000038   Code   RO         8104    i.rt_exit_critical  scheduler.o
    0x0800c934   0x0800c934   0x000000c8   Code   RO         7939    i.rt_free           mem.o
    0x0800c9fc   0x0800c9fc   0x00000008   Code   RO         4320    i.rt_heap_begin_get  bsp.o
    0x0800ca04   0x0800ca04   0x00000008   Code   RO         4321    i.rt_heap_end_get   bsp.o
    0x0800ca0c   0x0800ca0c   0x00000038   Code   RO         4248    i.rt_hw_board_init  board.o
    0x0800ca44   0x0800ca44   0x0000002c   Code   RO         4249    i.rt_hw_console_getchar  board.o
    0x0800ca70   0x0800ca70   0x00000050   Code   RO         4250    i.rt_hw_console_output  board.o
    0x0800cac0   0x0800cac0   0x00000220   Code   RO         8385    i.rt_hw_hard_fault_exception  cpuport.o
    0x0800cce0   0x0800cce0   0x00000044   Code   RO         8386    i.rt_hw_stack_init  cpuport.o
    0x0800cd24   0x0800cd24   0x00000064   Code   RO         4322    i.rt_hw_systick_init  bsp.o
    0x0800cd88   0x0800cd88   0x0000001c   Code   RO         7737    i.rt_interrupt_enter  irq.o
    0x0800cda4   0x0800cda4   0x0000001c   Code   RO         7739    i.rt_interrupt_leave  irq.o
    0x0800cdc0   0x0800cdc0   0x00000070   Code   RO         7575    i.rt_ipc_list_suspend  ipc.o
    0x0800ce30   0x0800ce30   0x00000024   Code   RO         7770    i.rt_kprintf        kservice.o
    0x0800ce54   0x0800ce54   0x00000110   Code   RO         7940    i.rt_malloc         mem.o
    0x0800cf64   0x0800cf64   0x00000036   Code   RO         7775    i.rt_memmove        kservice.o
    0x0800cf9a   0x0800cf9a   0x00000056   Code   RO         7776    i.rt_memset         kservice.o
    0x0800cff0   0x0800cff0   0x0000005a   Code   RO         8025    i.rt_object_allocate  object.o
    0x0800d04a   0x0800d04a   0x0000002e   Code   RO         8026    i.rt_object_delete  object.o
    0x0800d078   0x0800d078   0x0000002c   Code   RO         8027    i.rt_object_detach  object.o
    0x0800d0a4   0x0800d0a4   0x00000024   Code   RO         8029    i.rt_object_get_information  object.o
    0x0800d0c8   0x0800d0c8   0x0000005a   Code   RO         8033    i.rt_object_init    object.o
    0x0800d122   0x0800d122   0x00000010   Code   RO         8034    i.rt_object_is_systemobject  object.o
    0x0800d132   0x0800d132   0x00000002   PAD
    0x0800d134   0x0800d134   0x00000064   Code   RO         8105    i.rt_schedule       scheduler.o
    0x0800d198   0x0800d198   0x00000050   Code   RO         8106    i.rt_schedule_insert_thread  scheduler.o
    0x0800d1e8   0x0800d1e8   0x00000054   Code   RO         8107    i.rt_schedule_remove_thread  scheduler.o
    0x0800d23c   0x0800d23c   0x00000022   Code   RO         7596    i.rt_sem_init       ipc.o
    0x0800d25e   0x0800d25e   0x00000058   Code   RO         7597    i.rt_sem_release    ipc.o
    0x0800d2b6   0x0800d2b6   0x00000072   Code   RO         7598    i.rt_sem_take       ipc.o
    0x0800d328   0x0800d328   0x000000b0   Code   RO         7778    i.rt_show_version   kservice.o
    0x0800d3d8   0x0800d3d8   0x00000010   Code   RO         7784    i.rt_strlen         kservice.o
    0x0800d3e8   0x0800d3e8   0x0000002a   Code   RO         7786    i.rt_strncpy        kservice.o
    0x0800d412   0x0800d412   0x00000002   PAD
    0x0800d414   0x0800d414   0x000000b0   Code   RO         7943    i.rt_system_heap_init  mem.o
    0x0800d4c4   0x0800d4c4   0x0000003c   Code   RO         8108    i.rt_system_scheduler_init  scheduler.o
    0x0800d500   0x0800d500   0x00000028   Code   RO         8109    i.rt_system_scheduler_start  scheduler.o
    0x0800d528   0x0800d528   0x00000018   Code   RO         8293    i.rt_system_timer_init  timer.o
    0x0800d540   0x0800d540   0x00000002   Code   RO         8294    i.rt_system_timer_thread_init  timer.o
    0x0800d542   0x0800d542   0x0000005a   Code   RO         8173    i.rt_thread_create  thread.o
    0x0800d59c   0x0800d59c   0x00000060   Code   RO         8178    i.rt_thread_exit    thread.o
    0x0800d5fc   0x0800d5fc   0x00000020   Code   RO         7528    i.rt_thread_idle_entry  idle.o
    0x0800d61c   0x0800d61c   0x00000054   Code   RO         7529    i.rt_thread_idle_excute  idle.o
    0x0800d670   0x0800d670   0x00000040   Code   RO         7531    i.rt_thread_idle_init  idle.o
    0x0800d6b0   0x0800d6b0   0x00000034   Code   RO         7532    i.rt_thread_idle_sethook  idle.o
    0x0800d6e4   0x0800d6e4   0x00000032   Code   RO         8180    i.rt_thread_init    thread.o
    0x0800d716   0x0800d716   0x0000000e   Code   RO         8181    i.rt_thread_mdelay  thread.o
    0x0800d724   0x0800d724   0x00000048   Code   RO         8182    i.rt_thread_resume  thread.o
    0x0800d76c   0x0800d76c   0x0000000c   Code   RO         8183    i.rt_thread_self    thread.o
    0x0800d778   0x0800d778   0x00000044   Code   RO         8184    i.rt_thread_sleep   thread.o
    0x0800d7bc   0x0800d7bc   0x0000002a   Code   RO         8185    i.rt_thread_startup  thread.o
    0x0800d7e6   0x0800d7e6   0x00000044   Code   RO         8186    i.rt_thread_suspend  thread.o
    0x0800d82a   0x0800d82a   0x00000028   Code   RO         8187    i.rt_thread_timeout  thread.o
    0x0800d852   0x0800d852   0x00000002   PAD
    0x0800d854   0x0800d854   0x0000006c   Code   RO         8188    i.rt_thread_yield   thread.o
    0x0800d8c0   0x0800d8c0   0x00000032   Code   RO         7416    i.rt_tick_from_millisecond  clock.o
    0x0800d8f2   0x0800d8f2   0x00000002   PAD
    0x0800d8f4   0x0800d8f4   0x0000000c   Code   RO         7417    i.rt_tick_get       clock.o
    0x0800d900   0x0800d900   0x0000002c   Code   RO         7418    i.rt_tick_increase  clock.o
    0x0800d92c   0x0800d92c   0x000000f4   Code   RO         8295    i.rt_timer_check    timer.o
    0x0800da20   0x0800da20   0x00000054   Code   RO         8296    i.rt_timer_control  timer.o
    0x0800da74   0x0800da74   0x00000046   Code   RO         8299    i.rt_timer_detach   timer.o
    0x0800daba   0x0800daba   0x0000002a   Code   RO         8300    i.rt_timer_init     timer.o
    0x0800dae4   0x0800dae4   0x000000d0   Code   RO         8303    i.rt_timer_start    timer.o
    0x0800dbb4   0x0800dbb4   0x00000052   Code   RO         8304    i.rt_timer_stop     timer.o
    0x0800dc06   0x0800dc06   0x00000002   PAD
    0x0800dc08   0x0800dc08   0x0000032c   Code   RO         7789    i.rt_vsnprintf      kservice.o
    0x0800df34   0x0800df34   0x00000004   Code   RO         7458    i.rti_board_end     components.o
    0x0800df38   0x0800df38   0x00000004   Code   RO         7459    i.rti_board_start   components.o
    0x0800df3c   0x0800df3c   0x00000004   Code   RO         7460    i.rti_end           components.o
    0x0800df40   0x0800df40   0x00000004   Code   RO         7461    i.rti_start         components.o
    0x0800df44   0x0800df44   0x0000002a   Code   RO         7462    i.rtthread_startup  components.o
    0x0800df6e   0x0800df6e   0x00000002   PAD
    0x0800df70   0x0800df70   0x00000018   Code   RO         7331    i.sensor_uart_rx_callback  thread_sensor.o
    0x0800df88   0x0800df88   0x00000038   Code   RO         8643    i.shell_auto_complete  shell.o
    0x0800dfc0   0x0800dfc0   0x00000030   Code   RO         8450    i.show_wait_queue   cmd.o
    0x0800dff0   0x0800dff0   0x000000a0   Code   RO         4982    i.stmflash_get_flash_sector  bsp_hal_flash.o
    0x0800e090   0x0800e090   0x00000006   Code   RO         4984    i.stmflash_read_word  bsp_hal_flash.o
    0x0800e096   0x0800e096   0x00000002   PAD
    0x0800e098   0x0800e098   0x000000d4   Code   RO         4985    i.stmflash_write    bsp_hal_flash.o
    0x0800e16c   0x0800e16c   0x0000001e   Code   RO         8564    i.str_common        msh.o
    0x0800e18a   0x0800e18a   0x00000002   PAD
    0x0800e18c   0x0800e18c   0x00000038   Code   RO         4251    i.uart_init         board.o
    0x0800e1c4   0x0800e1c4   0x000000dc   Code   RO         8387    i.usage_fault_track  cpuport.o
    0x0800e2a0   0x0800e2a0   0x00000180   Code   RO         6496    i.vApplicationIdleHook  thread_led.o
    0x0800e420   0x0800e420   0x0000000a   Code   RO         8451    i.version           cmd.o
    0x0800e42a   0x0800e42a   0x00000146   Code   RO         6014    i.xCreate           can_communication.o
    0x0800e570   0x0800e570   0x00000062   Code   RO         9143    x$fpl$d2f           fz_wm.l(d2f.o)
    0x0800e5d2   0x0800e5d2   0x0000009c   Code   RO         9314    x$fpl$dnaninf       fz_wm.l(dnaninf.o)
    0x0800e66e   0x0800e66e   0x0000000c   Code   RO         9316    x$fpl$dretinf       fz_wm.l(dretinf.o)
    0x0800e67a   0x0800e67a   0x00000002   PAD
    0x0800e67c   0x0800e67c   0x00000198   Code   RO         9318    x$fpl$dsqrt         fz_wm.l(dsqrt_umaal.o)
    0x0800e814   0x0800e814   0x00000056   Code   RO         9171    x$fpl$f2d           fz_wm.l(f2d.o)
    0x0800e86a   0x0800e86a   0x0000008c   Code   RO         9320    x$fpl$fnaninf       fz_wm.l(fnaninf.o)
    0x0800e8f6   0x0800e8f6   0x0000000a   Code   RO         9401    x$fpl$fpinit        fz_wm.l(fpinit.o)
    0x0800e900   0x0800e900   0x0000000a   Code   RO         9322    x$fpl$fretinf       fz_wm.l(fretinf.o)
    0x0800e90a   0x0800e90a   0x00000000   Code   RO         9324    x$fpl$usenofp       fz_wm.l(usenofp.o)
    0x0800e90a   0x0800e90a   0x00000008   Data   RO         1638    .constdata          stm32f4xx_hal_dma.o
    0x0800e912   0x0800e912   0x00000018   Data   RO         4210    .constdata          system_stm32f4xx.o
    0x0800e92a   0x0800e92a   0x00000380   Data   RO         4755    .constdata          bsp_hal_st7789.o
    0x0800ecaa   0x0800ecaa   0x00005114   Data   RO         4918    .constdata          bsp_lcd_font.o
    0x08013dbe   0x08013dbe   0x0000001e   Data   RO         5184    .constdata          rgb.o
    0x08013ddc   0x08013ddc   0x00000200   Data   RO         5277    .constdata          checkcalc.o
    0x08013fdc   0x08013fdc   0x0000000e   Data   RO         5673    .constdata          recognitionmodule.o
    0x08013fea   0x08013fea   0x0000000c   Data   RO         6459    .constdata          data.o
    0x08013ff6   0x08013ff6   0x00000002   PAD
    0x08013ff8   0x08013ff8   0x000000d6   Data   RO         6823    .constdata          thread_gui.o
    0x080140ce   0x080140ce   0x00000122   Data   RO         7792    .constdata          kservice.o
    0x080141f0   0x080141f0   0x00000044   Data   RO         8452    .conststring        cmd.o
    0x08014234   0x08014234   0x00000009   Data   RO         7946    .rodata.name        mem.o
    0x0801423d   0x0801423d   0x0000001e   Data   RO         7947    .rodata.name        mem.o
    0x0801425b   0x0801425b   0x00000006   Data   RO         8453    .rodata.name        cmd.o
    0x08014261   0x08014261   0x00000010   Data   RO         8454    .rodata.name        cmd.o
    0x08014271   0x08014271   0x00000008   Data   RO         8455    .rodata.name        cmd.o
    0x08014279   0x08014279   0x00000023   Data   RO         8456    .rodata.name        cmd.o
    0x0801429c   0x0801429c   0x0000000e   Data   RO         8457    .rodata.name        cmd.o
    0x080142aa   0x080142aa   0x00000023   Data   RO         8458    .rodata.name        cmd.o
    0x080142cd   0x080142cd   0x0000000c   Data   RO         8459    .rodata.name        cmd.o
    0x080142d9   0x080142d9   0x0000000c   Data   RO         8460    .rodata.name        cmd.o
    0x080142e5   0x080142e5   0x00000012   Data   RO         8461    .rodata.name        cmd.o
    0x080142f7   0x080142f7   0x0000000c   Data   RO         8462    .rodata.name        cmd.o
    0x08014303   0x08014303   0x00000009   Data   RO         8463    .rodata.name        cmd.o
    0x0801430c   0x0801430c   0x00000019   Data   RO         8464    .rodata.name        cmd.o
    0x08014325   0x08014325   0x0000000f   Data   RO         8465    .rodata.name        cmd.o
    0x08014334   0x08014334   0x00000019   Data   RO         8466    .rodata.name        cmd.o
    0x0801434d   0x0801434d   0x0000000b   Data   RO         8467    .rodata.name        cmd.o
    0x08014358   0x08014358   0x00000015   Data   RO         8468    .rodata.name        cmd.o
    0x0801436d   0x0801436d   0x00000011   Data   RO         8469    .rodata.name        cmd.o
    0x0801437e   0x0801437e   0x00000015   Data   RO         8470    .rodata.name        cmd.o
    0x08014393   0x08014393   0x0000000e   Data   RO         8471    .rodata.name        cmd.o
    0x080143a1   0x080143a1   0x0000001d   Data   RO         8472    .rodata.name        cmd.o
    0x080143be   0x080143be   0x00000014   Data   RO         8473    .rodata.name        cmd.o
    0x080143d2   0x080143d2   0x0000001d   Data   RO         8474    .rodata.name        cmd.o
    0x080143ef   0x080143ef   0x0000000b   Data   RO         8475    .rodata.name        cmd.o
    0x080143fa   0x080143fa   0x00000015   Data   RO         8476    .rodata.name        cmd.o
    0x0801440f   0x0801440f   0x00000011   Data   RO         8477    .rodata.name        cmd.o
    0x08014420   0x08014420   0x00000015   Data   RO         8478    .rodata.name        cmd.o
    0x08014435   0x08014435   0x00000005   Data   RO         8479    .rodata.name        cmd.o
    0x0801443a   0x0801443a   0x0000001a   Data   RO         8480    .rodata.name        cmd.o
    0x08014454   0x08014454   0x0000000b   Data   RO         8565    .rodata.name        msh.o
    0x0801445f   0x0801445f   0x00000016   Data   RO         8566    .rodata.name        msh.o
    0x08014475   0x08014475   0x00000009   Data   RO         8567    .rodata.name        msh.o
    0x0801447e   0x0801447e   0x0000001c   Data   RO         8568    .rodata.name        msh.o
    0x0801449a   0x0801449a   0x0000000b   Data   RO         8569    .rodata.name        msh.o
    0x080144a5   0x080144a5   0x00000025   Data   RO         8570    .rodata.name        msh.o
    0x080144ca   0x080144ca   0x00000002   PAD
    0x080144cc   0x080144cc   0x00000004   Data   RO         7463    .rti_fn.0           components.o
    0x080144d0   0x080144d0   0x00000004   Data   RO         7464    .rti_fn.0.end       components.o
    0x080144d4   0x080144d4   0x00000004   Data   RO         4253    .rti_fn.1           board.o
    0x080144d8   0x080144d8   0x00000004   Data   RO         4324    .rti_fn.1           bsp.o
    0x080144dc   0x080144dc   0x00000004   Data   RO         6461    .rti_fn.1           data.o
    0x080144e0   0x080144e0   0x00000004   Data   RO         7465    .rti_fn.1.end       components.o
    0x080144e4   0x080144e4   0x00000004   Data   RO         4325    .rti_fn.4           bsp.o
    0x080144e8   0x080144e8   0x00000004   Data   RO         6498    .rti_fn.6           thread_led.o
    0x080144ec   0x080144ec   0x00000004   Data   RO         6555    .rti_fn.6           thread_comm.o
    0x080144f0   0x080144f0   0x00000004   Data   RO         6825    .rti_fn.6           thread_gui.o
    0x080144f4   0x080144f4   0x00000004   Data   RO         7335    .rti_fn.6           thread_sensor.o
    0x080144f8   0x080144f8   0x00000004   Data   RO         8646    .rti_fn.6           shell.o
    0x080144fc   0x080144fc   0x00000004   Data   RO         7466    .rti_fn.6.end       components.o
    0x08014500   0x08014500   0x0000000c   Data   RO         7948    FSymTab             mem.o
    0x0801450c   0x0801450c   0x000000a8   Data   RO         8481    FSymTab             cmd.o
    0x080145b4   0x080145b4   0x00000024   Data   RO         8571    FSymTab             msh.o
    0x080145d8   0x080145d8   0x00000020   Data   RO         9490    Region$$Table       anon$$obj.o


    Execution Region RW_IRAM2 (Exec base: 0x10000000, Load base: 0x08014668, Size: 0x00000000, Max: 0x00010000, ABSOLUTE)

    **** No section assigned to this execution region ****


    Execution Region RW_IRAM1 (Exec base: 0x20000000, Load base: 0x080145f8, Size: 0x000044e0, Max: 0x00020000, ABSOLUTE, COMPRESSED[0x00000070])

    Exec Addr    Load Addr    Size         Type   Attr      Idx    E Section Name        Object

    0x20000000   COMPRESSED   0x00000004   Data   RW          334    .data               can.o
    0x20000004   COMPRESSED   0x00000009   Data   RW         2070    .data               stm32f4xx_hal.o
    0x2000000d   COMPRESSED   0x00000003   PAD
    0x20000010   COMPRESSED   0x00000004   Data   RW         4211    .data               system_stm32f4xx.o
    0x20000014   COMPRESSED   0x00000006   Data   RW         4323    .data               bsp.o
    0x2000001a   COMPRESSED   0x00000002   PAD
    0x2000001c   COMPRESSED   0x00000004   Data   RW         4436    .data               bsp_hal_gpio.o
    0x20000020   COMPRESSED   0x00000006   Data   RW         4756    .data               bsp_hal_st7789.o
    0x20000026   COMPRESSED   0x00000002   PAD
    0x20000028   COMPRESSED   0x00000010   Data   RW         4938    .data               bsp_hal_adc.o
    0x20000038   COMPRESSED   0x0000000c   Data   RW         5028    .data               bsp_hal_time.o
    0x20000044   COMPRESSED   0x00000004   Data   RW         5117    .data               separate_button.o
    0x20000048   COMPRESSED   0x00000002   Data   RW         5752    .data               hc_sr04.o
    0x2000004a   COMPRESSED   0x00000003   Data   RW         6015    .data               can_communication.o
    0x2000004d   COMPRESSED   0x00000003   PAD
    0x20000050   COMPRESSED   0x00000004   Data   RW         6166    .data               slave_dcmotorminiwatt.o
    0x20000054   COMPRESSED   0x00000004   Data   RW         6306    .data               slave_tracking.o
    0x20000058   COMPRESSED   0x00000004   Data   RW         6385    .data               slave_steeringengine_3ch.o
    0x2000005c   COMPRESSED   0x00000042   Data   RW         6460    .data               data.o
    0x2000009e   COMPRESSED   0x00000002   PAD
    0x200000a0   COMPRESSED   0x00000009   Data   RW         6497    .data               thread_led.o
    0x200000a9   COMPRESSED   0x00000003   PAD
    0x200000ac   COMPRESSED   0x0000001c   Data   RW         6554    .data               thread_comm.o
    0x200000c8   COMPRESSED   0x00000062   Data   RW         6824    .data               thread_gui.o
    0x2000012a   COMPRESSED   0x00000002   PAD
    0x2000012c   COMPRESSED   0x00000013   Data   RW         7334    .data               thread_sensor.o
    0x2000013f   COMPRESSED   0x00000001   PAD
    0x20000140   COMPRESSED   0x00000004   Data   RW         7420    .data               clock.o
    0x20000144   COMPRESSED   0x00000001   Data   RW         7740    .data               irq.o
    0x20000145   COMPRESSED   0x00000003   PAD
    0x20000148   COMPRESSED   0x00000018   Data   RW         7945    .data               mem.o
    0x20000160   COMPRESSED   0x00000050   Data   RW         8036    .data               object.o
    0x200001b0   COMPRESSED   0x00000014   Data   RW         8111    .data               scheduler.o
    0x200001c4   COMPRESSED   0x0000000c   Data   RW         8305    .data               timer.o
    0x200001d0   COMPRESSED   0x00000004   Data   RW         8388    .data               cpuport.o
    0x200001d4   COMPRESSED   0x00000004   Data   RW         8389    .data               cpuport.o
    0x200001d8   COMPRESSED   0x00000004   Data   RW         8390    .data               cpuport.o
    0x200001dc   COMPRESSED   0x00000004   Data   RW         8391    .data               cpuport.o
    0x200001e0   COMPRESSED   0x00000018   Data   RW         8645    .data               shell.o
    0x200001f8        -       0x000000a8   Zero   RW          290    .bss                adc.o
    0x200002a0        -       0x00000050   Zero   RW          333    .bss                can.o
    0x200002f0        -       0x00000058   Zero   RW          408    .bss                spi.o
    0x20000348        -       0x000001c8   Zero   RW          457    .bss                tim.o
    0x20000510        -       0x000005b8   Zero   RW          541    .bss                usart.o
    0x20000ac8        -       0x00000020   Zero   RW         1292    .bss                stm32f4xx_hal_flash.o
    0x20000ae8        -       0x00000044   Zero   RW         4252    .bss                board.o
    0x20000b2c        -       0x00000144   Zero   RW         4552    .bss                bsp_hal_can.o
    0x20000c70        -       0x000004c8   Zero   RW         4662    .bss                bsp_hal_uartdma.o
    0x20001138        -       0x00000200   Zero   RW         4754    .bss                bsp_hal_st7789.o
    0x20001338        -       0x00000140   Zero   RW         4937    .bss                bsp_hal_adc.o
    0x20001478        -       0x000016e0   Zero   RW         5183    .bss                rgb.o
    0x20002b58        -       0x00000130   Zero   RW         5751    .bss                hc_sr04.o
    0x20002c88        -       0x000003f0   Zero   RW         6107    .bss                can_communication_canconfig.o
    0x20003078        -       0x00000204   Zero   RW         6458    .bss                data.o
    0x2000327c        -       0x00000018   Zero   RW         6553    .bss                thread_comm.o
    0x20003294        -       0x0000027c   Zero   RW         6670    .bss                thread_rccu.o
    0x20003510        -       0x000000f0   Zero   RW         6822    .bss                thread_gui.o
    0x20003600        -       0x000004d4   Zero   RW         7333    .bss                thread_sensor.o
    0x20003ad4        -       0x00000188   Zero   RW         7533    .bss                idle.o
    0x20003c5c        -       0x00000080   Zero   RW         7791    .bss                kservice.o
    0x20003cdc        -       0x00000020   Zero   RW         7944    .bss                mem.o
    0x20003cfc        -       0x00000100   Zero   RW         8110    .bss                scheduler.o
    0x20003dfc        -       0x00000081   Zero   RW         8644    .bss                shell.o
    0x20003e7d   COMPRESSED   0x00000003   PAD
    0x20003e80        -       0x00000060   Zero   RW         9360    .bss                c_w.l(libspace.o)
    0x20003ee0        -       0x00000200   Zero   RW            2    HEAP                startup_stm32f407xx.o
    0x200040e0        -       0x00000400   Zero   RW            1    STACK               startup_stm32f407xx.o


==============================================================================

Image component sizes


      Code (inc. data)   RO Data    RW Data    ZI Data      Debug   Object Name

       308         32          0          0        168       1763   adc.o
       272         20          4          0         68       3302   board.o
       510         50          8          6          0      37345   bsp.o
       216         40          0         16        320       2403   bsp_hal_adc.o
       588         40          0          0        324       6748   bsp_hal_can.o
       378         52          0          0          0       2650   bsp_hal_flash.o
       380         88          0          4          0       8347   bsp_hal_gpio.o
      2678        138        896          6        512      15239   bsp_hal_st7789.o
       104         30          0         12          0       2201   bsp_hal_time.o
       172         20          0          0          0       1296   bsp_hal_time_cmpx_beep.o
        68         10          0          0          0       1951   bsp_hal_tm1652.o
       784        128          0          0       1224       6531   bsp_hal_uartdma.o
         0          0      20756          0          0        620   bsp_lcd_font.o
       508         44          0          4         80       2402   can.o
      2082         38          0          3          0       9085   can_communication.o
        82         12          0          0       1008       3661   can_communication_canconfig.o
        84          8        512          0          0       1869   checkcalc.o
       106         12          0          4          0       2012   clock.o
      2180        756        741          0          0      17623   cmd.o
       194         32         16          0          0       6596   components.o
       308         28          0          0          0        876   context_rvds.o
      1436        754          0         16          0       6946   cpuport.o
       340         30         16         66        516       4958   data.o
       280          6          0          0          0        878   dma.o
       270          0          0          0          0       3719   fifo.o
       588         26          0          0          0       1247   gpio.o
       820         46          0          2        304       7086   hc_sr04.o
       232         34          0          0        392       6343   idle.o
       348          0          0          0          0       7197   ipc.o
        56         12          0          1          0       1762   irq.o
      1662        172        290          0        128      10781   kservice.o
         0          0          0          0          0        696   location_tracker.o
       190          8          0          0          0     747958   main.o
       888        250         51         24         32       5867   mem.o
       862        160        154          0          0       9620   msh.o
       322          6          0         80          0       8472   object.o
         0          0          0          0          0        836   pid.o
       302         18         14          0          0       4497   recognitionmodule.o
       318         38         30          0       5856       4541   rgb.o
       448         58          0         20        256       8890   scheduler.o
       490         12          0          4          0       5376   separate_button.o
      1032        140          4         24        129      11836   shell.o
       550         16          0          4          0       8235   slave_dcmotorminiwatt.o
       648         10          0          4          0       7023   slave_steeringengine_3ch.o
       420         10          0          4          0       6388   slave_tracking.o
       204         24          0          0         88       1621   spi.o
        64         26        392          0       1536        828   startup_stm32f407xx.o
        60          6          0          9          0       6986   stm32f4xx_hal.o
      1458         66          0          0          0       6678   stm32f4xx_hal_adc.o
      2168          6          0          0          0      14740   stm32f4xx_hal_can.o
       304         22          0          0          0      34375   stm32f4xx_hal_cortex.o
      1442         16          8          0          0       7513   stm32f4xx_hal_dma.o
       652         64          0          0         32       5858   stm32f4xx_hal_flash.o
       432         26          0          0          0       3202   stm32f4xx_hal_flash_ex.o
       536         48          0          0          0       2695   stm32f4xx_hal_gpio.o
        72          4          0          0          0        834   stm32f4xx_hal_msp.o
      1820         84          0          0          0       5544   stm32f4xx_hal_rcc.o
       954         14          0          0          0       4290   stm32f4xx_hal_spi.o
      3308        160          0          0          0      19991   stm32f4xx_hal_tim.o
       714         60          0          0          0       5510   stm32f4xx_hal_tim_ex.o
      3340         38          0          0          0      18976   stm32f4xx_hal_uart.o
       658        134          0          0          0      15950   stm32f4xx_it.o
       212         28         24          4          0       1755   system_stm32f4xx.o
       812         38          0          0          0      13172   thread.o
      2334        274          4         28         24      11235   thread_comm.o
      4260        828        218         98        240      16954   thread_gui.o
       432         64          4          9          0       2092   thread_led.o
        40          8          0          0        636       4577   thread_rccu.o
      1022        242          4         19       1236       8152   thread_sensor.o
      1400        100          0          0        456       6124   tim.o
       796         24          0         12          0      11632   timer.o
      1968        176          0          0       1464       6057   usart.o

    ----------------------------------------------------------------------
     56044       5964      24182        504      17032    1253013   Object Totals
         0          0         32          0          0          0   (incl. Generated)
        78          0          4         21          3          0   (incl. Padding)

    ----------------------------------------------------------------------

      Code (inc. data)   RO Data    RW Data    ZI Data      Debug   Library Member Name

        90          0          0          0          0          0   __dczerorl2.o
         8          0          0          0          0         68   __main.o
         0          0          0          0          0          0   __rtentry.o
        12          0          0          0          0          0   __rtentry2.o
         6          0          0          0          0          0   __rtentry4.o
        52          8          0          0          0          0   __scatter.o
        28          0          0          0          0          0   __scatter_zi.o
        22          0          0          0          0        100   _rserrno.o
        10          0          0          0          0         68   defsig_exit.o
        50          0          0          0          0         88   defsig_general.o
        80         58          0          0          0         76   defsig_rtmem_inner.o
        14          0          0          0          0         80   defsig_rtmem_outer.o
        18          0          0          0          0         80   exit.o
        94          0          0          0          0         80   h1_alloc.o
        52          0          0          0          0         68   h1_extend.o
        78          0          0          0          0         80   h1_free.o
        14          0          0          0          0         84   h1_init.o
         6          0          0          0          0        152   heapauxi.o
         4          0          0          0          0        136   hguard.o
         0          0          0          0          0          0   indicate_semi.o
       138          0          0          0          0        168   init_alloc.o
         2          0          0          0          0          0   libinit.o
        14          0          0          0          0          0   libinit2.o
         2          0          0          0          0          0   libshutdown.o
         2          0          0          0          0          0   libshutdown2.o
         8          4          0          0         96         68   libspace.o
       238          0          0          0          0        100   lludivv7m.o
         0          0          0          0          0          0   maybetermalloc1.o
         8          4          0          0          0         68   rt_errno_addr_intlibspace.o
         8          4          0          0          0         68   rt_heap_descriptor_intlibspace.o
        68          0          0          0          0         68   rt_memclr.o
        78          0          0          0          0         80   rt_memclr_w.o
       138          0          0          0          0         68   rt_memcpy_v6.o
       100          0          0          0          0         80   rt_memcpy_w.o
       132          0          0          0          0         68   rt_memmove_v6.o
       122          0          0          0          0         80   rt_memmove_w.o
         2          0          0          0          0          0   rtexit.o
        10          0          0          0          0          0   rtexit2.o
        24          0          0          0          0         68   strcat.o
        62          0          0          0          0         76   strlen.o
       150          0          0          0          0         80   strncmp.o
        86          0          0          0          0         76   strncpy.o
        36          0          0          0          0         80   strstr.o
        12          4          0          0          0         68   sys_exit.o
        74          0          0          0          0         80   sys_stackheap_outer.o
        14          0          0          0          0         76   sys_wrch.o
         2          0          0          0          0         68   use_no_semi.o
        98          4          0          0          0        140   d2f.o
       156          4          0          0          0        140   dnaninf.o
        12          0          0          0          0        116   dretinf.o
       408         56          0          0          0        168   dsqrt_umaal.o
        86          4          0          0          0        132   f2d.o
       140          4          0          0          0        132   fnaninf.o
        10          0          0          0          0        116   fpinit.o
        10          0          0          0          0        116   fretinf.o
         0          0          0          0          0          0   usenofp.o
       122          0          0          0          0        148   sqrt.o

    ----------------------------------------------------------------------
      3222        154          0          0         96       3956   Library Totals
        12          0          0          0          0          0   (incl. Padding)

    ----------------------------------------------------------------------

      Code (inc. data)   RO Data    RW Data    ZI Data      Debug   Library Name

      2168         82          0          0         96       2748   c_w.l
       920         72          0          0          0       1060   fz_wm.l
       122          0          0          0          0        148   m_wm.l

    ----------------------------------------------------------------------
      3222        154          0          0         96       3956   Library Totals

    ----------------------------------------------------------------------

==============================================================================


      Code (inc. data)   RO Data    RW Data    ZI Data      Debug   

     59266       6118      24182        504      17128    1206109   Grand Totals
     59266       6118      24182        112      17128    1206109   ELF Image Totals (compressed)
     59266       6118      24182        112          0          0   ROM Totals

==============================================================================

    Total RO  Size (Code + RO Data)                83448 (  81.49kB)
    Total RW  Size (RW Data + ZI Data)             17632 (  17.22kB)
    Total ROM Size (Code + RO Data + RW Data)      83560 (  81.60kB)

==============================================================================

